Building Soldat...
Compiling...
[  3%] Building CXX object CMakeFiles/soldat_server.dir/src/BanSystem.cpp.o
[  6%] Building CXX object CMakeFiles/soldat_client.dir/src/BanSystem.cpp.o
In file included from /home/sblo/Dev/soldat-cpp/include/Server.h:23,
                 from /home/sblo/Dev/soldat-cpp/src/BanSystem.cpp:2:
/home/sblo/Dev/soldat-cpp/include/Command.h: In function 'void CommandExec(const std::vector<std::__cxx11::basic_string<char> >&, uint8_t)':
/home/sblo/Dev/soldat-cpp/include/Command.h:65:71: warning: unused parameter 'Sender' [-Wunused-parameter]
   65 | inline void CommandExec(const std::vector<std::string>& Args, uint8_t Sender = 255) {
      |                                                               ~~~~~~~~^~~~~~~~~~~~
/home/sblo/Dev/soldat-cpp/include/Command.h: In function 'void CommandToggle(const std::vector<std::__cxx11::basic_string<char> >&, uint8_t)':
/home/sblo/Dev/soldat-cpp/include/Command.h:73:73: warning: unused parameter 'Sender' [-Wunused-parameter]
   73 | inline void CommandToggle(const std::vector<std::string>& Args, uint8_t Sender) {
      |                                                                 ~~~~~~~~^~~~~~
/home/sblo/Dev/soldat-cpp/include/Command.h: In function 'void CommandAlias(const std::vector<std::__cxx11::basic_string<char> >&, uint8_t)':
/home/sblo/Dev/soldat-cpp/include/Command.h:92:72: warning: unused parameter 'Sender' [-Wunused-parameter]
   92 | inline void CommandAlias(const std::vector<std::string>& Args, uint8_t Sender) {
      |                                                                ~~~~~~~~^~~~~~
/home/sblo/Dev/soldat-cpp/include/Command.h: In function 'void CommandExecuteAlias(const std::vector<std::__cxx11::basic_string<char> >&, uint8_t)':
/home/sblo/Dev/soldat-cpp/include/Command.h:109:79: warning: unused parameter 'Sender' [-Wunused-parameter]
  109 | inline void CommandExecuteAlias(const std::vector<std::string>& Args, uint8_t Sender) {
      |                                                                       ~~~~~~~~^~~~~~
/home/sblo/Dev/soldat-cpp/include/Command.h: In function 'void CommandEcho(const std::vector<std::__cxx11::basic_string<char> >&, uint8_t)':
/home/sblo/Dev/soldat-cpp/include/Command.h:137:71: warning: unused parameter 'Sender' [-Wunused-parameter]
  137 | inline void CommandEcho(const std::vector<std::string>& Args, uint8_t Sender) {
      |                                                               ~~~~~~~~^~~~~~
/home/sblo/Dev/soldat-cpp/include/Command.h: In function 'void CommandReset(const std::vector<std::__cxx11::basic_string<char> >&, uint8_t)':
/home/sblo/Dev/soldat-cpp/include/Command.h:146:72: warning: unused parameter 'Sender' [-Wunused-parameter]
  146 | inline void CommandReset(const std::vector<std::string>& Args, uint8_t Sender) {
      |                                                                ~~~~~~~~^~~~~~
/home/sblo/Dev/soldat-cpp/include/Command.h: In function 'void CommandCmdlist(const std::vector<std::__cxx11::basic_string<char> >&, uint8_t)':
/home/sblo/Dev/soldat-cpp/include/Command.h:164:22: warning: unused variable 'pair' [-Wunused-variable]
  164 |     for (const auto& pair : Commands) {
      |                      ^~~~
/home/sblo/Dev/soldat-cpp/include/Command.h:163:60: warning: unused parameter 'Args' [-Wunused-parameter]
  163 | inline void CommandCmdlist(const std::vector<std::string>& Args, uint8_t Sender) {
      |                            ~~~~~~~~~~~~~~~~~~~~~~~~~~~~~~~~^~~~
/home/sblo/Dev/soldat-cpp/include/Command.h:163:74: warning: unused parameter 'Sender' [-Wunused-parameter]
  163 | inline void CommandCmdlist(const std::vector<std::string>& Args, uint8_t Sender) {
      |                                                                  ~~~~~~~~^~~~~~
/home/sblo/Dev/soldat-cpp/include/Command.h: In function 'void CommandCvarlist(const std::vector<std::__cxx11::basic_string<char> >&, uint8_t)':
/home/sblo/Dev/soldat-cpp/include/Command.h:169:61: warning: unused parameter 'Args' [-Wunused-parameter]
  169 | inline void CommandCvarlist(const std::vector<std::string>& Args, uint8_t Sender) {
      |                             ~~~~~~~~~~~~~~~~~~~~~~~~~~~~~~~~^~~~
/home/sblo/Dev/soldat-cpp/include/Command.h:169:75: warning: unused parameter 'Sender' [-Wunused-parameter]
  169 | inline void CommandCvarlist(const std::vector<std::string>& Args, uint8_t Sender) {
      |                                                                   ~~~~~~~~^~~~~~
/home/sblo/Dev/soldat-cpp/include/Command.h: In function 'void CommandInc(const std::vector<std::__cxx11::basic_string<char> >&, uint8_t)':
/home/sblo/Dev/soldat-cpp/include/Command.h:174:70: warning: unused parameter 'Sender' [-Wunused-parameter]
  174 | inline void CommandInc(const std::vector<std::string>& Args, uint8_t Sender) {
      |                                                              ~~~~~~~~^~~~~~
/home/sblo/Dev/soldat-cpp/include/Command.h: In function 'bool LoadConfig(const std::string&)':
/home/sblo/Dev/soldat-cpp/include/Command.h:279:43: warning: unused parameter 'ConfigName' [-Wunused-parameter]
  279 | inline bool LoadConfig(const std::string& ConfigName) {
      |                        ~~~~~~~~~~~~~~~~~~~^~~~~~~~~~
/home/sblo/Dev/soldat-cpp/include/Command.h: In function 'TCommandTargets CommandTarget(const std::string&, uint8_t)':
/home/sblo/Dev/soldat-cpp/include/Command.h:291:57: warning: unused parameter 'Target' [-Wunused-parameter]
  291 | inline TCommandTargets CommandTarget(const std::string& Target, uint8_t Sender) {
      |                                      ~~~~~~~~~~~~~~~~~~~^~~~~~
/home/sblo/Dev/soldat-cpp/include/Command.h:291:73: warning: unused parameter 'Sender' [-Wunused-parameter]
  291 | inline TCommandTargets CommandTarget(const std::string& Target, uint8_t Sender) {
      |                                                                 ~~~~~~~~^~~~~~
In file included from /home/sblo/Dev/soldat-cpp/include/Server.h:23,
                 from /home/sblo/Dev/soldat-cpp/src/BanSystem.cpp:2:
/home/sblo/Dev/soldat-cpp/include/Command.h: In function 'void CommandExec(const std::vector<std::__cxx11::basic_string<char> >&, uint8_t)':
/home/sblo/Dev/soldat-cpp/include/Command.h:65:71: warning: unused parameter 'Sender' [-Wunused-parameter]
   65 | inline void CommandExec(const std::vector<std::string>& Args, uint8_t Sender = 255) {
      |                                                               ~~~~~~~~^~~~~~~~~~~~
/home/sblo/Dev/soldat-cpp/include/Command.h: In function 'void CommandToggle(const std::vector<std::__cxx11::basic_string<char> >&, uint8_t)':
/home/sblo/Dev/soldat-cpp/include/Command.h:73:73: warning: unused parameter 'Sender' [-Wunused-parameter]
   73 | inline void CommandToggle(const std::vector<std::string>& Args, uint8_t Sender) {
      |                                                                 ~~~~~~~~^~~~~~
/home/sblo/Dev/soldat-cpp/include/Command.h: In function 'void CommandAlias(const std::vector<std::__cxx11::basic_string<char> >&, uint8_t)':
/home/sblo/Dev/soldat-cpp/include/Command.h:92:72: warning: unused parameter 'Sender' [-Wunused-parameter]
   92 | inline void CommandAlias(const std::vector<std::string>& Args, uint8_t Sender) {
      |                                                                ~~~~~~~~^~~~~~
/home/sblo/Dev/soldat-cpp/include/Command.h: In function 'void CommandExecuteAlias(const std::vector<std::__cxx11::basic_string<char> >&, uint8_t)':
/home/sblo/Dev/soldat-cpp/include/Command.h:109:79: warning: unused parameter 'Sender' [-Wunused-parameter]
  109 | inline void CommandExecuteAlias(const std::vector<std::string>& Args, uint8_t Sender) {
      |                                                                       ~~~~~~~~^~~~~~
/home/sblo/Dev/soldat-cpp/include/Command.h: In function 'void CommandEcho(const std::vector<std::__cxx11::basic_string<char> >&, uint8_t)':
/home/sblo/Dev/soldat-cpp/include/Command.h:137:71: warning: unused parameter 'Sender' [-Wunused-parameter]
  137 | inline void CommandEcho(const std::vector<std::string>& Args, uint8_t Sender) {
      |                                                               ~~~~~~~~^~~~~~
/home/sblo/Dev/soldat-cpp/include/Command.h: In function 'void CommandReset(const std::vector<std::__cxx11::basic_string<char> >&, uint8_t)':
/home/sblo/Dev/soldat-cpp/include/Command.h:146:72: warning: unused parameter 'Sender' [-Wunused-parameter]
  146 | inline void CommandReset(const std::vector<std::string>& Args, uint8_t Sender) {
      |                                                                ~~~~~~~~^~~~~~
In file included from /home/sblo/Dev/soldat-cpp/include/Net.h:20,
                 from /home/sblo/Dev/soldat-cpp/include/Server.h:24:
/home/sblo/Dev/soldat-cpp/include/Weapons.h: At global scope:
/home/sblo/Dev/soldat-cpp/include/Weapons.h:1488:20: error: 'TGun' has not been declared in 'WeaponsImpl'
 1488 | using WeaponsImpl::TGun;
      |                    ^~~~
/home/sblo/Dev/soldat-cpp/include/Weapons.h:1489:20: error: 'Guns' has not been declared in 'WeaponsImpl'
 1489 | using WeaponsImpl::Guns;
      |                    ^~~~
/home/sblo/Dev/soldat-cpp/include/Weapons.h:1490:20: error: 'DefaultGuns' has not been declared in 'WeaponsImpl'
 1490 | using WeaponsImpl::DefaultGuns;
      |                    ^~~~~~~~~~~
/home/sblo/Dev/soldat-cpp/include/Weapons.h:1491:20: error: 'DefaultWMChecksum' has not been declared in 'WeaponsImpl'
 1491 | using WeaponsImpl::DefaultWMChecksum;
      |                    ^~~~~~~~~~~~~~~~~
/home/sblo/Dev/soldat-cpp/include/Weapons.h:1492:20: error: 'LoadedWMChecksum' has not been declared in 'WeaponsImpl'
 1492 | using WeaponsImpl::LoadedWMChecksum;
      |                    ^~~~~~~~~~~~~~~~
/home/sblo/Dev/soldat-cpp/include/Weapons.h:1493:20: error: 'void WeaponsImpl::CreateWeapons(bool)' conflicts with a previous declaration
 1493 | using WeaponsImpl::CreateWeapons;
      |                    ^~~~~~~~~~~~~
/home/sblo/Dev/soldat-cpp/include/Weapons.h:162:6: note: previous declaration 'void CreateWeapons(bool)'
  162 | void CreateWeapons(bool RealisticMode);
      |      ^~~~~~~~~~~~~
/home/sblo/Dev/soldat-cpp/include/Weapons.h:1494:20: error: 'void WeaponsImpl::CreateDefaultWeapons(bool)' conflicts with a previous declaration
 1494 | using WeaponsImpl::CreateDefaultWeapons;
      |                    ^~~~~~~~~~~~~~~~~~~~
/home/sblo/Dev/soldat-cpp/include/Weapons.h:163:6: note: previous declaration 'void CreateDefaultWeapons(bool)'
  163 | void CreateDefaultWeapons(bool RealisticMode);
      |      ^~~~~~~~~~~~~~~~~~~~
/home/sblo/Dev/soldat-cpp/include/Weapons.h:1495:20: error: 'void WeaponsImpl::CreateWeaponsBase()' conflicts with a previous declaration
 1495 | using WeaponsImpl::CreateWeaponsBase;
      |                    ^~~~~~~~~~~~~~~~~
/home/sblo/Dev/soldat-cpp/include/Weapons.h:164:6: note: previous declaration 'void CreateWeaponsBase()'
  164 | void CreateWeaponsBase();
      |      ^~~~~~~~~~~~~~~~~
/home/sblo/Dev/soldat-cpp/include/Weapons.h:1496:20: error: 'void WeaponsImpl::CreateNormalWeapons()' conflicts with a previous declaration
 1496 | using WeaponsImpl::CreateNormalWeapons;
      |                    ^~~~~~~~~~~~~~~~~~~
/home/sblo/Dev/soldat-cpp/include/Weapons.h:165:6: note: previous declaration 'void CreateNormalWeapons()'
  165 | void CreateNormalWeapons();
      |      ^~~~~~~~~~~~~~~~~~~
/home/sblo/Dev/soldat-cpp/include/Weapons.h:1497:20: error: 'void WeaponsImpl::CreateRealisticWeapons()' conflicts with a previous declaration
 1497 | using WeaponsImpl::CreateRealisticWeapons;
      |                    ^~~~~~~~~~~~~~~~~~~~~~
/home/sblo/Dev/soldat-cpp/include/Weapons.h:166:6: note: previous declaration 'void CreateRealisticWeapons()'
  166 | void CreateRealisticWeapons();
      |      ^~~~~~~~~~~~~~~~~~~~~~
/home/sblo/Dev/soldat-cpp/include/Weapons.h:1498:20: error: 'void WeaponsImpl::BuildWeapons()' conflicts with a previous declaration
 1498 | using WeaponsImpl::BuildWeapons;
      |                    ^~~~~~~~~~~~
/home/sblo/Dev/soldat-cpp/include/Weapons.h:167:6: note: previous declaration 'void BuildWeapons()'
  167 | void BuildWeapons();
      |      ^~~~~~~~~~~~
/home/sblo/Dev/soldat-cpp/include/Weapons.h:1499:20: error: 'uint32_t WeaponsImpl::CreateWMChecksum()' conflicts with a previous declaration
 1499 | using WeaponsImpl::CreateWMChecksum;
      |                    ^~~~~~~~~~~~~~~~
/home/sblo/Dev/soldat-cpp/include/Weapons.h:168:10: note: previous declaration 'uint32_t CreateWMChecksum()'
  168 | uint32_t CreateWMChecksum();
      |          ^~~~~~~~~~~~~~~~
/home/sblo/Dev/soldat-cpp/include/Weapons.h:1500:20: error: 'int16_t WeaponsImpl::WeaponNumToIndex(uint8_t)' conflicts with a previous declaration
 1500 | using WeaponsImpl::WeaponNumToIndex;
      |                    ^~~~~~~~~~~~~~~~
/home/sblo/Dev/soldat-cpp/include/Weapons.h:169:9: note: previous declaration 'int16_t WeaponNumToIndex(uint8_t)'
  169 | int16_t WeaponNumToIndex(uint8_t Num);
      |         ^~~~~~~~~~~~~~~~
/home/sblo/Dev/soldat-cpp/include/Weapons.h:1501:20: error: 'int WeaponsImpl::WeaponNameToNum(const std::string&)' conflicts with a previous declaration
 1501 | using WeaponsImpl::WeaponNameToNum;
      |                    ^~~~~~~~~~~~~~~
/home/sblo/Dev/soldat-cpp/include/Weapons.h:170:5: note: previous declaration 'int WeaponNameToNum(const std::string&)'
  170 | int WeaponNameToNum(const std::string& Name);
      |     ^~~~~~~~~~~~~~~
/home/sblo/Dev/soldat-cpp/include/Command.h: In function 'void CommandCmdlist(const std::vector<std::__cxx11::basic_string<char> >&, uint8_t)':
/home/sblo/Dev/soldat-cpp/include/Command.h:164:22: warning: unused variable 'pair' [-Wunused-variable]
  164 |     for (const auto& pair : Commands) {
      |                      ^~~~
/home/sblo/Dev/soldat-cpp/include/Command.h:163:60: warning: unused parameter 'Args' [-Wunused-parameter]
  163 | inline void CommandCmdlist(const std::vector<std::string>& Args, uint8_t Sender) {
      |                            ~~~~~~~~~~~~~~~~~~~~~~~~~~~~~~~~^~~~
/home/sblo/Dev/soldat-cpp/include/Command.h:163:74: warning: unused parameter 'Sender' [-Wunused-parameter]
  163 | inline void CommandCmdlist(const std::vector<std::string>& Args, uint8_t Sender) {
      |                                                                  ~~~~~~~~^~~~~~
/home/sblo/Dev/soldat-cpp/include/Command.h: In function 'void CommandCvarlist(const std::vector<std::__cxx11::basic_string<char> >&, uint8_t)':
/home/sblo/Dev/soldat-cpp/include/Command.h:169:61: warning: unused parameter 'Args' [-Wunused-parameter]
  169 | inline void CommandCvarlist(const std::vector<std::string>& Args, uint8_t Sender) {
      |                             ~~~~~~~~~~~~~~~~~~~~~~~~~~~~~~~~^~~~
/home/sblo/Dev/soldat-cpp/include/Command.h:169:75: warning: unused parameter 'Sender' [-Wunused-parameter]
  169 | inline void CommandCvarlist(const std::vector<std::string>& Args, uint8_t Sender) {
      |                                                                   ~~~~~~~~^~~~~~
/home/sblo/Dev/soldat-cpp/include/Command.h: In function 'void CommandInc(const std::vector<std::__cxx11::basic_string<char> >&, uint8_t)':
/home/sblo/Dev/soldat-cpp/include/Command.h:174:70: warning: unused parameter 'Sender' [-Wunused-parameter]
  174 | inline void CommandInc(const std::vector<std::string>& Args, uint8_t Sender) {
      |                                                              ~~~~~~~~^~~~~~
/home/sblo/Dev/soldat-cpp/include/Command.h: In function 'bool LoadConfig(const std::string&)':
/home/sblo/Dev/soldat-cpp/include/Command.h:279:43: warning: unused parameter 'ConfigName' [-Wunused-parameter]
  279 | inline bool LoadConfig(const std::string& ConfigName) {
      |                        ~~~~~~~~~~~~~~~~~~~^~~~~~~~~~
/home/sblo/Dev/soldat-cpp/include/Command.h: In function 'TCommandTargets CommandTarget(const std::string&, uint8_t)':
/home/sblo/Dev/soldat-cpp/include/Command.h:291:57: warning: unused parameter 'Target' [-Wunused-parameter]
  291 | inline TCommandTargets CommandTarget(const std::string& Target, uint8_t Sender) {
      |                                      ~~~~~~~~~~~~~~~~~~~^~~~~~
/home/sblo/Dev/soldat-cpp/include/Command.h:291:73: warning: unused parameter 'Sender' [-Wunused-parameter]
  291 | inline TCommandTargets CommandTarget(const std::string& Target, uint8_t Sender) {
      |                                                                 ~~~~~~~~^~~~~~
In file included from /home/sblo/Dev/soldat-cpp/include/Net.h:20,
                 from /home/sblo/Dev/soldat-cpp/include/Server.h:24:
/home/sblo/Dev/soldat-cpp/include/Weapons.h: At global scope:
/home/sblo/Dev/soldat-cpp/include/Weapons.h:1488:20: error: 'TGun' has not been declared in 'WeaponsImpl'
 1488 | using WeaponsImpl::TGun;
      |                    ^~~~
/home/sblo/Dev/soldat-cpp/include/Weapons.h:1489:20: error: 'Guns' has not been declared in 'WeaponsImpl'
 1489 | using WeaponsImpl::Guns;
      |                    ^~~~
/home/sblo/Dev/soldat-cpp/include/Weapons.h:1490:20: error: 'DefaultGuns' has not been declared in 'WeaponsImpl'
 1490 | using WeaponsImpl::DefaultGuns;
      |                    ^~~~~~~~~~~
/home/sblo/Dev/soldat-cpp/include/Weapons.h:1491:20: error: 'DefaultWMChecksum' has not been declared in 'WeaponsImpl'
 1491 | using WeaponsImpl::DefaultWMChecksum;
      |                    ^~~~~~~~~~~~~~~~~
/home/sblo/Dev/soldat-cpp/include/Weapons.h:1492:20: error: 'LoadedWMChecksum' has not been declared in 'WeaponsImpl'
 1492 | using WeaponsImpl::LoadedWMChecksum;
      |                    ^~~~~~~~~~~~~~~~
/home/sblo/Dev/soldat-cpp/include/Weapons.h:1493:20: error: 'void WeaponsImpl::CreateWeapons(bool)' conflicts with a previous declaration
 1493 | using WeaponsImpl::CreateWeapons;
      |                    ^~~~~~~~~~~~~
/home/sblo/Dev/soldat-cpp/include/Weapons.h:162:6: note: previous declaration 'void CreateWeapons(bool)'
  162 | void CreateWeapons(bool RealisticMode);
      |      ^~~~~~~~~~~~~
/home/sblo/Dev/soldat-cpp/include/Weapons.h:1494:20: error: 'void WeaponsImpl::CreateDefaultWeapons(bool)' conflicts with a previous declaration
 1494 | using WeaponsImpl::CreateDefaultWeapons;
      |                    ^~~~~~~~~~~~~~~~~~~~
/home/sblo/Dev/soldat-cpp/include/Weapons.h:163:6: note: previous declaration 'void CreateDefaultWeapons(bool)'
  163 | void CreateDefaultWeapons(bool RealisticMode);
      |      ^~~~~~~~~~~~~~~~~~~~
/home/sblo/Dev/soldat-cpp/include/Weapons.h:1495:20: error: 'void WeaponsImpl::CreateWeaponsBase()' conflicts with a previous declaration
 1495 | using WeaponsImpl::CreateWeaponsBase;
      |                    ^~~~~~~~~~~~~~~~~
/home/sblo/Dev/soldat-cpp/include/Weapons.h:164:6: note: previous declaration 'void CreateWeaponsBase()'
  164 | void CreateWeaponsBase();
      |      ^~~~~~~~~~~~~~~~~
/home/sblo/Dev/soldat-cpp/include/Weapons.h:1496:20: error: 'void WeaponsImpl::CreateNormalWeapons()' conflicts with a previous declaration
 1496 | using WeaponsImpl::CreateNormalWeapons;
      |                    ^~~~~~~~~~~~~~~~~~~
/home/sblo/Dev/soldat-cpp/include/Weapons.h:165:6: note: previous declaration 'void CreateNormalWeapons()'
  165 | void CreateNormalWeapons();
      |      ^~~~~~~~~~~~~~~~~~~
/home/sblo/Dev/soldat-cpp/include/Weapons.h:1497:20: error: 'void WeaponsImpl::CreateRealisticWeapons()' conflicts with a previous declaration
 1497 | using WeaponsImpl::CreateRealisticWeapons;
      |                    ^~~~~~~~~~~~~~~~~~~~~~
/home/sblo/Dev/soldat-cpp/include/Weapons.h:166:6: note: previous declaration 'void CreateRealisticWeapons()'
  166 | void CreateRealisticWeapons();
      |      ^~~~~~~~~~~~~~~~~~~~~~
/home/sblo/Dev/soldat-cpp/include/Weapons.h:1498:20: error: 'void WeaponsImpl::BuildWeapons()' conflicts with a previous declaration
 1498 | using WeaponsImpl::BuildWeapons;
      |                    ^~~~~~~~~~~~
/home/sblo/Dev/soldat-cpp/include/Weapons.h:167:6: note: previous declaration 'void BuildWeapons()'
  167 | void BuildWeapons();
      |      ^~~~~~~~~~~~
/home/sblo/Dev/soldat-cpp/include/Weapons.h:1499:20: error: 'uint32_t WeaponsImpl::CreateWMChecksum()' conflicts with a previous declaration
 1499 | using WeaponsImpl::CreateWMChecksum;
      |                    ^~~~~~~~~~~~~~~~
/home/sblo/Dev/soldat-cpp/include/Weapons.h:168:10: note: previous declaration 'uint32_t CreateWMChecksum()'
  168 | uint32_t CreateWMChecksum();
      |          ^~~~~~~~~~~~~~~~
/home/sblo/Dev/soldat-cpp/include/Weapons.h:1500:20: error: 'int16_t WeaponsImpl::WeaponNumToIndex(uint8_t)' conflicts with a previous declaration
 1500 | using WeaponsImpl::WeaponNumToIndex;
      |                    ^~~~~~~~~~~~~~~~
/home/sblo/Dev/soldat-cpp/include/Weapons.h:169:9: note: previous declaration 'int16_t WeaponNumToIndex(uint8_t)'
  169 | int16_t WeaponNumToIndex(uint8_t Num);
      |         ^~~~~~~~~~~~~~~~
/home/sblo/Dev/soldat-cpp/include/Weapons.h:1501:20: error: 'int WeaponsImpl::WeaponNameToNum(const std::string&)' conflicts with a previous declaration
 1501 | using WeaponsImpl::WeaponNameToNum;
      |                    ^~~~~~~~~~~~~~~
/home/sblo/Dev/soldat-cpp/include/Weapons.h:170:5: note: previous declaration 'int WeaponNameToNum(const std::string&)'
  170 | int WeaponNameToNum(const std::string& Name);
      |     ^~~~~~~~~~~~~~~
In file included from /home/sblo/Dev/soldat-cpp/include/Game.h:15,
                 from /home/sblo/Dev/soldat-cpp/include/Server.h:28:
/home/sblo/Dev/soldat-cpp/include/Parts.h: In member function 'void TParticleSystem::Clone(const TParticleSystem&)':
/home/sblo/Dev/soldat-cpp/include/Parts.h:230:15: warning: comparison of integer expressions of different signedness: 'int' and 'std::vector<bool>::size_type' {aka 'unsigned int'} [-Wsign-compare]
  230 |         if (i < Other.Active.size()) {
      |             ~~^~~~~~~~~~~~~~~~~~~~~
/home/sblo/Dev/soldat-cpp/include/Parts.h:235:15: warning: comparison of integer expressions of different signedness: 'int' and 'std::vector<TVector2>::size_type' {aka 'unsigned int'} [-Wsign-compare]
  235 |         if (i < Other.Pos.size()) {
      |             ~~^~~~~~~~~~~~~~~~~~
/home/sblo/Dev/soldat-cpp/include/Parts.h:240:15: warning: comparison of integer expressions of different signedness: 'int' and 'std::vector<TVector2>::size_type' {aka 'unsigned int'} [-Wsign-compare]
  240 |         if (i < Other.Velocity.size()) {
      |             ~~^~~~~~~~~~~~~~~~~~~~~~~
/home/sblo/Dev/soldat-cpp/include/Parts.h:245:15: warning: comparison of integer expressions of different signedness: 'int' and 'std::vector<TVector2>::size_type' {aka 'unsigned int'} [-Wsign-compare]
  245 |         if (i < Other.OldPos.size()) {
      |             ~~^~~~~~~~~~~~~~~~~~~~~
/home/sblo/Dev/soldat-cpp/include/Parts.h:250:15: warning: comparison of integer expressions of different signedness: 'int' and 'std::vector<float>::size_type' {aka 'unsigned int'} [-Wsign-compare]
  250 |         if (i < Other.OneOverMass.size()) {
      |             ~~^~~~~~~~~~~~~~~~~~~~~~~~~~
/home/sblo/Dev/soldat-cpp/include/Parts.h:256:15: warning: comparison of integer expressions of different signedness: 'int' and 'std::vector<TConstraint>::size_type' {aka 'unsigned int'} [-Wsign-compare]
  256 |         if (i < Other.Constraints.size()) {
      |             ~~^~~~~~~~~~~~~~~~~~~~~~~~~~
/home/sblo/Dev/soldat-cpp/include/Parts.h: In member function 'void TParticleSystem::LoadPOObject(const std::string&, float)':
/home/sblo/Dev/soldat-cpp/include/Parts.h:267:55: warning: unused parameter 'Filename' [-Wunused-parameter]
  267 | void TParticleSystem::LoadPOObject(const std::string& Filename, float Scale) {
      |                                    ~~~~~~~~~~~~~~~~~~~^~~~~~~~
/home/sblo/Dev/soldat-cpp/include/Parts.h:267:71: warning: unused parameter 'Scale' [-Wunused-parameter]
  267 | void TParticleSystem::LoadPOObject(const std::string& Filename, float Scale) {
      |                                                                 ~~~~~~^~~~~
In file included from /home/sblo/Dev/soldat-cpp/include/Game.h:20:
/home/sblo/Dev/soldat-cpp/include/Anims.h: In member function 'void TAnimation::LoadFromFile(const std::string&)':
/home/sblo/Dev/soldat-cpp/include/Anims.h:58:42: warning: unused parameter 'Filename' [-Wunused-parameter]
   58 |     void LoadFromFile(const std::string& Filename) {
      |                       ~~~~~~~~~~~~~~~~~~~^~~~~~~~
/home/sblo/Dev/soldat-cpp/include/Anims.h: In function 'void LoadAnimObjects(const std::string&)':
/home/sblo/Dev/soldat-cpp/include/Anims.h:94:41: warning: unused parameter 'ModDir' [-Wunused-parameter]
   94 | void LoadAnimObjects(const std::string& ModDir) {
      |                      ~~~~~~~~~~~~~~~~~~~^~~~~~
In file included from /home/sblo/Dev/soldat-cpp/include/Game.h:15,
                 from /home/sblo/Dev/soldat-cpp/include/Server.h:28:
/home/sblo/Dev/soldat-cpp/include/Parts.h: In member function 'void TParticleSystem::Clone(const TParticleSystem&)':
/home/sblo/Dev/soldat-cpp/include/Parts.h:230:15: warning: comparison of integer expressions of different signedness: 'int' and 'std::vector<bool>::size_type' {aka 'unsigned int'} [-Wsign-compare]
  230 |         if (i < Other.Active.size()) {
      |             ~~^~~~~~~~~~~~~~~~~~~~~
/home/sblo/Dev/soldat-cpp/include/Parts.h:235:15: warning: comparison of integer expressions of different signedness: 'int' and 'std::vector<TVector2>::size_type' {aka 'unsigned int'} [-Wsign-compare]
  235 |         if (i < Other.Pos.size()) {
      |             ~~^~~~~~~~~~~~~~~~~~
/home/sblo/Dev/soldat-cpp/include/Parts.h:240:15: warning: comparison of integer expressions of different signedness: 'int' and 'std::vector<TVector2>::size_type' {aka 'unsigned int'} [-Wsign-compare]
  240 |         if (i < Other.Velocity.size()) {
      |             ~~^~~~~~~~~~~~~~~~~~~~~~~
/home/sblo/Dev/soldat-cpp/include/Parts.h:245:15: warning: comparison of integer expressions of different signedness: 'int' and 'std::vector<TVector2>::size_type' {aka 'unsigned int'} [-Wsign-compare]
  245 |         if (i < Other.OldPos.size()) {
      |             ~~^~~~~~~~~~~~~~~~~~~~~
/home/sblo/Dev/soldat-cpp/include/Parts.h:250:15: warning: comparison of integer expressions of different signedness: 'int' and 'std::vector<float>::size_type' {aka 'unsigned int'} [-Wsign-compare]
  250 |         if (i < Other.OneOverMass.size()) {
      |             ~~^~~~~~~~~~~~~~~~~~~~~~~~~~
/home/sblo/Dev/soldat-cpp/include/Parts.h:256:15: warning: comparison of integer expressions of different signedness: 'int' and 'std::vector<TConstraint>::size_type' {aka 'unsigned int'} [-Wsign-compare]
  256 |         if (i < Other.Constraints.size()) {
      |             ~~^~~~~~~~~~~~~~~~~~~~~~~~~~
/home/sblo/Dev/soldat-cpp/include/Parts.h: In member function 'void TParticleSystem::LoadPOObject(const std::string&, float)':
/home/sblo/Dev/soldat-cpp/include/Parts.h:267:55: warning: unused parameter 'Filename' [-Wunused-parameter]
  267 | void TParticleSystem::LoadPOObject(const std::string& Filename, float Scale) {
      |                                    ~~~~~~~~~~~~~~~~~~~^~~~~~~~
/home/sblo/Dev/soldat-cpp/include/Parts.h:267:71: warning: unused parameter 'Scale' [-Wunused-parameter]
  267 | void TParticleSystem::LoadPOObject(const std::string& Filename, float Scale) {
      |                                                                 ~~~~~~^~~~~
In file included from /home/sblo/Dev/soldat-cpp/include/Game.h:20:
/home/sblo/Dev/soldat-cpp/include/Anims.h: In member function 'void TAnimation::LoadFromFile(const std::string&)':
/home/sblo/Dev/soldat-cpp/include/Anims.h:58:42: warning: unused parameter 'Filename' [-Wunused-parameter]
   58 |     void LoadFromFile(const std::string& Filename) {
      |                       ~~~~~~~~~~~~~~~~~~~^~~~~~~~
/home/sblo/Dev/soldat-cpp/include/Anims.h: In function 'void LoadAnimObjects(const std::string&)':
/home/sblo/Dev/soldat-cpp/include/Anims.h:94:41: warning: unused parameter 'ModDir' [-Wunused-parameter]
   94 | void LoadAnimObjects(const std::string& ModDir) {
      |                      ~~~~~~~~~~~~~~~~~~~^~~~~~
make[2]: *** [CMakeFiles/soldat_client.dir/build.make:79: CMakeFiles/soldat_client.dir/src/BanSystem.cpp.o] Error 1
make[1]: *** [CMakeFiles/Makefile2:156: CMakeFiles/soldat_client.dir/all] Error 2
make[1]: *** Waiting for unfinished jobs....
[ 10%] Building CXX object CMakeFiles/soldat_server.dir/src/Client.cpp.o
make[2]: *** [CMakeFiles/soldat_server.dir/build.make:79: CMakeFiles/soldat_server.dir/src/BanSystem.cpp.o] Error 1
make[2]: *** Waiting for unfinished jobs....
In file included from /home/sblo/Dev/soldat-cpp/include/Client.h:21,
                 from /home/sblo/Dev/soldat-cpp/src/Client.cpp:1:
/home/sblo/Dev/soldat-cpp/include/Weapons.h:1488:20: error: 'TGun' has not been declared in 'WeaponsImpl'
 1488 | using WeaponsImpl::TGun;
      |                    ^~~~
/home/sblo/Dev/soldat-cpp/include/Weapons.h:1489:20: error: 'Guns' has not been declared in 'WeaponsImpl'
 1489 | using WeaponsImpl::Guns;
      |                    ^~~~
/home/sblo/Dev/soldat-cpp/include/Weapons.h:1490:20: error: 'DefaultGuns' has not been declared in 'WeaponsImpl'
 1490 | using WeaponsImpl::DefaultGuns;
      |                    ^~~~~~~~~~~
/home/sblo/Dev/soldat-cpp/include/Weapons.h:1491:20: error: 'DefaultWMChecksum' has not been declared in 'WeaponsImpl'
 1491 | using WeaponsImpl::DefaultWMChecksum;
      |                    ^~~~~~~~~~~~~~~~~
/home/sblo/Dev/soldat-cpp/include/Weapons.h:1492:20: error: 'LoadedWMChecksum' has not been declared in 'WeaponsImpl'
 1492 | using WeaponsImpl::LoadedWMChecksum;
      |                    ^~~~~~~~~~~~~~~~
/home/sblo/Dev/soldat-cpp/include/Weapons.h:1493:20: error: 'void WeaponsImpl::CreateWeapons(bool)' conflicts with a previous declaration
 1493 | using WeaponsImpl::CreateWeapons;
      |                    ^~~~~~~~~~~~~
/home/sblo/Dev/soldat-cpp/include/Weapons.h:162:6: note: previous declaration 'void CreateWeapons(bool)'
  162 | void CreateWeapons(bool RealisticMode);
      |      ^~~~~~~~~~~~~
/home/sblo/Dev/soldat-cpp/include/Weapons.h:1494:20: error: 'void WeaponsImpl::CreateDefaultWeapons(bool)' conflicts with a previous declaration
 1494 | using WeaponsImpl::CreateDefaultWeapons;
      |                    ^~~~~~~~~~~~~~~~~~~~
/home/sblo/Dev/soldat-cpp/include/Weapons.h:163:6: note: previous declaration 'void CreateDefaultWeapons(bool)'
  163 | void CreateDefaultWeapons(bool RealisticMode);
      |      ^~~~~~~~~~~~~~~~~~~~
/home/sblo/Dev/soldat-cpp/include/Weapons.h:1495:20: error: 'void WeaponsImpl::CreateWeaponsBase()' conflicts with a previous declaration
 1495 | using WeaponsImpl::CreateWeaponsBase;
      |                    ^~~~~~~~~~~~~~~~~
/home/sblo/Dev/soldat-cpp/include/Weapons.h:164:6: note: previous declaration 'void CreateWeaponsBase()'
  164 | void CreateWeaponsBase();
      |      ^~~~~~~~~~~~~~~~~
/home/sblo/Dev/soldat-cpp/include/Weapons.h:1496:20: error: 'void WeaponsImpl::CreateNormalWeapons()' conflicts with a previous declaration
 1496 | using WeaponsImpl::CreateNormalWeapons;
      |                    ^~~~~~~~~~~~~~~~~~~
/home/sblo/Dev/soldat-cpp/include/Weapons.h:165:6: note: previous declaration 'void CreateNormalWeapons()'
  165 | void CreateNormalWeapons();
      |      ^~~~~~~~~~~~~~~~~~~
/home/sblo/Dev/soldat-cpp/include/Weapons.h:1497:20: error: 'void WeaponsImpl::CreateRealisticWeapons()' conflicts with a previous declaration
 1497 | using WeaponsImpl::CreateRealisticWeapons;
      |                    ^~~~~~~~~~~~~~~~~~~~~~
/home/sblo/Dev/soldat-cpp/include/Weapons.h:166:6: note: previous declaration 'void CreateRealisticWeapons()'
  166 | void CreateRealisticWeapons();
      |      ^~~~~~~~~~~~~~~~~~~~~~
/home/sblo/Dev/soldat-cpp/include/Weapons.h:1498:20: error: 'void WeaponsImpl::BuildWeapons()' conflicts with a previous declaration
 1498 | using WeaponsImpl::BuildWeapons;
      |                    ^~~~~~~~~~~~
/home/sblo/Dev/soldat-cpp/include/Weapons.h:167:6: note: previous declaration 'void BuildWeapons()'
  167 | void BuildWeapons();
      |      ^~~~~~~~~~~~
/home/sblo/Dev/soldat-cpp/include/Weapons.h:1499:20: error: 'uint32_t WeaponsImpl::CreateWMChecksum()' conflicts with a previous declaration
 1499 | using WeaponsImpl::CreateWMChecksum;
      |                    ^~~~~~~~~~~~~~~~
/home/sblo/Dev/soldat-cpp/include/Weapons.h:168:10: note: previous declaration 'uint32_t CreateWMChecksum()'
  168 | uint32_t CreateWMChecksum();
      |          ^~~~~~~~~~~~~~~~
/home/sblo/Dev/soldat-cpp/include/Weapons.h:1500:20: error: 'int16_t WeaponsImpl::WeaponNumToIndex(uint8_t)' conflicts with a previous declaration
 1500 | using WeaponsImpl::WeaponNumToIndex;
      |                    ^~~~~~~~~~~~~~~~
/home/sblo/Dev/soldat-cpp/include/Weapons.h:169:9: note: previous declaration 'int16_t WeaponNumToIndex(uint8_t)'
  169 | int16_t WeaponNumToIndex(uint8_t Num);
      |         ^~~~~~~~~~~~~~~~
/home/sblo/Dev/soldat-cpp/include/Weapons.h:1501:20: error: 'int WeaponsImpl::WeaponNameToNum(const std::string&)' conflicts with a previous declaration
 1501 | using WeaponsImpl::WeaponNameToNum;
      |                    ^~~~~~~~~~~~~~~
/home/sblo/Dev/soldat-cpp/include/Weapons.h:170:5: note: previous declaration 'int WeaponNameToNum(const std::string&)'
  170 | int WeaponNameToNum(const std::string& Name);
      |     ^~~~~~~~~~~~~~~
In file included from /home/sblo/Dev/soldat-cpp/include/Game.h:15,
                 from /home/sblo/Dev/soldat-cpp/include/Client.h:22:
/home/sblo/Dev/soldat-cpp/include/Parts.h: In member function 'void TParticleSystem::Clone(const TParticleSystem&)':
/home/sblo/Dev/soldat-cpp/include/Parts.h:230:15: warning: comparison of integer expressions of different signedness: 'int' and 'std::vector<bool>::size_type' {aka 'unsigned int'} [-Wsign-compare]
  230 |         if (i < Other.Active.size()) {
      |             ~~^~~~~~~~~~~~~~~~~~~~~
/home/sblo/Dev/soldat-cpp/include/Parts.h:235:15: warning: comparison of integer expressions of different signedness: 'int' and 'std::vector<TVector2>::size_type' {aka 'unsigned int'} [-Wsign-compare]
  235 |         if (i < Other.Pos.size()) {
      |             ~~^~~~~~~~~~~~~~~~~~
/home/sblo/Dev/soldat-cpp/include/Parts.h:240:15: warning: comparison of integer expressions of different signedness: 'int' and 'std::vector<TVector2>::size_type' {aka 'unsigned int'} [-Wsign-compare]
  240 |         if (i < Other.Velocity.size()) {
      |             ~~^~~~~~~~~~~~~~~~~~~~~~~
/home/sblo/Dev/soldat-cpp/include/Parts.h:245:15: warning: comparison of integer expressions of different signedness: 'int' and 'std::vector<TVector2>::size_type' {aka 'unsigned int'} [-Wsign-compare]
  245 |         if (i < Other.OldPos.size()) {
      |             ~~^~~~~~~~~~~~~~~~~~~~~
/home/sblo/Dev/soldat-cpp/include/Parts.h:250:15: warning: comparison of integer expressions of different signedness: 'int' and 'std::vector<float>::size_type' {aka 'unsigned int'} [-Wsign-compare]
  250 |         if (i < Other.OneOverMass.size()) {
      |             ~~^~~~~~~~~~~~~~~~~~~~~~~~~~
/home/sblo/Dev/soldat-cpp/include/Parts.h:256:15: warning: comparison of integer expressions of different signedness: 'int' and 'std::vector<TConstraint>::size_type' {aka 'unsigned int'} [-Wsign-compare]
  256 |         if (i < Other.Constraints.size()) {
      |             ~~^~~~~~~~~~~~~~~~~~~~~~~~~~
/home/sblo/Dev/soldat-cpp/include/Parts.h: In member function 'void TParticleSystem::LoadPOObject(const std::string&, float)':
/home/sblo/Dev/soldat-cpp/include/Parts.h:267:55: warning: unused parameter 'Filename' [-Wunused-parameter]
  267 | void TParticleSystem::LoadPOObject(const std::string& Filename, float Scale) {
      |                                    ~~~~~~~~~~~~~~~~~~~^~~~~~~~
/home/sblo/Dev/soldat-cpp/include/Parts.h:267:71: warning: unused parameter 'Scale' [-Wunused-parameter]
  267 | void TParticleSystem::LoadPOObject(const std::string& Filename, float Scale) {
      |                                                                 ~~~~~~^~~~~
In file included from /home/sblo/Dev/soldat-cpp/include/Game.h:16:
/home/sblo/Dev/soldat-cpp/include/Sprites.h: In member function 'bool TSprite::IsNotSpectator() const':
/home/sblo/Dev/soldat-cpp/include/Sprites.h:455:32: error: invalid use of incomplete type 'class TPlayer'
  455 |         return Player && Player->Team != TEAM_SPECTATOR;
      |                                ^~
/home/sblo/Dev/soldat-cpp/include/Sprites.h:430:11: note: forward declaration of 'class TPlayer'
  430 |     class TPlayer* Player;
      |           ^~~~~~~
/home/sblo/Dev/soldat-cpp/include/Sprites.h: In member function 'bool TSprite::IsSpectator() const':
/home/sblo/Dev/soldat-cpp/include/Sprites.h:460:32: error: invalid use of incomplete type 'class TPlayer'
  460 |         return Player && Player->Team == TEAM_SPECTATOR;
      |                                ^~
/home/sblo/Dev/soldat-cpp/include/Sprites.h:430:11: note: forward declaration of 'class TPlayer'
  430 |     class TPlayer* Player;
      |           ^~~~~~~
/home/sblo/Dev/soldat-cpp/include/Sprites.h: In member function 'bool TSprite::IsNotSolo() const':
/home/sblo/Dev/soldat-cpp/include/Sprites.h:465:32: error: invalid use of incomplete type 'class TPlayer'
  465 |         return Player && Player->Team != TEAM_SPECTATOR && Player->Team != TEAM_NONE;
      |                                ^~
/home/sblo/Dev/soldat-cpp/include/Sprites.h:430:11: note: forward declaration of 'class TPlayer'
  430 |     class TPlayer* Player;
      |           ^~~~~~~
/home/sblo/Dev/soldat-cpp/include/Sprites.h:465:66: error: invalid use of incomplete type 'class TPlayer'
  465 |         return Player && Player->Team != TEAM_SPECTATOR && Player->Team != TEAM_NONE;
      |                                                                  ^~
/home/sblo/Dev/soldat-cpp/include/Sprites.h:430:11: note: forward declaration of 'class TPlayer'
  430 |     class TPlayer* Player;
      |           ^~~~~~~
/home/sblo/Dev/soldat-cpp/include/Sprites.h: In member function 'bool TSprite::IsNotInSameTeam(const TSprite*) const':
/home/sblo/Dev/soldat-cpp/include/Sprites.h:470:58: error: invalid use of incomplete type 'class TPlayer'
  470 |         return other && Player && other->Player && Player->Team != other->Player->Team && Player->Team != TEAM_NONE && other->Player->Team != TEAM_NONE;
      |                                                          ^~
/home/sblo/Dev/soldat-cpp/include/Sprites.h:430:11: note: forward declaration of 'class TPlayer'
  430 |     class TPlayer* Player;
      |           ^~~~~~~
/home/sblo/Dev/soldat-cpp/include/Sprites.h:470:81: error: invalid use of incomplete type 'class TPlayer'
  470 |         return other && Player && other->Player && Player->Team != other->Player->Team && Player->Team != TEAM_NONE && other->Player->Team != TEAM_NONE;
      |                                                                                 ^~
/home/sblo/Dev/soldat-cpp/include/Sprites.h:430:11: note: forward declaration of 'class TPlayer'
  430 |     class TPlayer* Player;
      |           ^~~~~~~
/home/sblo/Dev/soldat-cpp/include/Sprites.h:470:97: error: invalid use of incomplete type 'class TPlayer'
  470 |         return other && Player && other->Player && Player->Team != other->Player->Team && Player->Team != TEAM_NONE && other->Player->Team != TEAM_NONE;
      |                                                                                                 ^~
/home/sblo/Dev/soldat-cpp/include/Sprites.h:430:11: note: forward declaration of 'class TPlayer'
  430 |     class TPlayer* Player;
      |           ^~~~~~~
/home/sblo/Dev/soldat-cpp/include/Sprites.h:470:133: error: invalid use of incomplete type 'class TPlayer'
  470 |         return other && Player && other->Player && Player->Team != other->Player->Team && Player->Team != TEAM_NONE && other->Player->Team != TEAM_NONE;
      |                                                                                                                                     ^~
/home/sblo/Dev/soldat-cpp/include/Sprites.h:430:11: note: forward declaration of 'class TPlayer'
  430 |     class TPlayer* Player;
      |           ^~~~~~~
In file included from /home/sblo/Dev/soldat-cpp/include/Game.h:20:
/home/sblo/Dev/soldat-cpp/include/Anims.h: In member function 'void TAnimation::LoadFromFile(const std::string&)':
/home/sblo/Dev/soldat-cpp/include/Anims.h:58:42: warning: unused parameter 'Filename' [-Wunused-parameter]
   58 |     void LoadFromFile(const std::string& Filename) {
      |                       ~~~~~~~~~~~~~~~~~~~^~~~~~~~
/home/sblo/Dev/soldat-cpp/include/Anims.h: In function 'void LoadAnimObjects(const std::string&)':
/home/sblo/Dev/soldat-cpp/include/Anims.h:94:41: warning: unused parameter 'ModDir' [-Wunused-parameter]
   94 | void LoadAnimObjects(const std::string& ModDir) {
      |                      ~~~~~~~~~~~~~~~~~~~^~~~~~
In file included from /home/sblo/Dev/soldat-cpp/include/Demo.h:20,
                 from /home/sblo/Dev/soldat-cpp/include/Client.h:25:
/home/sblo/Dev/soldat-cpp/include/SysUtils.h: In function 'int64_t DateTimeToUnix(double)':
/home/sblo/Dev/soldat-cpp/include/SysUtils.h:16:38: warning: unused parameter 'DateTime' [-Wunused-parameter]
   16 | inline int64_t DateTimeToUnix(double DateTime) {
      |                               ~~~~~~~^~~~~~~~
In file included from /home/sblo/Dev/soldat-cpp/include/Demo.h:26:
/home/sblo/Dev/soldat-cpp/include/GameStrings.h: At global scope:
/home/sblo/Dev/soldat-cpp/include/GameStrings.h:38:46: error: expected constructor, destructor, or type conversion before ';' token
   38 | std::wstring _(const std::wstring& InputText); // overload
      |                                              ^
/home/sblo/Dev/soldat-cpp/include/GameStrings.h:39:45: error: expected constructor, destructor, or type conversion before ';' token
   39 | std::wstring _(const std::string& InputText);  // overload
      |                                             ^
/home/sblo/Dev/soldat-cpp/include/GameStrings.h: In function 'bool GameStringsImpl::InitTranslation(const std::string&)':
/home/sblo/Dev/soldat-cpp/include/GameStrings.h:43:52: warning: unused parameter 'Filename' [-Wunused-parameter]
   43 |     inline bool InitTranslation(const std::string& Filename) {
      |                                 ~~~~~~~~~~~~~~~~~~~^~~~~~~~
/home/sblo/Dev/soldat-cpp/include/GameStrings.h: At global scope:
/home/sblo/Dev/soldat-cpp/include/GameStrings.h:64:12: error: ISO C++ forbids declaration of 'wstring' with no type [-fpermissive]
   64 |     inline std::wstring _(const std::wstring& InputText) {
      |            ^~~
In file included from /home/sblo/Dev/soldat-cpp/include/GameStrings.h:14:
/home/sblo/Dev/soldat-cpp/include/GetText.h:17:30: error: declaration of 'int wstring(const std::wstring&)' not in a namespace surrounding 'std'
   17 |     #define _(String) (String)
      |                              ^
/home/sblo/Dev/soldat-cpp/include/GameStrings.h:64:25: note: in expansion of macro '_'
   64 |     inline std::wstring _(const std::wstring& InputText) {
      |                         ^
/home/sblo/Dev/soldat-cpp/include/GetText.h:17:30: error: 'int std::wstring(const wstring&)' should have been declared inside 'std'
   17 |     #define _(String) (String)
      |                              ^
/home/sblo/Dev/soldat-cpp/include/GameStrings.h:64:25: note: in expansion of macro '_'
   64 |     inline std::wstring _(const std::wstring& InputText) {
      |                         ^
/home/sblo/Dev/soldat-cpp/include/GetText.h:17:30: error: 'int std::wstring(const wstring&)' redeclared as different kind of entity
   17 |     #define _(String) (String)
      |                              ^
/home/sblo/Dev/soldat-cpp/include/GameStrings.h:64:25: note: in expansion of macro '_'
   64 |     inline std::wstring _(const std::wstring& InputText) {
      |                         ^
In file included from /usr/include/c++/15/string:43,
                 from /home/sblo/Dev/soldat-cpp/include/Client.h:12:
/usr/include/c++/15/bits/stringfwd.h:82:33: note: previous declaration 'typedef class std::__cxx11::basic_string<wchar_t> std::wstring'
   82 |   typedef basic_string<wchar_t> wstring;
      |                                 ^~~~~~~
/home/sblo/Dev/soldat-cpp/include/GameStrings.h: In function 'int std::wstring(const wstring&)':
/home/sblo/Dev/soldat-cpp/include/GameStrings.h:75:16: error: cannot convert 'std::wstring' {aka 'std::__cxx11::basic_string<wchar_t>'} to 'int' in return
   75 |         return translation;
      |                ^~~~~~~~~~~
      |                |
      |                std::wstring {aka std::__cxx11::basic_string<wchar_t>}
/home/sblo/Dev/soldat-cpp/include/GameStrings.h: At global scope:
/home/sblo/Dev/soldat-cpp/include/GameStrings.h:78:12: error: ISO C++ forbids declaration of 'wstring' with no type [-fpermissive]
   78 |     inline std::wstring _(const std::string& InputText) {
      |            ^~~
/home/sblo/Dev/soldat-cpp/include/GetText.h:17:30: error: declaration of 'int wstring(const std::string&)' not in a namespace surrounding 'std'
   17 |     #define _(String) (String)
      |                              ^
/home/sblo/Dev/soldat-cpp/include/GameStrings.h:78:25: note: in expansion of macro '_'
   78 |     inline std::wstring _(const std::string& InputText) {
      |                         ^
/home/sblo/Dev/soldat-cpp/include/GetText.h:17:30: error: 'int std::wstring(const string&)' should have been declared inside 'std'
   17 |     #define _(String) (String)
      |                              ^
/home/sblo/Dev/soldat-cpp/include/GameStrings.h:78:25: note: in expansion of macro '_'
   78 |     inline std::wstring _(const std::string& InputText) {
      |                         ^
/home/sblo/Dev/soldat-cpp/include/GetText.h:17:30: error: 'int std::wstring(const string&)' redeclared as different kind of entity
   17 |     #define _(String) (String)
      |                              ^
/home/sblo/Dev/soldat-cpp/include/GameStrings.h:78:25: note: in expansion of macro '_'
   78 |     inline std::wstring _(const std::string& InputText) {
      |                         ^
/usr/include/c++/15/bits/stringfwd.h:82:33: note: previous declaration 'typedef class std::__cxx11::basic_string<wchar_t> std::wstring'
   82 |   typedef basic_string<wchar_t> wstring;
      |                                 ^~~~~~~
/home/sblo/Dev/soldat-cpp/include/GameStrings.h: In function 'int std::wstring(const string&)':
/home/sblo/Dev/soldat-cpp/include/GameStrings.h:89:16: error: cannot convert 'std::wstring' {aka 'std::__cxx11::basic_string<wchar_t>'} to 'int' in return
   89 |         return translation;
      |                ^~~~~~~~~~~
      |                |
      |                std::wstring {aka std::__cxx11::basic_string<wchar_t>}
/home/sblo/Dev/soldat-cpp/include/GameStrings.h: At global scope:
/home/sblo/Dev/soldat-cpp/include/GameStrings.h:100:24: error: 'TranslationFile' has not been declared in 'GameStringsImpl'
  100 | using GameStringsImpl::TranslationFile;
      |                        ^~~~~~~~~~~~~~~
/home/sblo/Dev/soldat-cpp/include/GameStrings.h:101:24: error: 'bool GameStringsImpl::InitTranslation(const std::string&)' conflicts with a previous declaration
  101 | using GameStringsImpl::InitTranslation;
      |                        ^~~~~~~~~~~~~~~
/home/sblo/Dev/soldat-cpp/include/GameStrings.h:37:6: note: previous declaration 'bool InitTranslation(const std::string&)'
   37 | bool InitTranslation(const std::string& Filename);
      |      ^~~~~~~~~~~~~~~
/home/sblo/Dev/soldat-cpp/include/GameStrings.h:102:24: error: '_' has not been declared in 'GameStringsImpl'
  102 | using GameStringsImpl::_;
      |                        ^
/home/sblo/Dev/soldat-cpp/include/GameStrings.h:103:24: error: 'void GameStringsImpl::DeInitTranslation()' conflicts with a previous declaration
  103 | using GameStringsImpl::DeInitTranslation;
      |                        ^~~~~~~~~~~~~~~~~
/home/sblo/Dev/soldat-cpp/include/GameStrings.h:40:6: note: previous declaration 'void DeInitTranslation()'
   40 | void DeInitTranslation();
      |      ^~~~~~~~~~~~~~~~~
/home/sblo/Dev/soldat-cpp/include/GameStrings.h:106:33: warning: 'TranslationFile' initialized and declared 'extern'
  106 | extern std::unique_ptr<TMOFile> TranslationFile = nullptr;
      |                                 ^~~~~~~~~~~~~~~
/home/sblo/Dev/soldat-cpp/include/Demo.h: In member function 'int TDemoRecorder::CreateDemoPlayer()':
/home/sblo/Dev/soldat-cpp/include/Demo.h:110:13: error: 'MainConsole' was not declared in this scope; did you mean 'TConsole'?
  110 |             MainConsole.Console(L"Failed to create Demo Recorder player. Demos can be recorded with up to 31 players", INFO_MESSAGE_COLOR);
      |             ^~~~~~~~~~~
      |             TConsole
/home/sblo/Dev/soldat-cpp/include/Demo.h:135:13: error: 'MainConsole' was not declared in this scope; did you mean 'TConsole'?
  135 |             MainConsole.Console(L"Failed to create Demo Recorder player. No free sprite slots", INFO_MESSAGE_COLOR);
      |             ^~~~~~~~~~~
      |             TConsole
/home/sblo/Dev/soldat-cpp/include/Demo.h: In member function 'bool TDemoRecorder::StartRecord(const std::string&)':
/home/sblo/Dev/soldat-cpp/include/Demo.h:195:13: error: 'DemoPlayer' was not declared in this scope; did you mean 'TPlayer'?
  195 |         if (DemoPlayer && DemoPlayer->GetActive()) {
      |             ^~~~~~~~~~
      |             TPlayer
/home/sblo/Dev/soldat-cpp/include/Demo.h:205:9: error: 'MainConsole' was not declared in this scope; did you mean 'TConsole'?
  205 |         MainConsole.Console(wideStr.c_str(), INFO_MESSAGE_COLOR);
      |         ^~~~~~~~~~~
      |         TConsole
/home/sblo/Dev/soldat-cpp/include/Demo.h: In member function 'void TDemoRecorder::StopRecord()':
/home/sblo/Dev/soldat-cpp/include/Demo.h:239:9: error: 'MainConsole' was not declared in this scope; did you mean 'TConsole'?
  239 |         MainConsole.Console((L"Demo stopped (" + wideStr + L")").c_str(), INFO_MESSAGE_COLOR);
      |         ^~~~~~~~~~~
      |         TConsole
/home/sblo/Dev/soldat-cpp/include/Demo.h: In member function 'void TDemoRecorder::SaveRecord(const void*, int)':
/home/sblo/Dev/soldat-cpp/include/Demo.h:268:33: warning: unused parameter 'R' [-Wunused-parameter]
  268 |     void SaveRecord(const void* R, int Size) {
      |                     ~~~~~~~~~~~~^
/home/sblo/Dev/soldat-cpp/include/Demo.h: In member function 'void TDemoRecorder::SaveNextFrame()':
/home/sblo/Dev/soldat-cpp/include/Demo.h:287:9: error: 'RSize' was not declared in this scope
  287 |         RSize = 1;
      |         ^~~~~
/home/sblo/Dev/soldat-cpp/include/Demo.h:293:24: error: 'CameraFollowSprite' was not declared in this scope
  293 |         if (FOldCam != CameraFollowSprite) {
      |                        ^~~~~~~~~~~~~~~~~~
/home/sblo/Dev/soldat-cpp/include/Demo.h: In member function 'bool TDemoPlayer::OpenDemo(const std::string&)':
/home/sblo/Dev/soldat-cpp/include/Demo.h:321:13: error: 'MainConsole' was not declared in this scope; did you mean 'TConsole'?
  321 |             MainConsole.Console(wideErrMsg, INFO_MESSAGE_COLOR);
      |             ^~~~~~~~~~~
      |             TConsole
/home/sblo/Dev/soldat-cpp/include/Demo.h:331:13: error: 'MainConsole' was not declared in this scope; did you mean 'TConsole'?
  331 |             MainConsole.Console(wideErrMsg, INFO_MESSAGE_COLOR);
      |             ^~~~~~~~~~~
      |             TConsole
/home/sblo/Dev/soldat-cpp/include/Demo.h:337:13: error: 'MainConsole' was not declared in this scope; did you mean 'TConsole'?
  337 |             MainConsole.Console(wideErrMsg, INFO_MESSAGE_COLOR);
      |             ^~~~~~~~~~~
      |             TConsole
/home/sblo/Dev/soldat-cpp/include/Demo.h:342:13: error: 'MainConsole' was not declared in this scope; did you mean 'TConsole'?
  342 |             MainConsole.Console((L"Playing demo " + wideFName).c_str(), INFO_MESSAGE_COLOR);
      |             ^~~~~~~~~~~
      |             TConsole
/home/sblo/Dev/soldat-cpp/include/Demo.h:343:13: error: 'Spectator' was not declared in this scope; did you mean 'SpectatorsNum'?
  343 |             Spectator = 1;  // Assuming this is a global variable
      |             ^~~~~~~~~
      |             SpectatorsNum
/home/sblo/Dev/soldat-cpp/include/Demo.h: In member function 'void TDemoPlayer::StopDemo()':
/home/sblo/Dev/soldat-cpp/include/Demo.h:356:9: error: 'MainConsole' was not declared in this scope; did you mean 'TConsole'?
  356 |         MainConsole.Console(L"Demo stopped", INFO_MESSAGE_COLOR);
      |         ^~~~~~~~~~~
      |         TConsole
/home/sblo/Dev/soldat-cpp/include/Demo.h: In member function 'void TDemoPlayer::ProcessDemo()':
/home/sblo/Dev/soldat-cpp/include/Demo.h:384:17: error: 'ShouldRenderFrames' was not declared in this scope
  384 |                 ShouldRenderFrames = true;  // Assuming this is a global variable
      |                 ^~~~~~~~~~~~~~~~~~
/home/sblo/Dev/soldat-cpp/include/Demo.h:385:46: error: 'demo_speed' was not declared in this scope
  385 |                 GOALTICKS = static_cast<int>(demo_speed.Value() * DEFAULT_GOALTICKS);  // Assuming demo_speed exists
      |                                              ^~~~~~~~~~
/home/sblo/Dev/soldat-cpp/include/Demo.h:388:17: error: 'RSize' was not declared in this scope
  388 |             if (RSize == 0) {
      |                 ^~~~~
/home/sblo/Dev/soldat-cpp/include/Demo.h:393:17: error: 'RSize' was not declared in this scope
  393 |             if (RSize == 1) {  // next frame
      |                 ^~~~~
/home/sblo/Dev/soldat-cpp/include/Demo.h:364:14: warning: unused variable 'readBuf' [-Wunused-variable]
  364 |         char readBuf[16384];  // Array[0..16383] of Char
      |              ^~~~~~~
/home/sblo/Dev/soldat-cpp/include/Demo.h: In member function 'void TDemoPlayer::Position(int)':
/home/sblo/Dev/soldat-cpp/include/Demo.h:415:9: error: 'ShouldRenderFrames' was not declared in this scope
  415 |         ShouldRenderFrames = false;
      |         ^~~~~~~~~~~~~~~~~~
/home/sblo/Dev/soldat-cpp/include/Demo.h:436:21: error: 'Spark' was not declared in this scope
  436 |                 if (Spark[i]) {
      |                     ^~~~~
/home/sblo/Dev/soldat-cpp/include/Demo.h:442:21: error: 'KillThing' was not declared in this scope
  442 |                     KillThing(i);  // Assuming there's a function to kill things
      |                     ^~~~~~~~~
/home/sblo/Dev/soldat-cpp/include/Demo.h:449:17: error: 'BigText' was not declared in this scope
  449 |                 BigText[i] = L"";
      |                 ^~~~~~~
/home/sblo/Dev/soldat-cpp/include/Demo.h:450:17: error: 'BigDelay' was not declared in this scope
  450 |                 BigDelay[i] = 0;
      |                 ^~~~~~~~
/home/sblo/Dev/soldat-cpp/include/Demo.h:451:17: error: 'BigScale' was not declared in this scope
  451 |                 BigScale[i] = 0;
      |                 ^~~~~~~~
/home/sblo/Dev/soldat-cpp/include/Demo.h:452:17: error: 'BigColor' was not declared in this scope; did you mean 'TColor'?
  452 |                 BigColor[i] = 0;
      |                 ^~~~~~~~
      |                 TColor
/home/sblo/Dev/soldat-cpp/include/Demo.h:453:17: error: 'BigPosX' was not declared in this scope
  453 |                 BigPosX[i] = 0;
      |                 ^~~~~~~
/home/sblo/Dev/soldat-cpp/include/Demo.h:454:17: error: 'BigPosY' was not declared in this scope
  454 |                 BigPosY[i] = 0;
      |                 ^~~~~~~
/home/sblo/Dev/soldat-cpp/include/Demo.h:455:17: error: 'BigX' was not declared in this scope
  455 |                 BigX[i] = 0;
      |                 ^~~~
/home/sblo/Dev/soldat-cpp/include/Demo.h:457:17: error: 'WorldText' was not declared in this scope
  457 |                 WorldText[i] = L"";
      |                 ^~~~~~~~~
/home/sblo/Dev/soldat-cpp/include/Demo.h:458:17: error: 'WorldDelay' was not declared in this scope
  458 |                 WorldDelay[i] = 0;
      |                 ^~~~~~~~~~
/home/sblo/Dev/soldat-cpp/include/Demo.h:459:17: error: 'WorldScale' was not declared in this scope
  459 |                 WorldScale[i] = 0;
      |                 ^~~~~~~~~~
/home/sblo/Dev/soldat-cpp/include/Demo.h:460:17: error: 'WorldColor' was not declared in this scope
  460 |                 WorldColor[i] = 0;
      |                 ^~~~~~~~~~
/home/sblo/Dev/soldat-cpp/include/Demo.h:461:17: error: 'WorldPosX' was not declared in this scope
  461 |                 WorldPosX[i] = 0;
      |                 ^~~~~~~~~
/home/sblo/Dev/soldat-cpp/include/Demo.h:462:17: error: 'WorldPosY' was not declared in this scope
  462 |                 WorldPosY[i] = 0;
      |                 ^~~~~~~~~
/home/sblo/Dev/soldat-cpp/include/Demo.h:463:17: error: 'WorldX' was not declared in this scope
  463 |                 WorldX[i] = 0;
      |                 ^~~~~~
/home/sblo/Dev/soldat-cpp/include/Demo.h:468:17: error: 'ChatDelay' was not declared in this scope
  468 |                 ChatDelay[i] = 0;
      |                 ^~~~~~~~~
/home/sblo/Dev/soldat-cpp/include/Demo.h:469:17: error: 'ChatMessage' was not declared in this scope; did you mean 'MsgID_ChatMessage'?
  469 |                 ChatMessage[i] = L"";
      |                 ^~~~~~~~~~~
      |                 MsgID_ChatMessage
/home/sblo/Dev/soldat-cpp/include/Demo.h:470:17: error: 'ChatTeam' was not declared in this scope
  470 |                 ChatTeam[i] = false;
      |                 ^~~~~~~~
/home/sblo/Dev/soldat-cpp/include/Demo.h:473:13: error: 'MainConsole' was not declared in this scope; did you mean 'TConsole'?
  473 |             MainConsole.Count = 0;
      |             ^~~~~~~~~~~
      |             TConsole
/home/sblo/Dev/soldat-cpp/include/Demo.h:474:13: error: 'BigConsole' was not declared in this scope; did you mean 'TConsole'?
  474 |             BigConsole.Count = 0;
      |             ^~~~~~~~~~
      |             TConsole
In file included from /home/sblo/Dev/soldat-cpp/src/Client.cpp:18:
/home/sblo/Dev/soldat-cpp/include/TraceLog.h: At global scope:
/home/sblo/Dev/soldat-cpp/include/TraceLog.h:61:21: error: 'void TraceLogImpl::Debug(const std::string&)' conflicts with a previous declaration
   61 | using TraceLogImpl::Debug;
      |                     ^~~~~
/home/sblo/Dev/soldat-cpp/include/TraceLog.h:31:6: note: previous declaration 'void Debug(const std::string&)'
   31 | void Debug(const std::string& Msg);
      |      ^~~~~
/home/sblo/Dev/soldat-cpp/include/TraceLog.h:62:21: error: 'void TraceLogImpl::Trace(const std::string&)' conflicts with a previous declaration
   62 | using TraceLogImpl::Trace;
      |                     ^~~~~
/home/sblo/Dev/soldat-cpp/include/TraceLog.h:32:6: note: previous declaration 'void Trace(const std::string&)'
   32 | void Trace(const std::string& Msg);
      |      ^~~~~
In file included from /home/sblo/Dev/soldat-cpp/include/UpdateFrame.h:12,
                 from /home/sblo/Dev/soldat-cpp/include/ClientGame.h:16,
                 from /home/sblo/Dev/soldat-cpp/src/Client.cpp:19:
/home/sblo/Dev/soldat-cpp/include/Sound.h: In function 'PHYSFS_File* PHYSFS_openRead(const char*)':
/home/sblo/Dev/soldat-cpp/include/Sound.h:81:42: warning: unused parameter 'filename' [-Wunused-parameter]
   81 | PHYSFS_File* PHYSFS_openRead(const char* filename) { return nullptr; }
      |                              ~~~~~~~~~~~~^~~~~~~~
/home/sblo/Dev/soldat-cpp/include/Sound.h: In function 'PHYSFS_uint64 PHYSFS_fileLength(PHYSFS_File*)':
/home/sblo/Dev/soldat-cpp/include/Sound.h:82:46: warning: unused parameter 'file' [-Wunused-parameter]
   82 | PHYSFS_uint64 PHYSFS_fileLength(PHYSFS_File* file) { return 0; }
      |                                 ~~~~~~~~~~~~~^~~~
/home/sblo/Dev/soldat-cpp/include/Sound.h: In function 'int PHYSFS_readBytes(PHYSFS_File*, void*, PHYSFS_uint64)':
/home/sblo/Dev/soldat-cpp/include/Sound.h:83:35: warning: unused parameter 'file' [-Wunused-parameter]
   83 | int PHYSFS_readBytes(PHYSFS_File* file, void* buffer, PHYSFS_uint64 len) { return 0; }
      |                      ~~~~~~~~~~~~~^~~~
/home/sblo/Dev/soldat-cpp/include/Sound.h:83:47: warning: unused parameter 'buffer' [-Wunused-parameter]
   83 | int PHYSFS_readBytes(PHYSFS_File* file, void* buffer, PHYSFS_uint64 len) { return 0; }
      |                                         ~~~~~~^~~~~~
/home/sblo/Dev/soldat-cpp/include/Sound.h:83:69: warning: unused parameter 'len' [-Wunused-parameter]
   83 | int PHYSFS_readBytes(PHYSFS_File* file, void* buffer, PHYSFS_uint64 len) { return 0; }
      |                                                       ~~~~~~~~~~~~~~^~~
/home/sblo/Dev/soldat-cpp/include/Sound.h: In function 'int PHYSFS_close(PHYSFS_File*)':
/home/sblo/Dev/soldat-cpp/include/Sound.h:84:31: warning: unused parameter 'file' [-Wunused-parameter]
   84 | int PHYSFS_close(PHYSFS_File* file) { return 0; }
      |                  ~~~~~~~~~~~~~^~~~
/home/sblo/Dev/soldat-cpp/include/Sound.h: At global scope:
/home/sblo/Dev/soldat-cpp/include/Sound.h:91:5: error: 'ALuint' does not name a type; did you mean 'uint'?
   91 |     ALuint Buffer;
      |     ^~~~~~
      |     uint
/home/sblo/Dev/soldat-cpp/include/Sound.h: In constructor 'SoundSample::SoundSample()':
/home/sblo/Dev/soldat-cpp/include/Sound.h:93:36: error: class 'SoundSample' does not have any field named 'Buffer'
   93 |     SoundSample() : Loaded(false), Buffer(0) {}
      |                                    ^~~~~~
/home/sblo/Dev/soldat-cpp/include/Sound.h: At global scope:
/home/sblo/Dev/soldat-cpp/include/Sound.h:132:8: error: 'ALCdevice' does not name a type
  132 | extern ALCdevice* ALDevice;
      |        ^~~~~~~~~
/home/sblo/Dev/soldat-cpp/include/Sound.h:133:8: error: 'ALCcontext' does not name a type
  133 | extern ALCcontext* ALContext;
      |        ^~~~~~~~~~
/home/sblo/Dev/soldat-cpp/include/Sound.h:134:8: error: 'ALuint' does not name a type; did you mean 'uint'?
  134 | extern ALuint Sources[MAX_SOURCES];
      |        ^~~~~~
      |        uint
/home/sblo/Dev/soldat-cpp/include/Sound.h: In function 'bool SoundImpl::InitSound()':
/home/sblo/Dev/soldat-cpp/include/Sound.h:139:9: error: 'ALDevice' was not declared in this scope
  139 |         ALDevice = alcOpenDevice(nullptr);
      |         ^~~~~~~~
/home/sblo/Dev/soldat-cpp/include/Sound.h:139:20: error: 'alcOpenDevice' was not declared in this scope
  139 |         ALDevice = alcOpenDevice(nullptr);
      |                    ^~~~~~~~~~~~~
/home/sblo/Dev/soldat-cpp/include/Sound.h:144:9: error: 'ALContext' was not declared in this scope
  144 |         ALContext = alcCreateContext(ALDevice, nullptr);
      |         ^~~~~~~~~
/home/sblo/Dev/soldat-cpp/include/Sound.h:144:21: error: 'alcCreateContext' was not declared in this scope; did you mean 'SDL_GL_CreateContext'?
  144 |         ALContext = alcCreateContext(ALDevice, nullptr);
      |                     ^~~~~~~~~~~~~~~~
      |                     SDL_GL_CreateContext
/home/sblo/Dev/soldat-cpp/include/Sound.h:146:13: error: 'alcCloseDevice' was not declared in this scope
  146 |             alcCloseDevice(ALDevice);
      |             ^~~~~~~~~~~~~~
/home/sblo/Dev/soldat-cpp/include/Sound.h:150:14: error: 'alcMakeContextCurrent' was not declared in this scope
  150 |         if (!alcMakeContextCurrent(ALContext)) {
      |              ^~~~~~~~~~~~~~~~~~~~~
/home/sblo/Dev/soldat-cpp/include/Sound.h:151:13: error: 'alcDestroyContext' was not declared in this scope
  151 |             alcDestroyContext(ALContext);
      |             ^~~~~~~~~~~~~~~~~
/home/sblo/Dev/soldat-cpp/include/Sound.h:152:13: error: 'alcCloseDevice' was not declared in this scope
  152 |             alcCloseDevice(ALDevice);
      |             ^~~~~~~~~~~~~~
/home/sblo/Dev/soldat-cpp/include/Sound.h:156:25: error: 'AL_NONE' was not declared in this scope; did you mean 'TEAM_NONE'?
  156 |         alDistanceModel(AL_NONE);
      |                         ^~~~~~~
      |                         TEAM_NONE
/home/sblo/Dev/soldat-cpp/include/Sound.h:156:9: error: 'alDistanceModel' was not declared in this scope
  156 |         alDistanceModel(AL_NONE);
      |         ^~~~~~~~~~~~~~~
/home/sblo/Dev/soldat-cpp/include/Sound.h:158:35: error: 'Sources' was not declared in this scope
  158 |         alGenSources(MAX_SOURCES, Sources);
      |                                   ^~~~~~~
/home/sblo/Dev/soldat-cpp/include/Sound.h:158:9: error: 'alGenSources' was not declared in this scope
  158 |         alGenSources(MAX_SOURCES, Sources);
      |         ^~~~~~~~~~~~
/home/sblo/Dev/soldat-cpp/include/Sound.h:159:13: error: 'alGetError' was not declared in this scope; did you mean 'SDL_GetError'?
  159 |         if (alGetError() != AL_NO_ERROR) {
      |             ^~~~~~~~~~
      |             SDL_GetError
/home/sblo/Dev/soldat-cpp/include/Sound.h:159:29: error: 'AL_NO_ERROR' was not declared in this scope
  159 |         if (alGetError() != AL_NO_ERROR) {
      |                             ^~~~~~~~~~~
/home/sblo/Dev/soldat-cpp/include/Sound.h:160:13: error: 'alcMakeContextCurrent' was not declared in this scope
  160 |             alcMakeContextCurrent(nullptr);
      |             ^~~~~~~~~~~~~~~~~~~~~
/home/sblo/Dev/soldat-cpp/include/Sound.h:161:13: error: 'alcDestroyContext' was not declared in this scope
  161 |             alcDestroyContext(ALContext);
      |             ^~~~~~~~~~~~~~~~~
/home/sblo/Dev/soldat-cpp/include/Sound.h:162:13: error: 'alcCloseDevice' was not declared in this scope
  162 |             alcCloseDevice(ALDevice);
      |             ^~~~~~~~~~~~~~
/home/sblo/Dev/soldat-cpp/include/Sound.h: In function 'SoundSample SoundImpl::LoadSample(const char*, SoundSample)':
/home/sblo/Dev/soldat-cpp/include/Sound.h:210:9: error: 'ALenum' was not declared in this scope; did you mean 'enum'?
  210 |         ALenum format = AL_FORMAT_MONO8;
      |         ^~~~~~
      |         enum
/home/sblo/Dev/soldat-cpp/include/Sound.h:216:21: error: 'format' was not declared in this scope; did you mean 'Format'?
  216 |                     format = AL_FORMAT_MONO8;
      |                     ^~~~~~
      |                     Format
/home/sblo/Dev/soldat-cpp/include/Sound.h:216:30: error: 'AL_FORMAT_MONO8' was not declared in this scope
  216 |                     format = AL_FORMAT_MONO8;
      |                              ^~~~~~~~~~~~~~~
/home/sblo/Dev/soldat-cpp/include/Sound.h:220:30: error: 'AL_FORMAT_MONO16' was not declared in this scope
  220 |                     format = AL_FORMAT_MONO16;
      |                              ^~~~~~~~~~~~~~~~
/home/sblo/Dev/soldat-cpp/include/Sound.h:224:30: error: 'AL_FORMAT_MONO_FLOAT32' was not declared in this scope
  224 |                     format = AL_FORMAT_MONO_FLOAT32;
      |                              ^~~~~~~~~~~~~~~~~~~~~~
/home/sblo/Dev/soldat-cpp/include/Sound.h:233:21: error: 'format' was not declared in this scope; did you mean 'Format'?
  233 |                     format = AL_FORMAT_STEREO8;
      |                     ^~~~~~
      |                     Format
/home/sblo/Dev/soldat-cpp/include/Sound.h:233:30: error: 'AL_FORMAT_STEREO8' was not declared in this scope
  233 |                     format = AL_FORMAT_STEREO8;
      |                              ^~~~~~~~~~~~~~~~~
/home/sblo/Dev/soldat-cpp/include/Sound.h:237:30: error: 'AL_FORMAT_STEREO16' was not declared in this scope
  237 |                     format = AL_FORMAT_STEREO16;
      |                              ^~~~~~~~~~~~~~~~~~
/home/sblo/Dev/soldat-cpp/include/Sound.h:241:30: error: 'AL_FORMAT_STEREO_FLOAT32' was not declared in this scope
  241 |                     format = AL_FORMAT_STEREO_FLOAT32;
      |                              ^~~~~~~~~~~~~~~~~~~~~~~~
/home/sblo/Dev/soldat-cpp/include/Sound.h:253:42: error: 'struct SoundSample' has no member named 'Buffer'
  253 |                 alDeleteBuffers(1, &samp.Buffer);
      |                                          ^~~~~~
/home/sblo/Dev/soldat-cpp/include/Sound.h:253:17: error: 'alDeleteBuffers' was not declared in this scope
  253 |                 alDeleteBuffers(1, &samp.Buffer);
      |                 ^~~~~~~~~~~~~~~
/home/sblo/Dev/soldat-cpp/include/Sound.h:256:13: error: 'ALuint' was not declared in this scope; did you mean 'uint'?
  256 |             ALuint buffer;
      |             ^~~~~~
      |             uint
/home/sblo/Dev/soldat-cpp/include/Sound.h:257:30: error: 'buffer' was not declared in this scope; did you mean 'setbuffer'?
  257 |             alGenBuffers(1, &buffer);
      |                              ^~~~~~
      |                              setbuffer
/home/sblo/Dev/soldat-cpp/include/Sound.h:257:13: error: 'alGenBuffers' was not declared in this scope
  257 |             alGenBuffers(1, &buffer);
      |             ^~~~~~~~~~~~
/home/sblo/Dev/soldat-cpp/include/Sound.h:258:34: error: 'format' was not declared in this scope; did you mean 'Format'?
  258 |             alBufferData(buffer, format, audioData, audioLength, spec.freq);
      |                                  ^~~~~~
      |                                  Format
/home/sblo/Dev/soldat-cpp/include/Sound.h:258:13: error: 'alBufferData' was not declared in this scope
  258 |             alBufferData(buffer, format, audioData, audioLength, spec.freq);
      |             ^~~~~~~~~~~~
/home/sblo/Dev/soldat-cpp/include/Sound.h:260:20: error: 'struct SoundSample' has no member named 'Buffer'
  260 |             result.Buffer = buffer;
      |                    ^~~~~~
/home/sblo/Dev/soldat-cpp/include/Sound.h: In function 'void SoundImpl::CloseSound()':
/home/sblo/Dev/soldat-cpp/include/Sound.h:484:45: error: 'struct SoundSample' has no member named 'Buffer'
  484 |                 alDeleteBuffers(1, &Samp[i].Buffer);
      |                                             ^~~~~~
/home/sblo/Dev/soldat-cpp/include/Sound.h:484:17: error: 'alDeleteBuffers' was not declared in this scope
  484 |                 alDeleteBuffers(1, &Samp[i].Buffer);
      |                 ^~~~~~~~~~~~~~~
/home/sblo/Dev/soldat-cpp/include/Sound.h:489:38: error: 'Sources' was not declared in this scope
  489 |         alDeleteSources(MAX_SOURCES, Sources);
      |                                      ^~~~~~~
/home/sblo/Dev/soldat-cpp/include/Sound.h:489:9: error: 'alDeleteSources' was not declared in this scope
  489 |         alDeleteSources(MAX_SOURCES, Sources);
      |         ^~~~~~~~~~~~~~~
/home/sblo/Dev/soldat-cpp/include/Sound.h:491:9: error: 'alcMakeContextCurrent' was not declared in this scope
  491 |         alcMakeContextCurrent(nullptr);
      |         ^~~~~~~~~~~~~~~~~~~~~
/home/sblo/Dev/soldat-cpp/include/Sound.h:492:27: error: 'ALContext' was not declared in this scope
  492 |         alcDestroyContext(ALContext);
      |                           ^~~~~~~~~
/home/sblo/Dev/soldat-cpp/include/Sound.h:492:9: error: 'alcDestroyContext' was not declared in this scope
  492 |         alcDestroyContext(ALContext);
      |         ^~~~~~~~~~~~~~~~~
/home/sblo/Dev/soldat-cpp/include/Sound.h:493:24: error: 'ALDevice' was not declared in this scope
  493 |         alcCloseDevice(ALDevice);
      |                        ^~~~~~~~
/home/sblo/Dev/soldat-cpp/include/Sound.h:493:9: error: 'alcCloseDevice' was not declared in this scope
  493 |         alcCloseDevice(ALDevice);
      |         ^~~~~~~~~~~~~~
/home/sblo/Dev/soldat-cpp/include/Sound.h: In function 'void SoundImpl::FPlaySound(int, float, float, float, float, int)':
/home/sblo/Dev/soldat-cpp/include/Sound.h:529:9: error: 'ALint' was not declared in this scope
  529 |         ALint playMode = (SampleNum == SFX_ROCKETZ || SampleNum == SFX_CHAINSAW_R || SampleNum == SFX_FLAMER)
      |         ^~~~~
/home/sblo/Dev/soldat-cpp/include/Sound.h:540:22: error: expected ';' before 'state'
  540 |                 ALint state;
      |                      ^~~~~~
      |                      ;
/home/sblo/Dev/soldat-cpp/include/Sound.h:541:30: error: 'Sources' was not declared in this scope
  541 |                 alGetSourcei(Sources[i], AL_SOURCE_STATE, &state);
      |                              ^~~~~~~
/home/sblo/Dev/soldat-cpp/include/Sound.h:541:42: error: 'AL_SOURCE_STATE' was not declared in this scope
  541 |                 alGetSourcei(Sources[i], AL_SOURCE_STATE, &state);
      |                                          ^~~~~~~~~~~~~~~
/home/sblo/Dev/soldat-cpp/include/Sound.h:541:60: error: 'state' was not declared in this scope; did you mean 'static'?
  541 |                 alGetSourcei(Sources[i], AL_SOURCE_STATE, &state);
      |                                                            ^~~~~
      |                                                            static
/home/sblo/Dev/soldat-cpp/include/Sound.h:541:17: error: 'alGetSourcei' was not declared in this scope
  541 |                 alGetSourcei(Sources[i], AL_SOURCE_STATE, &state);
      |                 ^~~~~~~~~~~~
/home/sblo/Dev/soldat-cpp/include/Sound.h:542:30: error: 'AL_PLAYING' was not declared in this scope
  542 |                 if (state != AL_PLAYING) {
      |                              ^~~~~~~~~~
/home/sblo/Dev/soldat-cpp/include/Sound.h:550:23: error: 'Sources' was not declared in this scope
  550 |             alSourcei(Sources[Chan], AL_LOOPING, playMode);
      |                       ^~~~~~~
/home/sblo/Dev/soldat-cpp/include/Sound.h:550:38: error: 'AL_LOOPING' was not declared in this scope
  550 |             alSourcei(Sources[Chan], AL_LOOPING, playMode);
      |                                      ^~~~~~~~~~
/home/sblo/Dev/soldat-cpp/include/Sound.h:550:50: error: 'playMode' was not declared in this scope
  550 |             alSourcei(Sources[Chan], AL_LOOPING, playMode);
      |                                                  ^~~~~~~~
/home/sblo/Dev/soldat-cpp/include/Sound.h:550:13: error: 'alSourcei' was not declared in this scope
  550 |             alSourcei(Sources[Chan], AL_LOOPING, playMode);
      |             ^~~~~~~~~
/home/sblo/Dev/soldat-cpp/include/Sound.h:552:38: error: 'AL_GAIN' was not declared in this scope
  552 |             alSourcef(Sources[Chan], AL_GAIN, volume);
      |                                      ^~~~~~~
/home/sblo/Dev/soldat-cpp/include/Sound.h:552:13: error: 'alSourcef' was not declared in this scope
  552 |             alSourcef(Sources[Chan], AL_GAIN, volume);
      |             ^~~~~~~~~
/home/sblo/Dev/soldat-cpp/include/Sound.h:555:39: error: 'AL_POSITION' was not declared in this scope
  555 |             alSource3f(Sources[Chan], AL_POSITION,
      |                                       ^~~~~~~~~~~
/home/sblo/Dev/soldat-cpp/include/Sound.h:555:13: error: 'alSource3f' was not declared in this scope
  555 |             alSource3f(Sources[Chan], AL_POSITION,
      |             ^~~~~~~~~~
/home/sblo/Dev/soldat-cpp/include/Sound.h:560:18: error: expected ';' before 'state'
  560 |             ALint state;
      |                  ^~~~~~
      |                  ;
/home/sblo/Dev/soldat-cpp/include/Sound.h:561:41: error: 'AL_SOURCE_STATE' was not declared in this scope
  561 |             alGetSourcei(Sources[Chan], AL_SOURCE_STATE, &state);
      |                                         ^~~~~~~~~~~~~~~
/home/sblo/Dev/soldat-cpp/include/Sound.h:561:59: error: 'state' was not declared in this scope; did you mean 'static'?
  561 |             alGetSourcei(Sources[Chan], AL_SOURCE_STATE, &state);
      |                                                           ^~~~~
      |                                                           static
/home/sblo/Dev/soldat-cpp/include/Sound.h:561:13: error: 'alGetSourcei' was not declared in this scope
  561 |             alGetSourcei(Sources[Chan], AL_SOURCE_STATE, &state);
      |             ^~~~~~~~~~~~
/home/sblo/Dev/soldat-cpp/include/Sound.h:562:26: error: 'AL_PLAYING' was not declared in this scope
  562 |             if (state == AL_PLAYING) {
      |                          ^~~~~~~~~~
/home/sblo/Dev/soldat-cpp/include/Sound.h:565:26: error: 'AL_PAUSED' was not declared in this scope
  565 |             if (state == AL_PAUSED) {
      |                          ^~~~~~~~~
/home/sblo/Dev/soldat-cpp/include/Sound.h:566:17: error: 'alSourceStop' was not declared in this scope
  566 |                 alSourceStop(Sources[Chan]);
      |                 ^~~~~~~~~~~~
/home/sblo/Dev/soldat-cpp/include/Sound.h:569:38: error: 'AL_BUFFER' was not declared in this scope
  569 |             alSourcei(Sources[Chan], AL_BUFFER, Samp[SampleNum].Buffer);
      |                                      ^~~~~~~~~
/home/sblo/Dev/soldat-cpp/include/Sound.h:569:65: error: 'struct SoundSample' has no member named 'Buffer'
  569 |             alSourcei(Sources[Chan], AL_BUFFER, Samp[SampleNum].Buffer);
      |                                                                 ^~~~~~
/home/sblo/Dev/soldat-cpp/include/Sound.h:570:13: error: 'alSourcePlay' was not declared in this scope
  570 |             alSourcePlay(Sources[Chan]);
      |             ^~~~~~~~~~~~
/home/sblo/Dev/soldat-cpp/include/Sound.h: In function 'bool SoundImpl::StopSound(int)':
/home/sblo/Dev/soldat-cpp/include/Sound.h:592:26: error: 'Sources' was not declared in this scope
  592 |             alSourceStop(Sources[Channel]);
      |                          ^~~~~~~
/home/sblo/Dev/soldat-cpp/include/Sound.h:592:13: error: 'alSourceStop' was not declared in this scope
  592 |             alSourceStop(Sources[Channel]);
      |             ^~~~~~~~~~~~
/home/sblo/Dev/soldat-cpp/include/Sound.h: In function 'bool SoundImpl::SetSoundPaused(int, bool)':
/home/sblo/Dev/soldat-cpp/include/Sound.h:602:9: error: 'ALint' was not declared in this scope
  602 |         ALint state;
      |         ^~~~~
/home/sblo/Dev/soldat-cpp/include/Sound.h:603:22: error: 'Sources' was not declared in this scope
  603 |         alGetSourcei(Sources[Channel], AL_SOURCE_STATE, &state);
      |                      ^~~~~~~
/home/sblo/Dev/soldat-cpp/include/Sound.h:603:40: error: 'AL_SOURCE_STATE' was not declared in this scope
  603 |         alGetSourcei(Sources[Channel], AL_SOURCE_STATE, &state);
      |                                        ^~~~~~~~~~~~~~~
/home/sblo/Dev/soldat-cpp/include/Sound.h:603:58: error: 'state' was not declared in this scope; did you mean 'static'?
  603 |         alGetSourcei(Sources[Channel], AL_SOURCE_STATE, &state);
      |                                                          ^~~~~
      |                                                          static
/home/sblo/Dev/soldat-cpp/include/Sound.h:603:9: error: 'alGetSourcei' was not declared in this scope
  603 |         alGetSourcei(Sources[Channel], AL_SOURCE_STATE, &state);
      |         ^~~~~~~~~~~~
/home/sblo/Dev/soldat-cpp/include/Sound.h:605:23: error: 'AL_PLAYING' was not declared in this scope
  605 |         if ((state == AL_PLAYING) && Paused) {
      |                       ^~~~~~~~~~
/home/sblo/Dev/soldat-cpp/include/Sound.h:606:13: error: 'alSourcePause' was not declared in this scope
  606 |             alSourcePause(Sources[Channel]);
      |             ^~~~~~~~~~~~~
/home/sblo/Dev/soldat-cpp/include/Sound.h:607:30: error: 'AL_PAUSED' was not declared in this scope
  607 |         } else if ((state == AL_PAUSED) && !Paused) {
      |                              ^~~~~~~~~
/home/sblo/Dev/soldat-cpp/include/Sound.h:608:13: error: 'alSourcePlay' was not declared in this scope
  608 |             alSourcePlay(Sources[Channel]);
      |             ^~~~~~~~~~~~
/home/sblo/Dev/soldat-cpp/include/Sound.h: In function 'bool SoundImpl::SetVolume(int, float)':
/home/sblo/Dev/soldat-cpp/include/Sound.h:617:27: error: 'Sources' was not declared in this scope
  617 |                 alSourcef(Sources[i], AL_GAIN, Volume);
      |                           ^~~~~~~
/home/sblo/Dev/soldat-cpp/include/Sound.h:617:39: error: 'AL_GAIN' was not declared in this scope
  617 |                 alSourcef(Sources[i], AL_GAIN, Volume);
      |                                       ^~~~~~~
/home/sblo/Dev/soldat-cpp/include/Sound.h:617:17: error: 'alSourcef' was not declared in this scope
  617 |                 alSourcef(Sources[i], AL_GAIN, Volume);
      |                 ^~~~~~~~~
/home/sblo/Dev/soldat-cpp/include/Sound.h:621:27: error: 'Sources' was not declared in this scope
  621 |                 alSourcef(Sources[Channel], AL_GAIN, Volume);
      |                           ^~~~~~~
/home/sblo/Dev/soldat-cpp/include/Sound.h:621:45: error: 'AL_GAIN' was not declared in this scope
  621 |                 alSourcef(Sources[Channel], AL_GAIN, Volume);
      |                                             ^~~~~~~
/home/sblo/Dev/soldat-cpp/include/Sound.h:621:17: error: 'alSourcef' was not declared in this scope
  621 |                 alSourcef(Sources[Channel], AL_GAIN, Volume);
      |                 ^~~~~~~~~
/home/sblo/Dev/soldat-cpp/include/Sound.h: At global scope:
/home/sblo/Dev/soldat-cpp/include/Sound.h:629:18: error: 'SoundSample' has not been declared in 'SoundImpl'
  629 | using SoundImpl::SoundSample;
      |                  ^~~~~~~~~~~
/home/sblo/Dev/soldat-cpp/include/Sound.h:630:18: error: 'TScriptSound' has not been declared in 'SoundImpl'
  630 | using SoundImpl::TScriptSound;
      |                  ^~~~~~~~~~~~
/home/sblo/Dev/soldat-cpp/include/Sound.h:631:18: error: 'Samp' has not been declared in 'SoundImpl'
  631 | using SoundImpl::Samp;
      |                  ^~~~
/home/sblo/Dev/soldat-cpp/include/Sound.h:632:18: error: 'ScriptSamp' has not been declared in 'SoundImpl'
  632 | using SoundImpl::ScriptSamp;
      |                  ^~~~~~~~~~
/home/sblo/Dev/soldat-cpp/include/Sound.h:633:18: error: 'VolumeInternal' has not been declared in 'SoundImpl'
  633 | using SoundImpl::VolumeInternal;
      |                  ^~~~~~~~~~~~~~
/home/sblo/Dev/soldat-cpp/include/Sound.h:634:18: error: 'ALDevice' has not been declared in 'SoundImpl'
  634 | using SoundImpl::ALDevice;
      |                  ^~~~~~~~
/home/sblo/Dev/soldat-cpp/include/Sound.h:635:18: error: 'ALContext' has not been declared in 'SoundImpl'
  635 | using SoundImpl::ALContext;
      |                  ^~~~~~~~~
/home/sblo/Dev/soldat-cpp/include/Sound.h:636:18: error: 'Sources' has not been declared in 'SoundImpl'
  636 | using SoundImpl::Sources;
      |                  ^~~~~~~
/home/sblo/Dev/soldat-cpp/include/Sound.h:637:18: error: 'DefaultChannel' has not been declared in 'SoundImpl'
  637 | using SoundImpl::DefaultChannel;
      |                  ^~~~~~~~~~~~~~
/home/sblo/Dev/soldat-cpp/include/Sound.h:638:18: error: 'bool SoundImpl::InitSound()' conflicts with a previous declaration
  638 | using SoundImpl::InitSound;
      |                  ^~~~~~~~~
/home/sblo/Dev/soldat-cpp/include/Sound.h:108:6: note: previous declaration 'bool InitSound()'
  108 | bool InitSound();
      |      ^~~~~~~~~
/home/sblo/Dev/soldat-cpp/include/Sound.h:639:18: error: 'short int SoundImpl::SoundNameToID(const std::string&)' conflicts with a previous declaration
  639 | using SoundImpl::SoundNameToID;
      |                  ^~~~~~~~~~~~~
/home/sblo/Dev/soldat-cpp/include/Sound.h:109:7: note: previous declaration 'short int SoundNameToID(const std::string&)'
  109 | short SoundNameToID(const std::string& Name);
      |       ^~~~~~~~~~~~~
/home/sblo/Dev/soldat-cpp/include/Sound.h:640:18: error: 'SoundSample SoundImpl::LoadSample(const char*, SoundSample)' conflicts with a previous declaration
  640 | using SoundImpl::LoadSample;
      |                  ^~~~~~~~~~
/home/sblo/Dev/soldat-cpp/include/Sound.h:110:13: note: previous declaration 'SoundSample LoadSample(const char*, SoundSample)'
  110 | SoundSample LoadSample(const char* Name, SoundSample samp);
      |             ^~~~~~~~~~
/home/sblo/Dev/soldat-cpp/include/Sound.h:641:18: error: 'float SoundImpl::ScaleVolumeSetting(uint8_t)' conflicts with a previous declaration
  641 | using SoundImpl::ScaleVolumeSetting;
      |                  ^~~~~~~~~~~~~~~~~~
/home/sblo/Dev/soldat-cpp/include/Sound.h:111:7: note: previous declaration 'float ScaleVolumeSetting(uint8_t)'
  111 | float ScaleVolumeSetting(uint8_t VolumeSetting);
      |       ^~~~~~~~~~~~~~~~~~
/home/sblo/Dev/soldat-cpp/include/Sound.h:642:18: error: 'void SoundImpl::LoadSounds(const std::string&)' conflicts with a previous declaration
  642 | using SoundImpl::LoadSounds;
      |                  ^~~~~~~~~~
/home/sblo/Dev/soldat-cpp/include/Sound.h:112:6: note: previous declaration 'void LoadSounds(const std::string&)'
  112 | void LoadSounds(const std::string& ModDir);
      |      ^~~~~~~~~~
/home/sblo/Dev/soldat-cpp/include/Sound.h:643:18: error: 'void SoundImpl::CloseSound()' conflicts with a previous declaration
  643 | using SoundImpl::CloseSound;
      |                  ^~~~~~~~~~
/home/sblo/Dev/soldat-cpp/include/Sound.h:113:6: note: previous declaration 'void CloseSound()'
  113 | void CloseSound();
      |      ^~~~~~~~~~
/home/sblo/Dev/soldat-cpp/include/Sound.h:645:18: error: 'void SoundImpl::PlaySound(int, const TVector2&, int&)' conflicts with a previous declaration
  645 | using SoundImpl::PlaySound;
      |                  ^~~~~~~~~
/home/sblo/Dev/soldat-cpp/include/Sound.h:119:6: note: previous declaration 'void PlaySound(int, const TVector2&, int&)'
  119 | void PlaySound(int Sample, const TVector2& Emitter, int& Channel); // overload
      |      ^~~~~~~~~
/home/sblo/Dev/soldat-cpp/include/Sound.h:645:18: error: 'void SoundImpl::PlaySound(int, const TVector2&)' conflicts with a previous declaration
  645 | using SoundImpl::PlaySound;
      |                  ^~~~~~~~~
/home/sblo/Dev/soldat-cpp/include/Sound.h:118:6: note: previous declaration 'void PlaySound(int, const TVector2&)'
  118 | void PlaySound(int Sample, const TVector2& Emitter); // overload
      |      ^~~~~~~~~
/home/sblo/Dev/soldat-cpp/include/Sound.h:645:18: error: 'void SoundImpl::PlaySound(int, int)' conflicts with a previous declaration
  645 | using SoundImpl::PlaySound;
      |                  ^~~~~~~~~
/home/sblo/Dev/soldat-cpp/include/Sound.h:117:6: note: previous declaration 'void PlaySound(int, int)'
  117 | void PlaySound(int Sample, int Channel); // overload
      |      ^~~~~~~~~
/home/sblo/Dev/soldat-cpp/include/Sound.h:645:18: error: 'void SoundImpl::PlaySound(int)' conflicts with a previous declaration
  645 | using SoundImpl::PlaySound;
      |                  ^~~~~~~~~
/home/sblo/Dev/soldat-cpp/include/Sound.h:116:6: note: previous declaration 'void PlaySound(int)'
  116 | void PlaySound(int Sample); // overload
      |      ^~~~~~~~~
/home/sblo/Dev/soldat-cpp/include/Sound.h:646:18: error: 'bool SoundImpl::StopSound(int)' conflicts with a previous declaration
  646 | using SoundImpl::StopSound;
      |                  ^~~~~~~~~
/home/sblo/Dev/soldat-cpp/include/Sound.h:120:6: note: previous declaration 'bool StopSound(int)'
  120 | bool StopSound(int Channel);
      |      ^~~~~~~~~
/home/sblo/Dev/soldat-cpp/include/Sound.h:647:18: error: 'bool SoundImpl::SetSoundPaused(int, bool)' conflicts with a previous declaration
  647 | using SoundImpl::SetSoundPaused;
      |                  ^~~~~~~~~~~~~~
/home/sblo/Dev/soldat-cpp/include/Sound.h:121:6: note: previous declaration 'bool SetSoundPaused(int, bool)'
  121 | bool SetSoundPaused(int Channel, bool Paused);
      |      ^~~~~~~~~~~~~~
/home/sblo/Dev/soldat-cpp/include/Sound.h:648:18: error: 'bool SoundImpl::SetVolume(int, float)' conflicts with a previous declaration
  648 | using SoundImpl::SetVolume;
      |                  ^~~~~~~~~
/home/sblo/Dev/soldat-cpp/include/Sound.h:122:6: note: previous declaration 'bool SetVolume(int, float)'
  122 | bool SetVolume(int Channel, float Volume);
      |      ^~~~~~~~~
/home/sblo/Dev/soldat-cpp/include/Sound.h:653:14: warning: 'VolumeInternal' initialized and declared 'extern'
  653 | extern float VolumeInternal = 1.0f;
      |              ^~~~~~~~~~~~~~
/home/sblo/Dev/soldat-cpp/include/Sound.h:654:8: error: 'ALCdevice' does not name a type
  654 | extern ALCdevice* ALDevice = nullptr;
      |        ^~~~~~~~~
/home/sblo/Dev/soldat-cpp/include/Sound.h:655:8: error: 'ALCcontext' does not name a type
  655 | extern ALCcontext* ALContext = nullptr;
      |        ^~~~~~~~~~
/home/sblo/Dev/soldat-cpp/include/Sound.h:656:8: error: 'ALuint' does not name a type; did you mean 'uint'?
  656 | extern ALuint Sources[MAX_SOURCES];
      |        ^~~~~~
      |        uint
/home/sblo/Dev/soldat-cpp/include/Sound.h:657:12: warning: 'DefaultChannel' initialized and declared 'extern'
  657 | extern int DefaultChannel = -1;
      |            ^~~~~~~~~~~~~~
In file included from /home/sblo/Dev/soldat-cpp/include/GameRendering.h:14,
                 from /home/sblo/Dev/soldat-cpp/include/UpdateFrame.h:15:
/home/sblo/Dev/soldat-cpp/include/Gfx.h: In member function 'bool TGfxSpritesheet::Loading() const':
/home/sblo/Dev/soldat-cpp/include/Gfx.h:361:44: error: passing 'const TGfxSpritesheet' as 'this' argument discards qualifiers [-fpermissive]
  361 |     bool Loading() const { return IsLoading(); }
      |                                   ~~~~~~~~~^~
/home/sblo/Dev/soldat-cpp/include/Gfx.h:339:10: note:   in call to 'bool TGfxSpritesheet::IsLoading()'
  339 |     bool IsLoading();
      |          ^~~~~~~~~
/home/sblo/Dev/soldat-cpp/include/Gfx.h: At global scope:
/home/sblo/Dev/soldat-cpp/include/Gfx.h:482:16: error: 'TGfxColor GfxImpl::ARGB(uint32_t)' conflicts with a previous declaration
  482 | using GfxImpl::ARGB;
      |                ^~~~
/home/sblo/Dev/soldat-cpp/include/Gfx.h:125:11: note: previous declaration 'TGfxColor ARGB(uint32_t)'
  125 | TGfxColor ARGB(uint32_t argb);
      |           ^~~~
/home/sblo/Dev/soldat-cpp/include/Gfx.h:483:16: error: 'TGfxColor GfxImpl::RGBA(uint32_t, float)' conflicts with a previous declaration
  483 | using GfxImpl::RGBA;
      |                ^~~~
/home/sblo/Dev/soldat-cpp/include/Gfx.h:130:11: note: previous declaration 'TGfxColor RGBA(uint32_t, float)'
  130 | TGfxColor RGBA(uint32_t rgb, float a);
      |           ^~~~
/home/sblo/Dev/soldat-cpp/include/Gfx.h:483:16: error: 'TGfxColor GfxImpl::RGBA(uint8_t, uint8_t, uint8_t, double)' conflicts with a previous declaration
  483 | using GfxImpl::RGBA;
      |                ^~~~
/home/sblo/Dev/soldat-cpp/include/Gfx.h:129:11: note: previous declaration 'TGfxColor RGBA(uint8_t, uint8_t, uint8_t, double)'
  129 | TGfxColor RGBA(uint8_t r, uint8_t g, uint8_t b, double a);
      |           ^~~~
/home/sblo/Dev/soldat-cpp/include/Gfx.h:483:16: error: 'TGfxColor GfxImpl::RGBA(uint32_t)' conflicts with a previous declaration
  483 | using GfxImpl::RGBA;
      |                ^~~~
/home/sblo/Dev/soldat-cpp/include/Gfx.h:128:11: note: previous declaration 'TGfxColor RGBA(uint32_t)'
  128 | TGfxColor RGBA(uint32_t rgba);
      |           ^~~~
/home/sblo/Dev/soldat-cpp/include/Gfx.h:483:16: error: 'TGfxColor GfxImpl::RGBA(uint8_t, uint8_t, uint8_t)' conflicts with a previous declaration
  483 | using GfxImpl::RGBA;
      |                ^~~~
/home/sblo/Dev/soldat-cpp/include/Gfx.h:127:11: note: previous declaration 'TGfxColor RGBA(uint8_t, uint8_t, uint8_t)'
  127 | TGfxColor RGBA(uint8_t r, uint8_t g, uint8_t b);
      |           ^~~~
/home/sblo/Dev/soldat-cpp/include/Gfx.h:483:16: error: 'TGfxColor GfxImpl::RGBA(uint8_t, uint8_t, uint8_t, uint8_t)' conflicts with a previous declaration
  483 | using GfxImpl::RGBA;
      |                ^~~~
/home/sblo/Dev/soldat-cpp/include/Gfx.h:126:11: note: previous declaration 'TGfxColor RGBA(uint8_t, uint8_t, uint8_t, uint8_t)'
  126 | TGfxColor RGBA(uint8_t r, uint8_t g, uint8_t b, uint8_t a);
      |           ^~~~
/home/sblo/Dev/soldat-cpp/include/Gfx.h:484:16: error: 'TGfxVertex GfxImpl::GfxVertex(float, float, float, float, const TGfxColor&)' conflicts with a previous declaration
  484 | using GfxImpl::GfxVertex;
      |                ^~~~~~~~~
/home/sblo/Dev/soldat-cpp/include/Gfx.h:131:12: note: previous declaration 'TGfxVertex GfxVertex(float, float, float, float, const TGfxColor&)'
  131 | TGfxVertex GfxVertex(float x, float y, float u, float v, const TGfxColor& c);
      |            ^~~~~~~~~
/home/sblo/Dev/soldat-cpp/include/Gfx.h:485:16: error: 'int GfxImpl::Npot(int)' conflicts with a previous declaration
  485 | using GfxImpl::Npot;
      |                ^~~~
/home/sblo/Dev/soldat-cpp/include/Gfx.h:225:5: note: previous declaration 'int Npot(int)'
  225 | int Npot(int x);
      |     ^~~~
/home/sblo/Dev/soldat-cpp/include/Gfx.h:486:16: error: 'float GfxImpl::RectWidth(const TGfxRect&)' conflicts with a previous declaration
  486 | using GfxImpl::RectWidth;
      |                ^~~~~~~~~
/home/sblo/Dev/soldat-cpp/include/Gfx.h:226:7: note: previous declaration 'float RectWidth(const TGfxRect&)'
  226 | float RectWidth(const TGfxRect& Rect);
      |       ^~~~~~~~~
/home/sblo/Dev/soldat-cpp/include/Gfx.h:487:16: error: 'float GfxImpl::RectHeight(const TGfxRect&)' conflicts with a previous declaration
  487 | using GfxImpl::RectHeight;
      |                ^~~~~~~~~~
/home/sblo/Dev/soldat-cpp/include/Gfx.h:227:7: note: previous declaration 'float RectHeight(const TGfxRect&)'
  227 | float RectHeight(const TGfxRect& Rect);
      |       ^~~~~~~~~~
/home/sblo/Dev/soldat-cpp/include/Gfx.h:488:16: error: 'void GfxImpl::GfxMat3Rot(float, float*)' conflicts with a previous declaration
  488 | using GfxImpl::GfxMat3Rot;
      |                ^~~~~~~~~~
/home/sblo/Dev/soldat-cpp/include/Gfx.h:218:6: note: previous declaration 'void GfxMat3Rot(float, float*)'
  218 | void GfxMat3Rot(float r, float* result);
      |      ^~~~~~~~~~
/home/sblo/Dev/soldat-cpp/include/Gfx.h:489:16: error: 'void GfxImpl::GfxMat3Ortho(float, float, float, float, float*)' conflicts with a previous declaration
  489 | using GfxImpl::GfxMat3Ortho;
      |                ^~~~~~~~~~~~
/home/sblo/Dev/soldat-cpp/include/Gfx.h:219:6: note: previous declaration 'void GfxMat3Ortho(float, float, float, float, float*)'
  219 | void GfxMat3Ortho(float l, float r, float t, float b, float* result);
      |      ^~~~~~~~~~~~
/home/sblo/Dev/soldat-cpp/include/Gfx.h:490:16: error: 'void GfxImpl::GfxMat3Transform(float, float, float, float, float, float, float, float*)' conflicts with a previous declaration
  490 | using GfxImpl::GfxMat3Transform;
      |                ^~~~~~~~~~~~~~~~
/home/sblo/Dev/soldat-cpp/include/Gfx.h:220:6: note: previous declaration 'void GfxMat3Transform(float, float, float, float, float, float, float, float*)'
  220 | void GfxMat3Transform(float tx, float ty, float sx, float sy, float cx, float cy,
      |      ^~~~~~~~~~~~~~~~
/home/sblo/Dev/soldat-cpp/include/Gfx.h:491:16: error: 'TVector2 GfxImpl::GfxMat3Mul(const float*, float, float)' conflicts with a previous declaration
  491 | using GfxImpl::GfxMat3Mul;
      |                ^~~~~~~~~~
/home/sblo/Dev/soldat-cpp/include/Gfx.h:222:10: note: previous declaration 'TVector2 GfxMat3Mul(const float*, float, float)'
  222 | TVector2 GfxMat3Mul(const float* m, float x, float y);
      |          ^~~~~~~~~~
In file included from /home/sblo/Dev/soldat-cpp/include/GameRendering.h:22:
/home/sblo/Dev/soldat-cpp/include/InterfaceGraphics.h: In function 'bool InterfaceGraphicsImpl::IsInteractiveInterface()':
/home/sblo/Dev/soldat-cpp/include/InterfaceGraphics.h:235:33: error: '__gnu_cxx::__alloc_traits<std::allocator<std::unique_ptr<TSprite> >, std::unique_ptr<TSprite> >::value_type' {aka 'class std::unique_ptr<TSprite>'} has no member named 'IsNotSpectator'
  235 |         return Sprite[MySprite].IsNotSpectator ||
      |                                 ^~~~~~~~~~~~~~
/home/sblo/Dev/soldat-cpp/include/InterfaceGraphics.h:236:64: error: invalid use of member function 'T CvarImpl::TCvar<T>::Value() const [with T = bool]' (did you forget the '()' ?)
  236 |             ((CameraFollowSprite > 0) && (sv_advancedspectator.Value));
      |                                          ~~~~~~~~~~~~~~~~~~~~~~^~~~~~
      |                                                                      ()
/home/sblo/Dev/soldat-cpp/include/InterfaceGraphics.h: In function 'float InterfaceGraphicsImpl::PixelAlignX(float)':
/home/sblo/Dev/soldat-cpp/include/InterfaceGraphics.h:240:31: error: 'RenderWidth' was not declared in this scope; did you mean 'r_renderwidth'?
  240 |         TVector2 PixelSize = {RenderWidth / RenderWidth, RenderHeight / RenderHeight};
      |                               ^~~~~~~~~~~
      |                               r_renderwidth
/home/sblo/Dev/soldat-cpp/include/InterfaceGraphics.h:240:58: error: 'RenderHeight' was not declared in this scope; did you mean 'r_renderheight'?
  240 |         TVector2 PixelSize = {RenderWidth / RenderWidth, RenderHeight / RenderHeight};
      |                                                          ^~~~~~~~~~~~
      |                                                          r_renderheight
/home/sblo/Dev/soldat-cpp/include/InterfaceGraphics.h: In function 'float InterfaceGraphicsImpl::PixelAlignY(float)':
/home/sblo/Dev/soldat-cpp/include/InterfaceGraphics.h:245:31: error: 'RenderWidth' was not declared in this scope; did you mean 'r_renderwidth'?
  245 |         TVector2 PixelSize = {RenderWidth / RenderWidth, RenderHeight / RenderHeight};
      |                               ^~~~~~~~~~~
      |                               r_renderwidth
/home/sblo/Dev/soldat-cpp/include/InterfaceGraphics.h:245:58: error: 'RenderHeight' was not declared in this scope; did you mean 'r_renderheight'?
  245 |         TVector2 PixelSize = {RenderWidth / RenderWidth, RenderHeight / RenderHeight};
      |                                                          ^~~~~~~~~~~~
      |                                                          r_renderheight
/home/sblo/Dev/soldat-cpp/include/InterfaceGraphics.h: In function 'TVector2 InterfaceGraphicsImpl::ToMinimap(const TVector2&, float)':
/home/sblo/Dev/soldat-cpp/include/InterfaceGraphics.h:268:18: error: 'Textures' was not declared in this scope
  268 |         Scale *= Textures[GFX_INTERFACE_SMALLDOT].Scale;
      |                  ^~~~~~~~
/home/sblo/Dev/soldat-cpp/include/InterfaceGraphics.h:268:27: error: 'GFX_INTERFACE_SMALLDOT' was not declared in this scope
  268 |         Scale *= Textures[GFX_INTERFACE_SMALLDOT].Scale;
      |                           ^~~~~~~~~~~~~~~~~~~~~~
/home/sblo/Dev/soldat-cpp/include/InterfaceGraphics.h:270:56: error: '_rscala' was not declared in this scope; did you mean '_RScala'?
  270 |         Result.x = PixelAlignX(ui_minimap_posx.Value * _rscala.x + Result.x -
      |                                                        ^~~~~~~
      |                                                        _RScala
/home/sblo/Dev/soldat-cpp/include/InterfaceGraphics.h:273:48: error: invalid use of member function 'T CvarImpl::TCvar<T>::Value() const [with T = int]' (did you forget the '()' ?)
  273 |         Result.y = PixelAlignY(ui_minimap_posy.Value + Result.y -
      |                                ~~~~~~~~~~~~~~~~^~~~~
      |                                                     ()
/home/sblo/Dev/soldat-cpp/include/InterfaceGraphics.h:263:47: warning: unused parameter 'Pos' [-Wunused-parameter]
  263 |     inline TVector2 ToMinimap(const TVector2& Pos, float Scale = 1.0f) {
      |                               ~~~~~~~~~~~~~~~~^~~
/home/sblo/Dev/soldat-cpp/include/InterfaceGraphics.h: In function 'void InterfaceGraphicsImpl::RenderBar(int, uint8_t, int, int, int, int, int, int, int, float, bool)':
/home/sblo/Dev/soldat-cpp/include/InterfaceGraphics.h:286:13: error: 'Textures' was not declared in this scope
  286 |         w = Textures[t].Width;
      |             ^~~~~~~~
/home/sblo/Dev/soldat-cpp/include/InterfaceGraphics.h:289:37: error: '_iscala' was not declared in this scope; did you mean '_IScala'?
  289 |         float px = PixelAlignX(rx * _iscala.x) + (x - rx);
      |                                     ^~~~~~~
      |                                     _IScala
/home/sblo/Dev/soldat-cpp/include/InterfaceGraphics.h:315:50: error: 'DegToRad' was not declared in this scope; did you mean 'Util::DegToRad'?
  315 |         GfxDrawSprite(Textures[t], px, py, 0, 0, DegToRad(r), RGBA(0xFFFFFF, Int.Alpha), rc);
      |                                                  ^~~~~~~~
      |                                                  Util::DegToRad
In file included from /home/sblo/Dev/soldat-cpp/include/Client.h:18:
/home/sblo/Dev/soldat-cpp/include/Util.h:293:18: note: 'Util::DegToRad' declared here
  293 |     inline float DegToRad(float degrees) {
      |                  ^~~~~~~~
/home/sblo/Dev/soldat-cpp/include/InterfaceGraphics.h:315:78: error: 'Int' was not declared in this scope; did you mean 'int'?
  315 |         GfxDrawSprite(Textures[t], px, py, 0, 0, DegToRad(r), RGBA(0xFFFFFF, Int.Alpha), rc);
      |                                                                              ^~~
      |                                                                              int
/home/sblo/Dev/soldat-cpp/include/InterfaceGraphics.h: In function 'void InterfaceGraphicsImpl::GetWeaponAttribs(int, std::vector<TAttr>&)':
/home/sblo/Dev/soldat-cpp/include/InterfaceGraphics.h:318:38: warning: unused parameter 'i' [-Wunused-parameter]
  318 |     inline void GetWeaponAttribs(int i, std::vector<TAttr>& Attrs) {
      |                                  ~~~~^
/home/sblo/Dev/soldat-cpp/include/InterfaceGraphics.h:318:61: warning: unused parameter 'Attrs' [-Wunused-parameter]
  318 |     inline void GetWeaponAttribs(int i, std::vector<TAttr>& Attrs) {
      |                                         ~~~~~~~~~~~~~~~~~~~~^~~~~
/home/sblo/Dev/soldat-cpp/include/InterfaceGraphics.h: At global scope:
/home/sblo/Dev/soldat-cpp/include/InterfaceGraphics.h:326:30: error: 'LoadInterfaceArchives' has not been declared in 'InterfaceGraphicsImpl'
  326 | using InterfaceGraphicsImpl::LoadInterfaceArchives;
      |                              ^~~~~~~~~~~~~~~~~~~~~
/home/sblo/Dev/soldat-cpp/include/InterfaceGraphics.h:327:30: error: 'LoadInterfaceData' has not been declared in 'InterfaceGraphicsImpl'
  327 | using InterfaceGraphicsImpl::LoadInterfaceData;
      |                              ^~~~~~~~~~~~~~~~~
/home/sblo/Dev/soldat-cpp/include/InterfaceGraphics.h:328:30: error: 'RenderInterface' has not been declared in 'InterfaceGraphicsImpl'
  328 | using InterfaceGraphicsImpl::RenderInterface;
      |                              ^~~~~~~~~~~~~~~
/home/sblo/Dev/soldat-cpp/include/InterfaceGraphics.h:329:30: error: 'RenderActionSnapText' has not been declared in 'InterfaceGraphicsImpl'
  329 | using InterfaceGraphicsImpl::RenderActionSnapText;
      |                              ^~~~~~~~~~~~~~~~~~~~
/home/sblo/Dev/soldat-cpp/include/InterfaceGraphics.h:330:30: error: 'IsDefaultInterface' has not been declared in 'InterfaceGraphicsImpl'
  330 | using InterfaceGraphicsImpl::IsDefaultInterface;
      |                              ^~~~~~~~~~~~~~~~~~
In file included from /home/sblo/Dev/soldat-cpp/include/GameRendering.h:25:
/home/sblo/Dev/soldat-cpp/include/GostekGraphics.h:73:17: error: variable or field 'DrawGostekSprite' declared void
   73 |     inline void DrawGostekSprite(PGfxSprite Sprite, float x, float y, float sx,
      |                 ^~~~~~~~~~~~~~~~
/home/sblo/Dev/soldat-cpp/include/GostekGraphics.h:73:34: error: 'PGfxSprite' was not declared in this scope; did you mean 'TGfxSprite'?
   73 |     inline void DrawGostekSprite(PGfxSprite Sprite, float x, float y, float sx,
      |                                  ^~~~~~~~~~
      |                                  TGfxSprite
/home/sblo/Dev/soldat-cpp/include/GostekGraphics.h:73:53: error: expected primary-expression before 'float'
   73 |     inline void DrawGostekSprite(PGfxSprite Sprite, float x, float y, float sx,
      |                                                     ^~~~~
/home/sblo/Dev/soldat-cpp/include/GostekGraphics.h:73:62: error: expected primary-expression before 'float'
   73 |     inline void DrawGostekSprite(PGfxSprite Sprite, float x, float y, float sx,
      |                                                              ^~~~~
/home/sblo/Dev/soldat-cpp/include/GostekGraphics.h:73:71: error: expected primary-expression before 'float'
   73 |     inline void DrawGostekSprite(PGfxSprite Sprite, float x, float y, float sx,
      |                                                                       ^~~~~
/home/sblo/Dev/soldat-cpp/include/GostekGraphics.h:74:34: error: expected primary-expression before 'float'
   74 |                                  float sy, float cx, float cy, float r,
      |                                  ^~~~~
/home/sblo/Dev/soldat-cpp/include/GostekGraphics.h:74:44: error: expected primary-expression before 'float'
   74 |                                  float sy, float cx, float cy, float r,
      |                                            ^~~~~
/home/sblo/Dev/soldat-cpp/include/GostekGraphics.h:74:54: error: expected primary-expression before 'float'
   74 |                                  float sy, float cx, float cy, float r,
      |                                                      ^~~~~
/home/sblo/Dev/soldat-cpp/include/GostekGraphics.h:74:64: error: expected primary-expression before 'float'
   74 |                                  float sy, float cx, float cy, float r,
      |                                                                ^~~~~
/home/sblo/Dev/soldat-cpp/include/GostekGraphics.h:75:34: error: expected primary-expression before 'const'
   75 |                                  const TGfxColor& Color) {
      |                                  ^~~~~
/home/sblo/Dev/soldat-cpp/include/GostekGraphics.h: In function 'void GostekGraphicsImpl::RenderGostek(TSprite&)':
/home/sblo/Dev/soldat-cpp/include/GostekGraphics.h:108:22: error: 'struct TSprite' has no member named 'Style'
  108 |         if ((Soldier.Style != 1) ||
      |                      ^~~~~
/home/sblo/Dev/soldat-cpp/include/GostekGraphics.h:109:22: error: 'struct TSprite' has no member named 'CeaseFireCounter'
  109 |             (Soldier.CeaseFireCounter > CeaseFireTime - 5) ||
      |                      ^~~~~~~~~~~~~~~~
/home/sblo/Dev/soldat-cpp/include/GostekGraphics.h:110:51: error: 'struct TSprite' has no member named 'Visible'
  110 |             ((sv_realisticmode.Value) && (Soldier.Visible == 0)) ||
      |                                                   ^~~~~~~
/home/sblo/Dev/soldat-cpp/include/GostekGraphics.h:112:29: error: request for member 'Name' in 'Soldier.TSprite::Player', which is of pointer type 'TPlayer*' (maybe you meant to use '->' ?)
  112 |             (Soldier.Player.Name == "") ||
      |                             ^~~~
/home/sblo/Dev/soldat-cpp/include/GostekGraphics.h:113:29: error: request for member 'DemoPlayer' in 'Soldier.TSprite::Player', which is of pointer type 'TPlayer*' (maybe you meant to use '->' ?)
  113 |             (Soldier.Player.DemoPlayer)) {
      |                             ^~~~~~~~~~
/home/sblo/Dev/soldat-cpp/include/GostekGraphics.h:125:54: error: request for member 'ShirtColor' in 'Soldier.TSprite::Player', which is of pointer type 'TPlayer*' (maybe you meant to use '->' ?)
  125 |         Color[COLOR_MAIN]      = RGBA(Soldier.Player.ShirtColor);
      |                                                      ^~~~~~~~~~
/home/sblo/Dev/soldat-cpp/include/GostekGraphics.h:126:54: error: request for member 'PantsColor' in 'Soldier.TSprite::Player', which is of pointer type 'TPlayer*' (maybe you meant to use '->' ?)
  126 |         Color[COLOR_PANTS]     = RGBA(Soldier.Player.PantsColor);
      |                                                      ^~~~~~~~~~
/home/sblo/Dev/soldat-cpp/include/GostekGraphics.h:127:54: error: request for member 'SkinColor' in 'Soldier.TSprite::Player', which is of pointer type 'TPlayer*' (maybe you meant to use '->' ?)
  127 |         Color[COLOR_SKIN]      = RGBA(Soldier.Player.SkinColor);
      |                                                      ^~~~~~~~~
/home/sblo/Dev/soldat-cpp/include/GostekGraphics.h:128:54: error: request for member 'HairColor' in 'Soldier.TSprite::Player', which is of pointer type 'TPlayer*' (maybe you meant to use '->' ?)
  128 |         Color[COLOR_HAIR]      = RGBA(Soldier.Player.HairColor);
      |                                                      ^~~~~~~~~
/home/sblo/Dev/soldat-cpp/include/GostekGraphics.h:132:21: error: 'struct TSprite' has no member named 'HasCigar'
  132 |         if (Soldier.HasCigar == 5) {
      |                     ^~~~~~~~
/home/sblo/Dev/soldat-cpp/include/GostekGraphics.h:136:37: error: 'struct TSprite' has no member named 'Alpha'
  136 |         Alpha[ALPHA_BASE] = Soldier.Alpha;
      |                                     ^~~~~
/home/sblo/Dev/soldat-cpp/include/GostekGraphics.h:139:41: error: invalid 'static_cast' from type '<unresolved overloaded function type>' to type 'int'
  139 |         if (Soldier.Health > (90 - 40 * static_cast<int>(sv_realisticmode.Value))) {
      |                                         ^~~~~~~~~~~~~~~~~~~~~~~~~~~~~~~~~~~~~~~~
/home/sblo/Dev/soldat-cpp/include/GostekGraphics.h:143:50: error: 'struct TSprite' has no member named 'Visible'
  143 |         if ((sv_realisticmode.Value) && (Soldier.Visible > 0) && (Soldier.Visible < 45) &&
      |                                                  ^~~~~~~
/home/sblo/Dev/soldat-cpp/include/GostekGraphics.h:143:75: error: 'struct TSprite' has no member named 'Visible'
  143 |         if ((sv_realisticmode.Value) && (Soldier.Visible > 0) && (Soldier.Visible < 45) &&
      |                                                                           ^~~~~~~
/home/sblo/Dev/soldat-cpp/include/GostekGraphics.h:144:22: error: 'struct TSprite' has no member named 'Alpha'
  144 |             (Soldier.Alpha > 60)) {
      |                      ^~~~~
/home/sblo/Dev/soldat-cpp/include/GostekGraphics.h:145:21: error: 'struct TSprite' has no member named 'Alpha'
  145 |             Soldier.Alpha = 3 * Soldier.Visible;
      |                     ^~~~~
/home/sblo/Dev/soldat-cpp/include/GostekGraphics.h:145:41: error: 'struct TSprite' has no member named 'Visible'
  145 |             Soldier.Alpha = 3 * Soldier.Visible;
      |                                         ^~~~~~~
/home/sblo/Dev/soldat-cpp/include/GostekGraphics.h:146:41: error: 'struct TSprite' has no member named 'Alpha'
  146 |             Alpha[ALPHA_BASE] = Soldier.Alpha;
      |                                         ^~~~~
/home/sblo/Dev/soldat-cpp/include/GostekGraphics.h:154:28: error: 'GOSTEK_LEFT_THIGH_DMG' was not declared in this scope
  154 |             Visible.insert(GOSTEK_LEFT_THIGH_DMG);
      |                            ^~~~~~~~~~~~~~~~~~~~~
/home/sblo/Dev/soldat-cpp/include/GostekGraphics.h:155:28: error: 'GOSTEK_LEFT_LOWERLEG_DMG' was not declared in this scope
  155 |             Visible.insert(GOSTEK_LEFT_LOWERLEG_DMG);
      |                            ^~~~~~~~~~~~~~~~~~~~~~~~
/home/sblo/Dev/soldat-cpp/include/GostekGraphics.h:156:28: error: 'GOSTEK_LEFT_FOREARM_DMG' was not declared in this scope
  156 |             Visible.insert(GOSTEK_LEFT_FOREARM_DMG);
      |                            ^~~~~~~~~~~~~~~~~~~~~~~
/home/sblo/Dev/soldat-cpp/include/GostekGraphics.h:157:28: error: 'GOSTEK_LEFT_ARM_DMG' was not declared in this scope
  157 |             Visible.insert(GOSTEK_LEFT_ARM_DMG);
      |                            ^~~~~~~~~~~~~~~~~~~
/home/sblo/Dev/soldat-cpp/include/GostekGraphics.h:158:28: error: 'GOSTEK_CHEST_DMG' was not declared in this scope
  158 |             Visible.insert(GOSTEK_CHEST_DMG);
      |                            ^~~~~~~~~~~~~~~~
/home/sblo/Dev/soldat-cpp/include/GostekGraphics.h:159:28: error: 'GOSTEK_HIP_DMG' was not declared in this scope
  159 |             Visible.insert(GOSTEK_HIP_DMG);
      |                            ^~~~~~~~~~~~~~
/home/sblo/Dev/soldat-cpp/include/GostekGraphics.h:160:28: error: 'GOSTEK_HEAD_DMG' was not declared in this scope
  160 |             Visible.insert(GOSTEK_HEAD_DMG);
      |                            ^~~~~~~~~~~~~~~
/home/sblo/Dev/soldat-cpp/include/GostekGraphics.h:161:28: error: 'GOSTEK_RIGHT_THIGH_DMG' was not declared in this scope
  161 |             Visible.insert(GOSTEK_RIGHT_THIGH_DMG);
      |                            ^~~~~~~~~~~~~~~~~~~~~~
/home/sblo/Dev/soldat-cpp/include/GostekGraphics.h:162:28: error: 'GOSTEK_RIGHT_LOWERLEG_DMG' was not declared in this scope
  162 |             Visible.insert(GOSTEK_RIGHT_LOWERLEG_DMG);
      |                            ^~~~~~~~~~~~~~~~~~~~~~~~~
/home/sblo/Dev/soldat-cpp/include/GostekGraphics.h:163:28: error: 'GOSTEK_RIGHT_FOREARM_DMG' was not declared in this scope
  163 |             Visible.insert(GOSTEK_RIGHT_FOREARM_DMG);
      |                            ^~~~~~~~~~~~~~~~~~~~~~~~
/home/sblo/Dev/soldat-cpp/include/GostekGraphics.h:164:28: error: 'GOSTEK_RIGHT_ARM_DMG' was not declared in this scope
  164 |             Visible.insert(GOSTEK_RIGHT_ARM_DMG);
      |                            ^~~~~~~~~~~~~~~~~~~~
/home/sblo/Dev/soldat-cpp/include/GostekGraphics.h:168:30: error: 'struct TSprite::<unnamed>' has no member named 'Jetpack'
  168 |         if ((Soldier.Control.Jetpack) && (Soldier.JetsCount > 0)) {
      |                              ^~~~~~~
/home/sblo/Dev/soldat-cpp/include/GostekGraphics.h:168:51: error: 'struct TSprite' has no member named 'JetsCount'
  168 |         if ((Soldier.Control.Jetpack) && (Soldier.JetsCount > 0)) {
      |                                                   ^~~~~~~~~
/home/sblo/Dev/soldat-cpp/include/GostekGraphics.h:169:27: error: 'GOSTEK_LEFT_FOOT' was not declared in this scope
  169 |             Visible.erase(GOSTEK_LEFT_FOOT);
      |                           ^~~~~~~~~~~~~~~~
/home/sblo/Dev/soldat-cpp/include/GostekGraphics.h:170:27: error: 'GOSTEK_RIGHT_FOOT' was not declared in this scope
  170 |             Visible.erase(GOSTEK_RIGHT_FOOT);
      |                           ^~~~~~~~~~~~~~~~~
/home/sblo/Dev/soldat-cpp/include/GostekGraphics.h:171:28: error: 'GOSTEK_LEFT_JETFOOT' was not declared in this scope
  171 |             Visible.insert(GOSTEK_LEFT_JETFOOT);
      |                            ^~~~~~~~~~~~~~~~~~~
/home/sblo/Dev/soldat-cpp/include/GostekGraphics.h:172:28: error: 'GOSTEK_RIGHT_JETFOOT' was not declared in this scope
  172 |             Visible.insert(GOSTEK_RIGHT_JETFOOT);
      |                            ^~~~~~~~~~~~~~~~~~~~
/home/sblo/Dev/soldat-cpp/include/GostekGraphics.h:177:28: error: 'GOSTEK_VEST' was not declared in this scope; did you mean 'GOSTEK_LAST'?
  177 |             Visible.insert(GOSTEK_VEST);
      |                            ^~~~~~~~~~~
      |                            GOSTEK_LAST
/home/sblo/Dev/soldat-cpp/include/GostekGraphics.h:182:21: error: 'struct TSprite' has no member named 'TertiaryWeapon'; did you mean 'SecondaryWeapon'?
  182 |         if (Soldier.TertiaryWeapon.Num == Guns[FRAGGRENADE].Num) {
      |                     ^~~~~~~~~~~~~~
      |                     SecondaryWeapon
/home/sblo/Dev/soldat-cpp/include/GostekGraphics.h:183:21: error: 'GOSTEK_FRAG_GRENADE1' was not declared in this scope
  183 |             Index = GOSTEK_FRAG_GRENADE1;
      |                     ^~~~~~~~~~~~~~~~~~~~
/home/sblo/Dev/soldat-cpp/include/GostekGraphics.h:185:21: error: 'GOSTEK_CLUSTER_GRENADE1' was not declared in this scope; did you mean 'SFX_CLUSTERGRENADE'?
  185 |             Index = GOSTEK_CLUSTER_GRENADE1;
      |                     ^~~~~~~~~~~~~~~~~~~~~~~
      |                     SFX_CLUSTERGRENADE
/home/sblo/Dev/soldat-cpp/include/GostekGraphics.h:188:25: error: 'struct TSprite' has no member named 'TertiaryWeapon'; did you mean 'SecondaryWeapon'?
  188 |         int n = Soldier.TertiaryWeapon.AmmoCount -
      |                         ^~~~~~~~~~~~~~
      |                         SecondaryWeapon
/home/sblo/Dev/soldat-cpp/include/GostekGraphics.h:189:43: error: 'struct TSprite' has no member named 'BodyAnimation'; did you mean 'UpdateAnimations'?
  189 |                  static_cast<int>(Soldier.BodyAnimation.ID == Throw.ID);
      |                                           ^~~~~~~~~~~~~
      |                                           UpdateAnimations
/home/sblo/Dev/soldat-cpp/include/GostekGraphics.h:196:32: error: request for member 'Chain' in 'Soldier.TSprite::Player', which is of pointer type 'TPlayer*' (maybe you meant to use '->' ?)
  196 |         switch (Soldier.Player.Chain) {
      |                                ^~~~~
/home/sblo/Dev/soldat-cpp/include/GostekGraphics.h:198:32: error: 'GOSTEK_SILVER_LCHAIN' was not declared in this scope
  198 |                 Visible.insert(GOSTEK_SILVER_LCHAIN);
      |                                ^~~~~~~~~~~~~~~~~~~~
/home/sblo/Dev/soldat-cpp/include/GostekGraphics.h:199:32: error: 'GOSTEK_SILVER_RCHAIN' was not declared in this scope
  199 |                 Visible.insert(GOSTEK_SILVER_RCHAIN);
      |                                ^~~~~~~~~~~~~~~~~~~~
/home/sblo/Dev/soldat-cpp/include/GostekGraphics.h:200:32: error: 'GOSTEK_SILVER_PENDANT' was not declared in this scope
  200 |                 Visible.insert(GOSTEK_SILVER_PENDANT);
      |                                ^~~~~~~~~~~~~~~~~~~~~
/home/sblo/Dev/soldat-cpp/include/GostekGraphics.h:203:32: error: 'GOSTEK_GOLDEN_LCHAIN' was not declared in this scope
  203 |                 Visible.insert(GOSTEK_GOLDEN_LCHAIN);
      |                                ^~~~~~~~~~~~~~~~~~~~
/home/sblo/Dev/soldat-cpp/include/GostekGraphics.h:204:32: error: 'GOSTEK_GOLDEN_RCHAIN' was not declared in this scope
  204 |                 Visible.insert(GOSTEK_GOLDEN_RCHAIN);
      |                                ^~~~~~~~~~~~~~~~~~~~
/home/sblo/Dev/soldat-cpp/include/GostekGraphics.h:205:32: error: 'GOSTEK_GOLDEN_PENDANT' was not declared in this scope
  205 |                 Visible.insert(GOSTEK_GOLDEN_PENDANT);
      |                                ^~~~~~~~~~~~~~~~~~~~~
/home/sblo/Dev/soldat-cpp/include/GostekGraphics.h:210:22: error: 'struct TSprite' has no member named 'HasCigar'
  210 |         if ((Soldier.HasCigar == 5) || (Soldier.HasCigar == 10)) {
      |                      ^~~~~~~~
/home/sblo/Dev/soldat-cpp/include/GostekGraphics.h:210:49: error: 'struct TSprite' has no member named 'HasCigar'
  210 |         if ((Soldier.HasCigar == 5) || (Soldier.HasCigar == 10)) {
      |                                                 ^~~~~~~~
/home/sblo/Dev/soldat-cpp/include/GostekGraphics.h:211:28: error: 'GOSTEK_CIGAR' was not declared in this scope; did you mean 'GOSTEK_FIRST'?
  211 |             Visible.insert(GOSTEK_CIGAR);
      |                            ^~~~~~~~~~~~
      |                            GOSTEK_FIRST
/home/sblo/Dev/soldat-cpp/include/GostekGraphics.h:216:27: error: 'GOSTEK_HEAD' was not declared in this scope
  216 |             Visible.erase(GOSTEK_HEAD);
      |                           ^~~~~~~~~~~
/home/sblo/Dev/soldat-cpp/include/GostekGraphics.h:217:27: error: 'GOSTEK_HEAD_DMG' was not declared in this scope
  217 |             Visible.erase(GOSTEK_HEAD_DMG);
      |                           ^~~~~~~~~~~~~~~
/home/sblo/Dev/soldat-cpp/include/GostekGraphics.h:218:28: error: 'GOSTEK_HEAD_DEAD' was not declared in this scope
  218 |             Visible.insert(GOSTEK_HEAD_DEAD);
      |                            ^~~~~~~~~~~~~~~~
/home/sblo/Dev/soldat-cpp/include/GostekGraphics.h:219:28: error: 'GOSTEK_HEAD_DEAD_DMG' was not declared in this scope
  219 |             Visible.insert(GOSTEK_HEAD_DEAD_DMG);
      |                            ^~~~~~~~~~~~~~~~~~~~
/home/sblo/Dev/soldat-cpp/include/GostekGraphics.h:222:28: error: request for member 'Num' in 'Soldier.TSprite::Weapon', which is of non-class type 'uint8_t' {aka 'unsigned char'}
  222 |         if (Soldier.Weapon.Num == Guns[BOW].Num || Soldier.Weapon.Num == Guns[BOW2].Num) {
      |                            ^~~
/home/sblo/Dev/soldat-cpp/include/GostekGraphics.h:222:67: error: request for member 'Num' in 'Soldier.TSprite::Weapon', which is of non-class type 'uint8_t' {aka 'unsigned char'}
  222 |         if (Soldier.Weapon.Num == Guns[BOW].Num || Soldier.Weapon.Num == Guns[BOW2].Num) {
      |                                                                   ^~~
/home/sblo/Dev/soldat-cpp/include/GostekGraphics.h:223:28: error: 'GOSTEK_RAMBO_BADGE' was not declared in this scope
  223 |             Visible.insert(GOSTEK_RAMBO_BADGE);
      |                            ^~~~~~~~~~~~~~~~~~
/home/sblo/Dev/soldat-cpp/include/GostekGraphics.h:225:37: error: 'struct TSprite' has no member named 'BodyAnimation'; did you mean 'UpdateAnimations'?
  225 |             bool Grabbed = (Soldier.BodyAnimation.ID == Wipe.ID || Soldier.BodyAnimation.ID == TakeOff.ID) &&
      |                                     ^~~~~~~~~~~~~
      |                                     UpdateAnimations
/home/sblo/Dev/soldat-cpp/include/GostekGraphics.h:225:76: error: 'struct TSprite' has no member named 'BodyAnimation'; did you mean 'UpdateAnimations'?
  225 |             bool Grabbed = (Soldier.BodyAnimation.ID == Wipe.ID || Soldier.BodyAnimation.ID == TakeOff.ID) &&
      |                                                                            ^~~~~~~~~~~~~
      |                                                                            UpdateAnimations
/home/sblo/Dev/soldat-cpp/include/GostekGraphics.h:226:37: error: 'struct TSprite' has no member named 'BodyAnimation'; did you mean 'UpdateAnimations'?
  226 |                            (Soldier.BodyAnimation.CurrFrame > 4);
      |                                     ^~~~~~~~~~~~~
      |                                     UpdateAnimations
/home/sblo/Dev/soldat-cpp/include/GostekGraphics.h:229:40: error: request for member 'HeadCap' in 'Soldier.TSprite::Player', which is of pointer type 'TPlayer*' (maybe you meant to use '->' ?)
  229 |                 switch (Soldier.Player.HeadCap) {
      |                                        ^~~~~~~
/home/sblo/Dev/soldat-cpp/include/GostekGraphics.h:230:26: error: 'GFX_GOSTEK_HELM' was not declared in this scope
  230 |                     case GFX_GOSTEK_HELM:
      |                          ^~~~~~~~~~~~~~~
/home/sblo/Dev/soldat-cpp/include/GostekGraphics.h:232:44: error: 'GOSTEK_GRABBED_HELMET' was not declared in this scope
  232 |                             Visible.insert(GOSTEK_GRABBED_HELMET);
      |                                            ^~~~~~~~~~~~~~~~~~~~~
/home/sblo/Dev/soldat-cpp/include/GostekGraphics.h:234:44: error: 'GOSTEK_HELMET' was not declared in this scope; did you mean 'GOSTEK_LAST'?
  234 |                             Visible.insert(GOSTEK_HELMET);
      |                                            ^~~~~~~~~~~~~
      |                                            GOSTEK_LAST
/home/sblo/Dev/soldat-cpp/include/GostekGraphics.h:237:26: error: 'GFX_GOSTEK_KAP' was not declared in this scope
  237 |                     case GFX_GOSTEK_KAP:
      |                          ^~~~~~~~~~~~~~
/home/sblo/Dev/soldat-cpp/include/GostekGraphics.h:239:44: error: 'GOSTEK_GRABBED_HAT' was not declared in this scope
  239 |                             Visible.insert(GOSTEK_GRABBED_HAT);
      |                                            ^~~~~~~~~~~~~~~~~~
/home/sblo/Dev/soldat-cpp/include/GostekGraphics.h:241:44: error: 'GOSTEK_HAT' was not declared in this scope; did you mean 'GOSTEK_LAST'?
  241 |                             Visible.insert(GOSTEK_HAT);
      |                                            ^~~~~~~~~~
      |                                            GOSTEK_LAST
/home/sblo/Dev/soldat-cpp/include/GostekGraphics.h:247:73: error: request for member 'HairStyle' in 'Soldier.TSprite::Player', which is of pointer type 'TPlayer*' (maybe you meant to use '->' ?)
  247 |             if (Grabbed || (Soldier.WearHelmet != 1) || (Soldier.Player.HairStyle == 3)) {
      |                                                                         ^~~~~~~~~
/home/sblo/Dev/soldat-cpp/include/GostekGraphics.h:248:40: error: request for member 'HairStyle' in 'Soldier.TSprite::Player', which is of pointer type 'TPlayer*' (maybe you meant to use '->' ?)
  248 |                 switch (Soldier.Player.HairStyle) {
      |                                        ^~~~~~~~~
/home/sblo/Dev/soldat-cpp/include/GostekGraphics.h:251:44: error: 'GOSTEK_HAIR_DREADLOCKS' was not declared in this scope
  251 |                             Visible.insert(GOSTEK_HAIR_DREADLOCKS + i);
      |                                            ^~~~~~~~~~~~~~~~~~~~~~
/home/sblo/Dev/soldat-cpp/include/GostekGraphics.h:255:40: error: 'GOSTEK_HAIR_PUNK' was not declared in this scope
  255 |                         Visible.insert(GOSTEK_HAIR_PUNK);
      |                                        ^~~~~~~~~~~~~~~~
/home/sblo/Dev/soldat-cpp/include/GostekGraphics.h:258:40: error: 'GOSTEK_MR_T' was not declared in this scope; did you mean 'GOSTEK_LAST'?
  258 |                         Visible.insert(GOSTEK_MR_T);
      |                                        ^~~~~~~~~~~
      |                                        GOSTEK_LAST
/home/sblo/Dev/soldat-cpp/include/GostekGraphics.h:261:40: error: 'GOSTEK_HAIR_NORMAL' was not declared in this scope
  261 |                         Visible.insert(GOSTEK_HAIR_NORMAL);
      |                                        ^~~~~~~~~~~~~~~~~~
/home/sblo/Dev/soldat-cpp/include/GostekGraphics.h:268:68: error: request for member 'Num' in 'Soldier.TSprite::SecondaryWeapon', which is of non-class type 'uint8_t' {aka 'unsigned char'}
  268 |         int weaponIndex = WeaponNumToIndex(Soldier.SecondaryWeapon.Num);
      |                                                                    ^~~
/home/sblo/Dev/soldat-cpp/include/GostekGraphics.h:271:28: error: 'GOSTEK_SECONDARY_FIRST' was not declared in this scope
  271 |             Visible.insert(GOSTEK_SECONDARY_FIRST + weaponIndex - EAGLE);
      |                            ^~~~~~~~~~~~~~~~~~~~~~
/home/sblo/Dev/soldat-cpp/include/GostekGraphics.h:275:28: error: request for member 'Num' in 'Soldier.TSprite::Weapon', which is of non-class type 'uint8_t' {aka 'unsigned char'}
  275 |         if (Soldier.Weapon.Num == Guns[MINIGUN].Num) {
      |                            ^~~
/home/sblo/Dev/soldat-cpp/include/GostekGraphics.h:276:28: error: 'GOSTEK_PRIMARY_MINIGUN' was not declared in this scope
  276 |             Visible.insert(GOSTEK_PRIMARY_MINIGUN);
      |                            ^~~~~~~~~~~~~~~~~~~~~~
/home/sblo/Dev/soldat-cpp/include/GostekGraphics.h:278:45: error: request for member 'AmmoCount' in 'Soldier.TSprite::Weapon', which is of non-class type 'uint8_t' {aka 'unsigned char'}
  278 |             bool ShowClip = (Soldier.Weapon.AmmoCount > 0) ||
      |                                             ^~~~~~~~~
/home/sblo/Dev/soldat-cpp/include/GostekGraphics.h:279:45: error: request for member 'AmmoCount' in 'Soldier.TSprite::Weapon', which is of non-class type 'uint8_t' {aka 'unsigned char'}
  279 |                            ((Soldier.Weapon.AmmoCount == 0) &&
      |                                             ^~~~~~~~~
/home/sblo/Dev/soldat-cpp/include/GostekGraphics.h:280:45: error: request for member 'ReloadTimeCount' in 'Soldier.TSprite::Weapon', which is of non-class type 'uint8_t' {aka 'unsigned char'}
  280 |                             (Soldier.Weapon.ReloadTimeCount < 65));
      |                                             ^~~~~~~~~~~~~~~
/home/sblo/Dev/soldat-cpp/include/GostekGraphics.h:283:32: error: 'GOSTEK_PRIMARY_MINIGUN_CLIP' was not declared in this scope
  283 |                 Visible.insert(GOSTEK_PRIMARY_MINIGUN_CLIP);
      |                                ^~~~~~~~~~~~~~~~~~~~~~~~~~~
/home/sblo/Dev/soldat-cpp/include/GostekGraphics.h:286:25: error: 'struct TSprite' has no member named 'Fired'
  286 |             if (Soldier.Fired > 0) {
      |                         ^~~~~
/home/sblo/Dev/soldat-cpp/include/GostekGraphics.h:287:32: error: 'GOSTEK_PRIMARY_MINIGUN_FIRE' was not declared in this scope
  287 |                 Visible.insert(GOSTEK_PRIMARY_MINIGUN_FIRE);
      |                                ^~~~~~~~~~~~~~~~~~~~~~~~~~~
/home/sblo/Dev/soldat-cpp/include/GostekGraphics.h:289:35: error: request for member 'Num' in 'Soldier.TSprite::Weapon', which is of non-class type 'uint8_t' {aka 'unsigned char'}
  289 |         } else if (Soldier.Weapon.Num == Guns[BOW].Num || Soldier.Weapon.Num == Guns[BOW2].Num) {
      |                                   ^~~
/home/sblo/Dev/soldat-cpp/include/GostekGraphics.h:289:74: error: request for member 'Num' in 'Soldier.TSprite::Weapon', which is of non-class type 'uint8_t' {aka 'unsigned char'}
  289 |         } else if (Soldier.Weapon.Num == Guns[BOW].Num || Soldier.Weapon.Num == Guns[BOW2].Num) {
      |                                                                          ^~~
/home/sblo/Dev/soldat-cpp/include/GostekGraphics.h:290:32: error: request for member 'AmmoCount' in 'Soldier.TSprite::Weapon', which is of non-class type 'uint8_t' {aka 'unsigned char'}
  290 |             if (Soldier.Weapon.AmmoCount == 0) {
      |                                ^~~~~~~~~
/home/sblo/Dev/soldat-cpp/include/GostekGraphics.h:291:32: error: 'GOSTEK_PRIMARY_BOW_ARROW_RELOAD' was not declared in this scope
  291 |                 Visible.insert(GOSTEK_PRIMARY_BOW_ARROW_RELOAD);
      |                                ^~~~~~~~~~~~~~~~~~~~~~~~~~~~~~~
/home/sblo/Dev/soldat-cpp/include/GostekGraphics.h:293:32: error: 'GOSTEK_PRIMARY_BOW_ARROW' was not declared in this scope
  293 |                 Visible.insert(GOSTEK_PRIMARY_BOW_ARROW);
      |                                ^~~~~~~~~~~~~~~~~~~~~~~~
/home/sblo/Dev/soldat-cpp/include/GostekGraphics.h:296:25: error: 'struct TSprite' has no member named 'BodyAnimation'; did you mean 'UpdateAnimations'?
  296 |             if (Soldier.BodyAnimation.ID == ReloadBow.ID) {
      |                         ^~~~~~~~~~~~~
      |                         UpdateAnimations
/home/sblo/Dev/soldat-cpp/include/GostekGraphics.h:297:32: error: 'GOSTEK_PRIMARY_BOW_RELOAD' was not declared in this scope
  297 |                 Visible.insert(GOSTEK_PRIMARY_BOW_RELOAD);
      |                                ^~~~~~~~~~~~~~~~~~~~~~~~~
/home/sblo/Dev/soldat-cpp/include/GostekGraphics.h:298:32: error: 'GOSTEK_PRIMARY_BOW_STRING_RELOAD' was not declared in this scope
  298 |                 Visible.insert(GOSTEK_PRIMARY_BOW_STRING_RELOAD);
      |                                ^~~~~~~~~~~~~~~~~~~~~~~~~~~~~~~~
/home/sblo/Dev/soldat-cpp/include/GostekGraphics.h:300:32: error: 'GOSTEK_PRIMARY_BOW' was not declared in this scope
  300 |                 Visible.insert(GOSTEK_PRIMARY_BOW);
      |                                ^~~~~~~~~~~~~~~~~~
/home/sblo/Dev/soldat-cpp/include/GostekGraphics.h:301:32: error: 'GOSTEK_PRIMARY_BOW_STRING' was not declared in this scope
  301 |                 Visible.insert(GOSTEK_PRIMARY_BOW_STRING);
      |                                ^~~~~~~~~~~~~~~~~~~~~~~~~
/home/sblo/Dev/soldat-cpp/include/GostekGraphics.h:304:25: error: 'struct TSprite' has no member named 'Fired'
  304 |             if (Soldier.Fired > 0) {
      |                         ^~~~~
/home/sblo/Dev/soldat-cpp/include/GostekGraphics.h:305:32: error: 'GOSTEK_PRIMARY_BOW_FIRE' was not declared in this scope
  305 |                 Visible.insert(GOSTEK_PRIMARY_BOW_FIRE);
      |                                ^~~~~~~~~~~~~~~~~~~~~~~
/home/sblo/Dev/soldat-cpp/include/GostekGraphics.h:308:59: error: request for member 'Num' in 'Soldier.TSprite::Weapon', which is of non-class type 'uint8_t' {aka 'unsigned char'}
  308 |             weaponIndex = WeaponNumToIndex(Soldier.Weapon.Num);
      |                                                           ^~~
/home/sblo/Dev/soldat-cpp/include/GostekGraphics.h:313:29: error: 'GOSTEK_PRIMARY_FLAMER' was not declared in this scope
  313 |                     index = GOSTEK_PRIMARY_FLAMER - GOSTEK_PRIMARY_FIRST;
      |                             ^~~~~~~~~~~~~~~~~~~~~
/home/sblo/Dev/soldat-cpp/include/GostekGraphics.h:313:53: error: 'GOSTEK_PRIMARY_FIRST' was not declared in this scope
  313 |                     index = GOSTEK_PRIMARY_FLAMER - GOSTEK_PRIMARY_FIRST;
      |                                                     ^~~~~~~~~~~~~~~~~~~~
/home/sblo/Dev/soldat-cpp/include/GostekGraphics.h:318:32: error: 'GOSTEK_PRIMARY_FIRST' was not declared in this scope
  318 |                 Visible.insert(GOSTEK_PRIMARY_FIRST + index);
      |                                ^~~~~~~~~~~~~~~~~~~~
/home/sblo/Dev/soldat-cpp/include/GostekGraphics.h:320:49: error: request for member 'ClipTextureNum' in 'Soldier.TSprite::Weapon', which is of non-class type 'uint8_t' {aka 'unsigned char'}
  320 |                 bool ShowClip = (Soldier.Weapon.ClipTextureNum > 0) &&
      |                                                 ^~~~~~~~~~~~~~
/home/sblo/Dev/soldat-cpp/include/GostekGraphics.h:321:49: error: request for member 'AmmoCount' in 'Soldier.TSprite::Weapon', which is of non-class type 'uint8_t' {aka 'unsigned char'}
  321 |                                ((Soldier.Weapon.AmmoCount > 0) ||
      |                                                 ^~~~~~~~~
/home/sblo/Dev/soldat-cpp/include/GostekGraphics.h:322:50: error: request for member 'AmmoCount' in 'Soldier.TSprite::Weapon', which is of non-class type 'uint8_t' {aka 'unsigned char'}
  322 |                                 ((Soldier.Weapon.AmmoCount == 0) &&
      |                                                  ^~~~~~~~~
/home/sblo/Dev/soldat-cpp/include/GostekGraphics.h:323:51: error: request for member 'ReloadTimeCount' in 'Soldier.TSprite::Weapon', which is of non-class type 'uint8_t' {aka 'unsigned char'}
  323 |                                  ((Soldier.Weapon.ReloadTimeCount < Soldier.Weapon.ClipInTime) ||
      |                                                   ^~~~~~~~~~~~~~~
/home/sblo/Dev/soldat-cpp/include/GostekGraphics.h:323:84: error: request for member 'ClipInTime' in 'Soldier.TSprite::Weapon', which is of non-class type 'uint8_t' {aka 'unsigned char'}
  323 |                                  ((Soldier.Weapon.ReloadTimeCount < Soldier.Weapon.ClipInTime) ||
      |                                                                                    ^~~~~~~~~~
/home/sblo/Dev/soldat-cpp/include/GostekGraphics.h:324:51: error: request for member 'ReloadTimeCount' in 'Soldier.TSprite::Weapon', which is of non-class type 'uint8_t' {aka 'unsigned char'}
  324 |                                   (Soldier.Weapon.ReloadTimeCount > Soldier.Weapon.ClipOutTime))));
      |                                                   ^~~~~~~~~~~~~~~
/home/sblo/Dev/soldat-cpp/include/GostekGraphics.h:324:84: error: request for member 'ClipOutTime' in 'Soldier.TSprite::Weapon', which is of non-class type 'uint8_t' {aka 'unsigned char'}
  324 |                                   (Soldier.Weapon.ReloadTimeCount > Soldier.Weapon.ClipOutTime))));
      |                                                                                    ^~~~~~~~~~~
/home/sblo/Dev/soldat-cpp/include/GostekGraphics.h:330:29: error: 'struct TSprite' has no member named 'Fired'
  330 |                 if (Soldier.Fired > 0) {
      |                             ^~~~~
/home/sblo/Dev/soldat-cpp/include/GostekGraphics.h:339:28: error: request for member 'Team' in 'Soldier.TSprite::Player', which is of pointer type 'TPlayer*' (maybe you meant to use '->' ?)
  339 |         if (Soldier.Player.Team == TEAM_BRAVO || Soldier.Player.Team == TEAM_DELTA) {
      |                            ^~~~
/home/sblo/Dev/soldat-cpp/include/GostekGraphics.h:339:65: error: request for member 'Team' in 'Soldier.TSprite::Player', which is of pointer type 'TPlayer*' (maybe you meant to use '->' ?)
  339 |         if (Soldier.Player.Team == TEAM_BRAVO || Soldier.Player.Team == TEAM_DELTA) {
      |                                                                 ^~~~
/home/sblo/Dev/soldat-cpp/include/GostekGraphics.h:340:27: error: 'GFX_GOSTEK_TEAM2_STOPA' was not declared in this scope
  340 |             Team2Offset = GFX_GOSTEK_TEAM2_STOPA - GFX_GOSTEK_STOPA;
      |                           ^~~~~~~~~~~~~~~~~~~~~~
/home/sblo/Dev/soldat-cpp/include/GostekGraphics.h:340:52: error: 'GFX_GOSTEK_STOPA' was not declared in this scope
  340 |             Team2Offset = GFX_GOSTEK_TEAM2_STOPA - GFX_GOSTEK_STOPA;
      |                                                    ^~~~~~~~~~~~~~~~
/home/sblo/Dev/soldat-cpp/include/GostekGraphics.h:345:27: error: 'GOSTEK_HAIR_DREADLOCKS' was not declared in this scope
  345 |         if (Visible.count(GOSTEK_HAIR_DREADLOCKS) > 0) {
      |                           ^~~~~~~~~~~~~~~~~~~~~~
/home/sblo/Dev/soldat-cpp/include/GostekGraphics.h:346:26: error: 'struct TSprite' has no member named 'Skeleton'
  346 |             x1 = Soldier.Skeleton.Pos[GostekSprites[GOSTEK_HEAD].p1].x;
      |                          ^~~~~~~~
/home/sblo/Dev/soldat-cpp/include/GostekGraphics.h:346:53: error: 'GOSTEK_HEAD' was not declared in this scope
  346 |             x1 = Soldier.Skeleton.Pos[GostekSprites[GOSTEK_HEAD].p1].x;
      |                                                     ^~~~~~~~~~~
/home/sblo/Dev/soldat-cpp/include/GostekGraphics.h:347:26: error: 'struct TSprite' has no member named 'Skeleton'
  347 |             y1 = Soldier.Skeleton.Pos[GostekSprites[GOSTEK_HEAD].p1].y;
      |                          ^~~~~~~~
/home/sblo/Dev/soldat-cpp/include/GostekGraphics.h:348:26: error: 'struct TSprite' has no member named 'Skeleton'
  348 |             x2 = Soldier.Skeleton.Pos[GostekSprites[GOSTEK_HEAD].p2].x;
      |                          ^~~~~~~~
/home/sblo/Dev/soldat-cpp/include/GostekGraphics.h:349:26: error: 'struct TSprite' has no member named 'Skeleton'
  349 |             y2 = Soldier.Skeleton.Pos[GostekSprites[GOSTEK_HEAD].p2].y;
      |                          ^~~~~~~~
/home/sblo/Dev/soldat-cpp/include/GostekGraphics.h:364:30: error: 'struct TSprite' has no member named 'Skeleton'
  364 |                 x1 = Soldier.Skeleton.Pos[gs->p1].x;
      |                              ^~~~~~~~
/home/sblo/Dev/soldat-cpp/include/GostekGraphics.h:365:30: error: 'struct TSprite' has no member named 'Skeleton'
  365 |                 y1 = Soldier.Skeleton.Pos[gs->p1].y;
      |                              ^~~~~~~~
/home/sblo/Dev/soldat-cpp/include/GostekGraphics.h:366:30: error: 'struct TSprite' has no member named 'Skeleton'
  366 |                 x2 = Soldier.Skeleton.Pos[gs->p2].x;
      |                              ^~~~~~~~
/home/sblo/Dev/soldat-cpp/include/GostekGraphics.h:367:30: error: 'struct TSprite' has no member named 'Skeleton'
  367 |                 y2 = Soldier.Skeleton.Pos[gs->p2].y;
      |                              ^~~~~~~~
/home/sblo/Dev/soldat-cpp/include/GostekGraphics.h:374:29: error: 'struct TSprite' has no member named 'Direction'
  374 |                 if (Soldier.Direction != 1) {
      |                             ^~~~~~~~~
/home/sblo/Dev/soldat-cpp/include/GostekGraphics.h:383:23: error: 'Textures' was not declared in this scope
  383 |                 cx *= Textures[Tex].Scale * Textures[Tex].Width;
      |                       ^~~~~~~~
/home/sblo/Dev/soldat-cpp/include/GostekGraphics.h:387:26: error: 'GOSTEK_HAIR_DREADLOCK1' was not declared in this scope
  387 |                 if (i >= GOSTEK_HAIR_DREADLOCK1 && i <= GOSTEK_HAIR_DREADLOCK5) {
      |                          ^~~~~~~~~~~~~~~~~~~~~~
/home/sblo/Dev/soldat-cpp/include/GostekGraphics.h:387:57: error: 'GOSTEK_HAIR_DREADLOCK5' was not declared in this scope
  387 |                 if (i >= GOSTEK_HAIR_DREADLOCK1 && i <= GOSTEK_HAIR_DREADLOCK5) {
      |                                                         ^~~~~~~~~~~~~~~~~~~~~~
/home/sblo/Dev/soldat-cpp/include/GostekGraphics.h:388:62: error: 'struct TSprite' has no member named 'Direction'
  388 |                     TVector2 v = GfxMat3Mul(m, -cy * Soldier.Direction, cx);
      |                                                              ^~~~~~~~~
/home/sblo/Dev/soldat-cpp/include/GostekGraphics.h:398:17: error: 'DrawGostekSprite' was not declared in this scope; did you mean 'TGostekSprite'?
  398 |                 DrawGostekSprite(Textures[Tex], x1, y1 + 1, sx, sy, cx, cy, r, Color[gs->Color]);
      |                 ^~~~~~~~~~~~~~~~
      |                 TGostekSprite
/home/sblo/Dev/soldat-cpp/include/GostekGraphics.h: At global scope:
/home/sblo/Dev/soldat-cpp/include/GostekGraphics.h:405:27: error: 'void GostekGraphicsImpl::RenderGostek(TSprite&)' conflicts with a previous declaration
  405 | using GostekGraphicsImpl::RenderGostek;
      |                           ^~~~~~~~~~~~
/home/sblo/Dev/soldat-cpp/include/GostekGraphics.h:62:6: note: previous declaration 'void RenderGostek(TSprite&)'
   62 | void RenderGostek(TSprite& Soldier);
      |      ^~~~~~~~~~~~
/home/sblo/Dev/soldat-cpp/include/GostekGraphics.h:406:27: error: 'LoadGostekData' has not been declared in 'GostekGraphicsImpl'
  406 | using GostekGraphicsImpl::LoadGostekData;
      |                           ^~~~~~~~~~~~~~
/home/sblo/Dev/soldat-cpp/include/GostekGraphics.h:407:27: error: 'ApplyGostekConstraints' has not been declared in 'GostekGraphicsImpl'
  407 | using GostekGraphicsImpl::ApplyGostekConstraints;
      |                           ^~~~~~~~~~~~~~~~~~~~~~
In file included from /home/sblo/Dev/soldat-cpp/include/GameRendering.h:26:
/home/sblo/Dev/soldat-cpp/include/Input.h:196:18: error: 'TAction' has not been declared in 'InputImpl'
  196 | using InputImpl::TAction;
      |                  ^~~~~~~
/home/sblo/Dev/soldat-cpp/include/Input.h:197:18: error: 'TBind' has not been declared in 'InputImpl'
  197 | using InputImpl::TBind;
      |                  ^~~~~
/home/sblo/Dev/soldat-cpp/include/Input.h:198:18: error: 'bool InputImpl::BindKey(const std::string&, const std::string&, const std::string&, uint16_t)' conflicts with a previous declaration
  198 | using InputImpl::BindKey;
      |                  ^~~~~~~
/home/sblo/Dev/soldat-cpp/include/Input.h:71:6: note: previous declaration 'bool BindKey(const std::string&, const std::string&, const std::string&, uint16_t)'
   71 | bool BindKey(const std::string& key, const std::string& action, const std::string& command, uint16_t Modifier);
      |      ^~~~~~~
/home/sblo/Dev/soldat-cpp/include/Input.h:199:18: error: 'TBind* InputImpl::FindKeyBind(uint16_t, SDL_Scancode)' conflicts with a previous declaration
  199 | using InputImpl::FindKeyBind;
      |                  ^~~~~~~~~~~
/home/sblo/Dev/soldat-cpp/include/Input.h:72:8: note: previous declaration 'TBind* FindKeyBind(uint16_t, SDL_Scancode)'
   72 | TBind* FindKeyBind(uint16_t KeyMods, SDL_Scancode KeyCode);
      |        ^~~~~~~~~~~
/home/sblo/Dev/soldat-cpp/include/Input.h:200:18: error: 'void InputImpl::StartInput()' conflicts with a previous declaration
  200 | using InputImpl::StartInput;
      |                  ^~~~~~~~~~
/home/sblo/Dev/soldat-cpp/include/Input.h:73:6: note: previous declaration 'void StartInput()'
   73 | void StartInput();
      |      ^~~~~~~~~~
/home/sblo/Dev/soldat-cpp/include/Input.h:201:18: error: 'void InputImpl::UnbindAll()' conflicts with a previous declaration
  201 | using InputImpl::UnbindAll;
      |                  ^~~~~~~~~
/home/sblo/Dev/soldat-cpp/include/Input.h:74:6: note: previous declaration 'void UnbindAll()'
   74 | void UnbindAll();
      |      ^~~~~~~~~
In file included from /home/sblo/Dev/soldat-cpp/include/GameRendering.h:27:
/home/sblo/Dev/soldat-cpp/include/MapGraphics.h: In constructor 'TMapGraphics::TMapGraphics()':
/home/sblo/Dev/soldat-cpp/include/MapGraphics.h:51:26: error: call of overloaded 'RGBA(int, int, int, int)' is ambiguous
   51 |         BgColorTop = RGBA(0, 0, 0, 255);
      |                      ~~~~^~~~~~~~~~~~~~
/home/sblo/Dev/soldat-cpp/include/MapGraphics.h:51:26: note: there are 5 candidates
/home/sblo/Dev/soldat-cpp/include/Gfx.h:126:11: note: candidate 1: 'TGfxColor RGBA(uint8_t, uint8_t, uint8_t, uint8_t)'
  126 | TGfxColor RGBA(uint8_t r, uint8_t g, uint8_t b, uint8_t a);
      |           ^~~~
/home/sblo/Dev/soldat-cpp/include/Gfx.h:129:11: note: candidate 2: 'TGfxColor RGBA(uint8_t, uint8_t, uint8_t, double)'
  129 | TGfxColor RGBA(uint8_t r, uint8_t g, uint8_t b, double a);
      |           ^~~~
/home/sblo/Dev/soldat-cpp/include/MapGraphics.h:52:26: error: call of overloaded 'RGBA(int, int, int, int)' is ambiguous
   52 |         BgColorBtm = RGBA(0, 0, 0, 255);
      |                      ~~~~^~~~~~~~~~~~~~
/home/sblo/Dev/soldat-cpp/include/MapGraphics.h:52:26: note: there are 5 candidates
/home/sblo/Dev/soldat-cpp/include/Gfx.h:126:11: note: candidate 1: 'TGfxColor RGBA(uint8_t, uint8_t, uint8_t, uint8_t)'
  126 | TGfxColor RGBA(uint8_t r, uint8_t g, uint8_t b, uint8_t a);
      |           ^~~~
/home/sblo/Dev/soldat-cpp/include/Gfx.h:129:11: note: candidate 2: 'TGfxColor RGBA(uint8_t, uint8_t, uint8_t, double)'
  129 | TGfxColor RGBA(uint8_t r, uint8_t g, uint8_t b, double a);
      |           ^~~~
/home/sblo/Dev/soldat-cpp/include/MapGraphics.h: In function 'TGfxImage* MapGraphicsImpl::LoadMapTexture(const std::string&, const TGfxColor&)':
/home/sblo/Dev/soldat-cpp/include/MapGraphics.h:77:34: error: 'PngOverride' was not declared in this scope
   77 |         if (!PHYSFS_exists(PChar(PngOverride(s[1])))) {
      |                                  ^~~~~~~~~~~
/home/sblo/Dev/soldat-cpp/include/MapGraphics.h:77:28: error: 'PChar' was not declared in this scope
   77 |         if (!PHYSFS_exists(PChar(PngOverride(s[1])))) {
      |                            ^~~~~
/home/sblo/Dev/soldat-cpp/include/MapGraphics.h:77:28: note: suggested alternatives:
/home/sblo/Dev/soldat-cpp/include/Util.h:207:24: note:   'UtilImpl::PChar'
  207 |     inline const char* PChar(const std::string& str) {
      |                        ^~~~~
/home/sblo/Dev/soldat-cpp/include/Util.h:245:24: note:   'Util::PChar'
  245 |     inline const char* PChar(const std::string& str) {
      |                        ^~~~~
/home/sblo/Dev/soldat-cpp/include/MapGraphics.h:77:14: error: 'PHYSFS_exists' was not declared in this scope
   77 |         if (!PHYSFS_exists(PChar(PngOverride(s[1])))) {
      |              ^~~~~~~~~~~~~
/home/sblo/Dev/soldat-cpp/include/MapGraphics.h:88:24: error: 'PngOverride' was not declared in this scope
   88 |             Filename = PngOverride(path);
      |                        ^~~~~~~~~~~
/home/sblo/Dev/soldat-cpp/include/MapGraphics.h:90:31: error: 'PChar' was not declared in this scope
   90 |             if (PHYSFS_exists(PChar(Filename))) {
      |                               ^~~~~
/home/sblo/Dev/soldat-cpp/include/MapGraphics.h:90:31: note: suggested alternatives:
/home/sblo/Dev/soldat-cpp/include/Util.h:207:24: note:   'UtilImpl::PChar'
  207 |     inline const char* PChar(const std::string& str) {
      |                        ^~~~~
/home/sblo/Dev/soldat-cpp/include/Util.h:245:24: note:   'Util::PChar'
  245 |     inline const char* PChar(const std::string& str) {
      |                        ^~~~~
/home/sblo/Dev/soldat-cpp/include/MapGraphics.h:90:17: error: 'PHYSFS_exists' was not declared in this scope
   90 |             if (PHYSFS_exists(PChar(Filename))) {
      |                 ^~~~~~~~~~~~~
/home/sblo/Dev/soldat-cpp/include/MapGraphics.h: In function 'float MapGraphicsImpl::GetTextureTargetScale(TMapFile&, TGfxImage*)':
/home/sblo/Dev/soldat-cpp/include/MapGraphics.h:133:48: error: 'RenderWidth' was not declared in this scope; did you mean 'r_renderwidth'?
  133 |         float ResolutionX = static_cast<float>(RenderWidth) / GameWidth;
      |                                                ^~~~~~~~~~~
      |                                                r_renderwidth
/home/sblo/Dev/soldat-cpp/include/MapGraphics.h:134:48: error: 'RenderHeight' was not declared in this scope; did you mean 'r_renderheight'?
  134 |         float ResolutionY = static_cast<float>(RenderHeight) / GameHeight;
      |                                                ^~~~~~~~~~~~
      |                                                r_renderheight
/home/sblo/Dev/soldat-cpp/include/MapGraphics.h:133:15: warning: unused variable 'ResolutionX' [-Wunused-variable]
  133 |         float ResolutionX = static_cast<float>(RenderWidth) / GameWidth;
      |               ^~~~~~~~~~~
/home/sblo/Dev/soldat-cpp/include/MapGraphics.h:134:15: warning: unused variable 'ResolutionY' [-Wunused-variable]
  134 |         float ResolutionY = static_cast<float>(RenderHeight) / GameHeight;
      |               ^~~~~~~~~~~
/home/sblo/Dev/soldat-cpp/include/MapGraphics.h:131:70: warning: unused parameter 'Image' [-Wunused-parameter]
  131 |     inline float GetTextureTargetScale(TMapFile& MapFile, TGfxImage* Image) {
      |                                                           ~~~~~~~~~~~^~~~~
/home/sblo/Dev/soldat-cpp/include/MapGraphics.h: In function 'void MapGraphicsImpl::LoadMapGraphics(TMapFile&, bool, const uint8_t (&)[4], const uint8_t (&)[4])':
/home/sblo/Dev/soldat-cpp/include/MapGraphics.h:153:43: warning: unused parameter 'MapFile' [-Wunused-parameter]
  153 |     inline void LoadMapGraphics(TMapFile& MapFile, bool BgForce,
      |                                 ~~~~~~~~~~^~~~~~~
/home/sblo/Dev/soldat-cpp/include/MapGraphics.h:153:57: warning: unused parameter 'BgForce' [-Wunused-parameter]
  153 |     inline void LoadMapGraphics(TMapFile& MapFile, bool BgForce,
      |                                                    ~~~~~^~~~~~~
/home/sblo/Dev/soldat-cpp/include/MapGraphics.h:154:50: warning: unused parameter 'BgColorTop' [-Wunused-parameter]
  154 |                                 const TMapColor& BgColorTop, const TMapColor& BgColorBtm) {
      |                                 ~~~~~~~~~~~~~~~~~^~~~~~~~~~
/home/sblo/Dev/soldat-cpp/include/MapGraphics.h:154:79: warning: unused parameter 'BgColorBtm' [-Wunused-parameter]
  154 |                                 const TMapColor& BgColorTop, const TMapColor& BgColorBtm) {
      |                                                              ~~~~~~~~~~~~~~~~~^~~~~~~~~~
/home/sblo/Dev/soldat-cpp/include/MapGraphics.h: In function 'void MapGraphicsImpl::DestroyMapGraphics()':
/home/sblo/Dev/soldat-cpp/include/MapGraphics.h:274:30: error: call of overloaded 'RGBA(int, int, int, int)' is ambiguous
  274 |         mg->BgColorTop = RGBA(0, 0, 0, 255);
      |                          ~~~~^~~~~~~~~~~~~~
/home/sblo/Dev/soldat-cpp/include/MapGraphics.h:274:30: note: there are 5 candidates
/home/sblo/Dev/soldat-cpp/include/Gfx.h:126:11: note: candidate 1: 'TGfxColor RGBA(uint8_t, uint8_t, uint8_t, uint8_t)'
  126 | TGfxColor RGBA(uint8_t r, uint8_t g, uint8_t b, uint8_t a);
      |           ^~~~
/home/sblo/Dev/soldat-cpp/include/Gfx.h:129:11: note: candidate 2: 'TGfxColor RGBA(uint8_t, uint8_t, uint8_t, double)'
  129 | TGfxColor RGBA(uint8_t r, uint8_t g, uint8_t b, double a);
      |           ^~~~
/home/sblo/Dev/soldat-cpp/include/MapGraphics.h:275:30: error: call of overloaded 'RGBA(int, int, int, int)' is ambiguous
  275 |         mg->BgColorBtm = RGBA(0, 0, 0, 255);
      |                          ~~~~^~~~~~~~~~~~~~
/home/sblo/Dev/soldat-cpp/include/MapGraphics.h:275:30: note: there are 5 candidates
/home/sblo/Dev/soldat-cpp/include/Gfx.h:126:11: note: candidate 1: 'TGfxColor RGBA(uint8_t, uint8_t, uint8_t, uint8_t)'
  126 | TGfxColor RGBA(uint8_t r, uint8_t g, uint8_t b, uint8_t a);
      |           ^~~~
/home/sblo/Dev/soldat-cpp/include/Gfx.h:129:11: note: candidate 2: 'TGfxColor RGBA(uint8_t, uint8_t, uint8_t, double)'
  129 | TGfxColor RGBA(uint8_t r, uint8_t g, uint8_t b, double a);
      |           ^~~~
/home/sblo/Dev/soldat-cpp/include/MapGraphics.h: At global scope:
/home/sblo/Dev/soldat-cpp/include/MapGraphics.h:281:24: error: 'void MapGraphicsImpl::LoadMapGraphics(TMapFile&, bool, const uint8_t (&)[4], const uint8_t (&)[4])' conflicts with a previous declaration
  281 | using MapGraphicsImpl::LoadMapGraphics;
      |                        ^~~~~~~~~~~~~~~
/home/sblo/Dev/soldat-cpp/include/MapGraphics.h:58:6: note: previous declaration 'void LoadMapGraphics(TMapFile&, bool, const uint8_t (&)[4], const uint8_t (&)[4])'
   58 | void LoadMapGraphics(TMapFile& MapFile, bool BgForce,
      |      ^~~~~~~~~~~~~~~
/home/sblo/Dev/soldat-cpp/include/MapGraphics.h:282:24: error: 'void MapGraphicsImpl::DestroyMapGraphics()' conflicts with a previous declaration
  282 | using MapGraphicsImpl::DestroyMapGraphics;
      |                        ^~~~~~~~~~~~~~~~~~
/home/sblo/Dev/soldat-cpp/include/MapGraphics.h:60:6: note: previous declaration 'void DestroyMapGraphics()'
   60 | void DestroyMapGraphics();
      |      ^~~~~~~~~~~~~~~~~~
/home/sblo/Dev/soldat-cpp/include/MapGraphics.h:283:24: error: 'void MapGraphicsImpl::UpdateProps(double)' conflicts with a previous declaration
  283 | using MapGraphicsImpl::UpdateProps;
      |                        ^~~~~~~~~~~
/home/sblo/Dev/soldat-cpp/include/MapGraphics.h:61:6: note: previous declaration 'void UpdateProps(double)'
   61 | void UpdateProps(double t);
      |      ^~~~~~~~~~~
/home/sblo/Dev/soldat-cpp/include/MapGraphics.h:284:24: error: 'void MapGraphicsImpl::RenderProps(int)' conflicts with a previous declaration
  284 | using MapGraphicsImpl::RenderProps;
      |                        ^~~~~~~~~~~
/home/sblo/Dev/soldat-cpp/include/MapGraphics.h:62:6: note: previous declaration 'void RenderProps(int)'
   62 | void RenderProps(int Level);
      |      ^~~~~~~~~~~
/home/sblo/Dev/soldat-cpp/include/MapGraphics.h:285:24: error: 'void MapGraphicsImpl::RenderMinimap(float, float, uint8_t)' conflicts with a previous declaration
  285 | using MapGraphicsImpl::RenderMinimap;
      |                        ^~~~~~~~~~~~~
/home/sblo/Dev/soldat-cpp/include/MapGraphics.h:63:6: note: previous declaration 'void RenderMinimap(float, float, uint8_t)'
   63 | void RenderMinimap(float x, float y, uint8_t Alpha);
      |      ^~~~~~~~~~~~~
/home/sblo/Dev/soldat-cpp/include/MapGraphics.h:286:24: error: 'void MapGraphicsImpl::WorldToMinimap(float, float, float&, float&)' conflicts with a previous declaration
  286 | using MapGraphicsImpl::WorldToMinimap;
      |                        ^~~~~~~~~~~~~~
/home/sblo/Dev/soldat-cpp/include/MapGraphics.h:64:6: note: previous declaration 'void WorldToMinimap(float, float, float&, float&)'
   64 | void WorldToMinimap(float x, float y, float& ox, float& oy);
      |      ^~~~~~~~~~~~~~
/home/sblo/Dev/soldat-cpp/include/MapGraphics.h:287:24: error: 'void MapGraphicsImpl::SetTextureFilter(TGfxTexture*, bool)' conflicts with a previous declaration
  287 | using MapGraphicsImpl::SetTextureFilter;
      |                        ^~~~~~~~~~~~~~~~
/home/sblo/Dev/soldat-cpp/include/MapGraphics.h:65:6: note: previous declaration 'void SetTextureFilter(TGfxTexture*, bool)'
   65 | void SetTextureFilter(TGfxTexture* Texture, bool AllowMipmaps);
      |      ^~~~~~~~~~~~~~~~
/home/sblo/Dev/soldat-cpp/include/GameRendering.h:110:29: error: 'GFXID_END' was not declared in this scope
  110 |     extern float ImageScale[GFXID_END + 1];
      |                             ^~~~~~~~~
/home/sblo/Dev/soldat-cpp/include/GameRendering.h: In function 'void GameRenderingImpl::LoadInterfaceTextures(const std::string&)':
/home/sblo/Dev/soldat-cpp/include/GameRendering.h:154:58: warning: unused parameter 'InterfaceName' [-Wunused-parameter]
  154 |     inline void LoadInterfaceTextures(const std::string& InterfaceName) {
      |                                       ~~~~~~~~~~~~~~~~~~~^~~~~~~~~~~~~
/home/sblo/Dev/soldat-cpp/include/GameRendering.h: In function 'void GameRenderingImpl::LoadFonts()':
/home/sblo/Dev/soldat-cpp/include/GameRendering.h:209:17: error: 'RenderWidth' was not declared in this scope; did you mean 'r_renderwidth'?
  209 |         int w = RenderWidth;
      |                 ^~~~~~~~~~~
      |                 r_renderwidth
/home/sblo/Dev/soldat-cpp/include/GameRendering.h:210:17: error: 'RenderHeight' was not declared in this scope; did you mean 'r_renderheight'?
  210 |         int h = RenderHeight;
      |                 ^~~~~~~~~~~~
      |                 r_renderheight
/home/sblo/Dev/soldat-cpp/include/GameRendering.h: In function 'bool GameRenderingImpl::InitGameGraphics()':
/home/sblo/Dev/soldat-cpp/include/GameRendering.h:294:63: error: 'WindowWidth' was not declared in this scope
  294 |             SDL_WINDOWPOS_UNDEFINED, SDL_WINDOWPOS_UNDEFINED, WindowWidth, WindowHeight, WindowFlags);
      |                                                               ^~~~~~~~~~~
/home/sblo/Dev/soldat-cpp/include/GameRendering.h:294:76: error: 'WindowHeight' was not declared in this scope
  294 |             SDL_WINDOWPOS_UNDEFINED, SDL_WINDOWPOS_UNDEFINED, WindowWidth, WindowHeight, WindowFlags);
      |                                                                            ^~~~~~~~~~~~
/home/sblo/Dev/soldat-cpp/include/GameRendering.h:318:25: error: 'GFXID_END' was not declared in this scope
  318 |         Textures.resize(GFXID_END + 1);
      |                         ^~~~~~~~~
/home/sblo/Dev/soldat-cpp/include/GameRendering.h:325:14: warning: the address of 'bool GfxFramebufferSupported()' will never be NULL [-Waddress]
  325 |         if (!GfxFramebufferSupported) {
      |              ^~~~~~~~~~~~~~~~~~~~~~~
/home/sblo/Dev/soldat-cpp/include/Gfx.h:99:6: note: 'bool GfxFramebufferSupported()' declared here
   99 | bool GfxFramebufferSupported();
      |      ^~~~~~~~~~~~~~~~~~~~~~~
/home/sblo/Dev/soldat-cpp/include/GameRendering.h:330:55: error: 'RenderWidth' was not declared in this scope; did you mean 'r_renderwidth'?
  330 |             ActionSnapTexture = GfxCreateRenderTarget(RenderWidth, RenderHeight, 4, true);
      |                                                       ^~~~~~~~~~~
      |                                                       r_renderwidth
/home/sblo/Dev/soldat-cpp/include/GameRendering.h:330:68: error: 'RenderHeight' was not declared in this scope; did you mean 'r_renderheight'?
  330 |             ActionSnapTexture = GfxCreateRenderTarget(RenderWidth, RenderHeight, 4, true);
      |                                                                    ^~~~~~~~~~~~
      |                                                                    r_renderheight
/home/sblo/Dev/soldat-cpp/include/GameRendering.h:333:13: warning: the address of 'bool GfxFramebufferSupported()' will never be NULL [-Waddress]
  333 |         if (GfxFramebufferSupported) {
      |             ^~~~~~~~~~~~~~~~~~~~~~~
/home/sblo/Dev/soldat-cpp/include/Gfx.h:99:6: note: 'bool GfxFramebufferSupported()' declared here
   99 | bool GfxFramebufferSupported();
      |      ^~~~~~~~~~~~~~~~~~~~~~~
/home/sblo/Dev/soldat-cpp/include/GameRendering.h:334:33: error: 'RenderWidth' was not declared in this scope; did you mean 'r_renderwidth'?
  334 |             if ((WindowWidth != RenderWidth) || (WindowHeight != RenderHeight)) {
      |                                 ^~~~~~~~~~~
      |                                 r_renderwidth
/home/sblo/Dev/soldat-cpp/include/GameRendering.h:334:66: error: 'RenderHeight' was not declared in this scope; did you mean 'r_renderheight'?
  334 |             if ((WindowWidth != RenderWidth) || (WindowHeight != RenderHeight)) {
      |                                                                  ^~~~~~~~~~~~
      |                                                                  r_renderheight
/home/sblo/Dev/soldat-cpp/include/GameRendering.h:341:42: error: cannot convert 'TGfxTexture' to 'TGfxTexture*'
  341 |                         GfxTextureFilter(RenderTargetAA, GFX_LINEAR, GFX_LINEAR);
      |                                          ^~~~~~~~~~~~~~
      |                                          |
      |                                          TGfxTexture
/home/sblo/Dev/soldat-cpp/include/Gfx.h:138:36: note: initializing argument 1 of 'void GfxTextureFilter(TGfxTexture*, TGfxTextureFilter, TGfxTextureFilter)'
  138 | void GfxTextureFilter(TGfxTexture* Texture, TGfxTextureFilter Min,
      |                       ~~~~~~~~~~~~~^~~~~~~
/home/sblo/Dev/soldat-cpp/include/GameRendering.h:343:42: error: cannot convert 'TGfxTexture' to 'TGfxTexture*'
  343 |                         GfxTextureFilter(RenderTargetAA, GFX_NEAREST, GFX_NEAREST);
      |                                          ^~~~~~~~~~~~~~
      |                                          |
      |                                          TGfxTexture
/home/sblo/Dev/soldat-cpp/include/Gfx.h:138:36: note: initializing argument 1 of 'void GfxTextureFilter(TGfxTexture*, TGfxTextureFilter, TGfxTextureFilter)'
  138 | void GfxTextureFilter(TGfxTexture* Texture, TGfxTextureFilter Min,
      |                       ~~~~~~~~~~~~~^~~~~~~
/home/sblo/Dev/soldat-cpp/include/GameRendering.h:347:42: error: cannot convert 'TGfxTexture' to 'TGfxTexture*'
  347 |                         GfxTextureFilter(RenderTarget, GFX_LINEAR, GFX_LINEAR);
      |                                          ^~~~~~~~~~~~
      |                                          |
      |                                          TGfxTexture
/home/sblo/Dev/soldat-cpp/include/Gfx.h:138:36: note: initializing argument 1 of 'void GfxTextureFilter(TGfxTexture*, TGfxTextureFilter, TGfxTextureFilter)'
  138 | void GfxTextureFilter(TGfxTexture* Texture, TGfxTextureFilter Min,
      |                       ~~~~~~~~~~~~~^~~~~~~
/home/sblo/Dev/soldat-cpp/include/GameRendering.h:349:42: error: cannot convert 'TGfxTexture' to 'TGfxTexture*'
  349 |                         GfxTextureFilter(RenderTarget, GFX_NEAREST, GFX_NEAREST);
      |                                          ^~~~~~~~~~~~
      |                                          |
      |                                          TGfxTexture
/home/sblo/Dev/soldat-cpp/include/Gfx.h:138:36: note: initializing argument 1 of 'void GfxTextureFilter(TGfxTexture*, TGfxTextureFilter, TGfxTextureFilter)'
  138 | void GfxTextureFilter(TGfxTexture* Texture, TGfxTextureFilter Min,
      |                       ~~~~~~~~~~~~~^~~~~~~
/home/sblo/Dev/soldat-cpp/include/GameRendering.h: In function 'void GameRenderingImpl::DestroyGameGraphics()':
/home/sblo/Dev/soldat-cpp/include/GameRendering.h:379:31: error: 'class TGfxTexture' has no member named 'ptr'
  379 |         if (ActionSnapTexture.ptr != nullptr) {
      |                               ^~~
/home/sblo/Dev/soldat-cpp/include/GameRendering.h:380:30: error: invalid initialization of reference of type 'TGfxTexture*&' from expression of type 'TGfxTexture'
  380 |             GfxDeleteTexture(ActionSnapTexture);
      |                              ^~~~~~~~~~~~~~~~~
/home/sblo/Dev/soldat-cpp/include/Gfx.h:143:37: note: in passing argument 1 of 'void GfxDeleteTexture(TGfxTexture*&)'
  143 | void GfxDeleteTexture(TGfxTexture*& Texture);
      |                       ~~~~~~~~~~~~~~^~~~~~~
/home/sblo/Dev/soldat-cpp/include/GameRendering.h:383:26: error: 'class TGfxTexture' has no member named 'ptr'
  383 |         if (RenderTarget.ptr != nullptr) {
      |                          ^~~
/home/sblo/Dev/soldat-cpp/include/GameRendering.h:384:30: error: invalid initialization of reference of type 'TGfxTexture*&' from expression of type 'TGfxTexture'
  384 |             GfxDeleteTexture(RenderTarget);
      |                              ^~~~~~~~~~~~
/home/sblo/Dev/soldat-cpp/include/Gfx.h:143:37: note: in passing argument 1 of 'void GfxDeleteTexture(TGfxTexture*&)'
  143 | void GfxDeleteTexture(TGfxTexture*& Texture);
      |                       ~~~~~~~~~~~~~~^~~~~~~
/home/sblo/Dev/soldat-cpp/include/GameRendering.h:387:28: error: 'class TGfxTexture' has no member named 'ptr'
  387 |         if (RenderTargetAA.ptr != nullptr) {
      |                            ^~~
/home/sblo/Dev/soldat-cpp/include/GameRendering.h:388:30: error: invalid initialization of reference of type 'TGfxTexture*&' from expression of type 'TGfxTexture'
  388 |             GfxDeleteTexture(RenderTargetAA);
      |                              ^~~~~~~~~~~~~~
/home/sblo/Dev/soldat-cpp/include/Gfx.h:143:37: note: in passing argument 1 of 'void GfxDeleteTexture(TGfxTexture*&)'
  143 | void GfxDeleteTexture(TGfxTexture*& Texture);
      |                       ~~~~~~~~~~~~~~^~~~~~~
/home/sblo/Dev/soldat-cpp/include/GameRendering.h: In function 'void GameRenderingImpl::InterpolateState(double, TInterpolationState&, bool)':
/home/sblo/Dev/soldat-cpp/include/GameRendering.h:408:41: warning: unused parameter 'p' [-Wunused-parameter]
  408 |     inline void InterpolateState(double p, TInterpolationState& s, bool Paused) {
      |                                  ~~~~~~~^
/home/sblo/Dev/soldat-cpp/include/GameRendering.h:408:65: warning: unused parameter 's' [-Wunused-parameter]
  408 |     inline void InterpolateState(double p, TInterpolationState& s, bool Paused) {
      |                                            ~~~~~~~~~~~~~~~~~~~~~^
/home/sblo/Dev/soldat-cpp/include/GameRendering.h:408:73: warning: unused parameter 'Paused' [-Wunused-parameter]
  408 |     inline void InterpolateState(double p, TInterpolationState& s, bool Paused) {
      |                                                                    ~~~~~^~~~~~
/home/sblo/Dev/soldat-cpp/include/GameRendering.h: In function 'void GameRenderingImpl::RestoreState(TInterpolationState&)':
/home/sblo/Dev/soldat-cpp/include/GameRendering.h:413:51: warning: unused parameter 's' [-Wunused-parameter]
  413 |     inline void RestoreState(TInterpolationState& s) {
      |                              ~~~~~~~~~~~~~~~~~~~~~^
/home/sblo/Dev/soldat-cpp/include/GameRendering.h: In function 'void GameRenderingImpl::RenderFrame(double, double, bool)':
/home/sblo/Dev/soldat-cpp/include/GameRendering.h:418:36: warning: unused parameter 'TimeElapsed' [-Wunused-parameter]
  418 |     inline void RenderFrame(double TimeElapsed, double FramePercent, bool Paused) {
      |                             ~~~~~~~^~~~~~~~~~~
/home/sblo/Dev/soldat-cpp/include/GameRendering.h:418:56: warning: unused parameter 'FramePercent' [-Wunused-parameter]
  418 |     inline void RenderFrame(double TimeElapsed, double FramePercent, bool Paused) {
      |                                                 ~~~~~~~^~~~~~~~~~~~
/home/sblo/Dev/soldat-cpp/include/GameRendering.h:418:75: warning: unused parameter 'Paused' [-Wunused-parameter]
  418 |     inline void RenderFrame(double TimeElapsed, double FramePercent, bool Paused) {
      |                                                                      ~~~~~^~~~~~
/home/sblo/Dev/soldat-cpp/include/GameRendering.h: In function 'void GameRenderingImpl::RenderGameInfo(const std::wstring&)':
/home/sblo/Dev/soldat-cpp/include/GameRendering.h:423:52: warning: unused parameter 'TextString' [-Wunused-parameter]
  423 |     inline void RenderGameInfo(const std::wstring& TextString) {
      |                                ~~~~~~~~~~~~~~~~~~~~^~~~~~~~~~
/home/sblo/Dev/soldat-cpp/include/GameRendering.h: In function 'bool GameRenderingImpl::GetSizeConstraint(int, int&, int&)':
/home/sblo/Dev/soldat-cpp/include/GameRendering.h:440:13: error: 'GFX_WEAPONS_AK74' was not declared in this scope
  440 |             GFX_WEAPONS_AK74,        GFX_WEAPONS_AK74_2,
      |             ^~~~~~~~~~~~~~~~
/home/sblo/Dev/soldat-cpp/include/GameRendering.h:440:38: error: 'GFX_WEAPONS_AK74_2' was not declared in this scope
  440 |             GFX_WEAPONS_AK74,        GFX_WEAPONS_AK74_2,
      |                                      ^~~~~~~~~~~~~~~~~~
/home/sblo/Dev/soldat-cpp/include/GameRendering.h:441:13: error: 'GFX_WEAPONS_AK74_FIRE' was not declared in this scope
  441 |             GFX_WEAPONS_AK74_FIRE,   GFX_WEAPONS_MINIMI,
      |             ^~~~~~~~~~~~~~~~~~~~~
/home/sblo/Dev/soldat-cpp/include/GameRendering.h:441:38: error: 'GFX_WEAPONS_MINIMI' was not declared in this scope
  441 |             GFX_WEAPONS_AK74_FIRE,   GFX_WEAPONS_MINIMI,
      |                                      ^~~~~~~~~~~~~~~~~~
/home/sblo/Dev/soldat-cpp/include/GameRendering.h:442:13: error: 'GFX_WEAPONS_MINIMI_2' was not declared in this scope
  442 |             GFX_WEAPONS_MINIMI_2,    GFX_WEAPONS_RUGER,
      |             ^~~~~~~~~~~~~~~~~~~~
/home/sblo/Dev/soldat-cpp/include/GameRendering.h:442:38: error: 'GFX_WEAPONS_RUGER' was not declared in this scope
  442 |             GFX_WEAPONS_MINIMI_2,    GFX_WEAPONS_RUGER,
      |                                      ^~~~~~~~~~~~~~~~~
/home/sblo/Dev/soldat-cpp/include/GameRendering.h:443:13: error: 'GFX_WEAPONS_RUGER_2' was not declared in this scope
  443 |             GFX_WEAPONS_RUGER_2,     GFX_WEAPONS_MP5,
      |             ^~~~~~~~~~~~~~~~~~~
/home/sblo/Dev/soldat-cpp/include/GameRendering.h:443:38: error: 'GFX_WEAPONS_MP5' was not declared in this scope
  443 |             GFX_WEAPONS_RUGER_2,     GFX_WEAPONS_MP5,
      |                                      ^~~~~~~~~~~~~~~
/home/sblo/Dev/soldat-cpp/include/GameRendering.h:444:13: error: 'GFX_WEAPONS_MP5_2' was not declared in this scope
  444 |             GFX_WEAPONS_MP5_2,       GFX_WEAPONS_SPAS,
      |             ^~~~~~~~~~~~~~~~~
/home/sblo/Dev/soldat-cpp/include/GameRendering.h:444:38: error: 'GFX_WEAPONS_SPAS' was not declared in this scope
  444 |             GFX_WEAPONS_MP5_2,       GFX_WEAPONS_SPAS,
      |                                      ^~~~~~~~~~~~~~~~
/home/sblo/Dev/soldat-cpp/include/GameRendering.h:445:13: error: 'GFX_WEAPONS_SPAS_2' was not declared in this scope
  445 |             GFX_WEAPONS_SPAS_2,      GFX_WEAPONS_M79,
      |             ^~~~~~~~~~~~~~~~~~
/home/sblo/Dev/soldat-cpp/include/GameRendering.h:445:38: error: 'GFX_WEAPONS_M79' was not declared in this scope
  445 |             GFX_WEAPONS_SPAS_2,      GFX_WEAPONS_M79,
      |                                      ^~~~~~~~~~~~~~~
/home/sblo/Dev/soldat-cpp/include/GameRendering.h:446:13: error: 'GFX_WEAPONS_M79_2' was not declared in this scope
  446 |             GFX_WEAPONS_M79_2,       GFX_WEAPONS_DEAGLES,
      |             ^~~~~~~~~~~~~~~~~
/home/sblo/Dev/soldat-cpp/include/GameRendering.h:446:38: error: 'GFX_WEAPONS_DEAGLES' was not declared in this scope
  446 |             GFX_WEAPONS_M79_2,       GFX_WEAPONS_DEAGLES,
      |                                      ^~~~~~~~~~~~~~~~~~~
/home/sblo/Dev/soldat-cpp/include/GameRendering.h:447:13: error: 'GFX_WEAPONS_DEAGLES_2' was not declared in this scope
  447 |             GFX_WEAPONS_DEAGLES_2,   GFX_WEAPONS_N_DEAGLES,
      |             ^~~~~~~~~~~~~~~~~~~~~
/home/sblo/Dev/soldat-cpp/include/GameRendering.h:447:38: error: 'GFX_WEAPONS_N_DEAGLES' was not declared in this scope
  447 |             GFX_WEAPONS_DEAGLES_2,   GFX_WEAPONS_N_DEAGLES,
      |                                      ^~~~~~~~~~~~~~~~~~~~~
/home/sblo/Dev/soldat-cpp/include/GameRendering.h:448:13: error: 'GFX_WEAPONS_N_DEAGLES_2' was not declared in this scope
  448 |             GFX_WEAPONS_N_DEAGLES_2, GFX_WEAPONS_STEYR,
      |             ^~~~~~~~~~~~~~~~~~~~~~~
/home/sblo/Dev/soldat-cpp/include/GameRendering.h:448:38: error: 'GFX_WEAPONS_STEYR' was not declared in this scope
  448 |             GFX_WEAPONS_N_DEAGLES_2, GFX_WEAPONS_STEYR,
      |                                      ^~~~~~~~~~~~~~~~~
/home/sblo/Dev/soldat-cpp/include/GameRendering.h:449:13: error: 'GFX_WEAPONS_STEYR_2' was not declared in this scope
  449 |             GFX_WEAPONS_STEYR_2,     GFX_WEAPONS_BARRETT,
      |             ^~~~~~~~~~~~~~~~~~~
/home/sblo/Dev/soldat-cpp/include/GameRendering.h:449:38: error: 'GFX_WEAPONS_BARRETT' was not declared in this scope
  449 |             GFX_WEAPONS_STEYR_2,     GFX_WEAPONS_BARRETT,
      |                                      ^~~~~~~~~~~~~~~~~~~
/home/sblo/Dev/soldat-cpp/include/GameRendering.h:450:13: error: 'GFX_WEAPONS_BARRETT_2' was not declared in this scope
  450 |             GFX_WEAPONS_BARRETT_2,   GFX_WEAPONS_MINIGUN,
      |             ^~~~~~~~~~~~~~~~~~~~~
/home/sblo/Dev/soldat-cpp/include/GameRendering.h:450:38: error: 'GFX_WEAPONS_MINIGUN' was not declared in this scope
  450 |             GFX_WEAPONS_BARRETT_2,   GFX_WEAPONS_MINIGUN,
      |                                      ^~~~~~~~~~~~~~~~~~~
/home/sblo/Dev/soldat-cpp/include/GameRendering.h:451:13: error: 'GFX_WEAPONS_MINIGUN_2' was not declared in this scope
  451 |             GFX_WEAPONS_MINIGUN_2,   GFX_WEAPONS_SOCOM,
      |             ^~~~~~~~~~~~~~~~~~~~~
/home/sblo/Dev/soldat-cpp/include/GameRendering.h:451:38: error: 'GFX_WEAPONS_SOCOM' was not declared in this scope
  451 |             GFX_WEAPONS_MINIGUN_2,   GFX_WEAPONS_SOCOM,
      |                                      ^~~~~~~~~~~~~~~~~
/home/sblo/Dev/soldat-cpp/include/GameRendering.h:452:13: error: 'GFX_WEAPONS_SOCOM_2' was not declared in this scope
  452 |             GFX_WEAPONS_SOCOM_2,     GFX_WEAPONS_N_SOCOM,
      |             ^~~~~~~~~~~~~~~~~~~
/home/sblo/Dev/soldat-cpp/include/GameRendering.h:452:38: error: 'GFX_WEAPONS_N_SOCOM' was not declared in this scope
  452 |             GFX_WEAPONS_SOCOM_2,     GFX_WEAPONS_N_SOCOM,
      |                                      ^~~~~~~~~~~~~~~~~~~
/home/sblo/Dev/soldat-cpp/include/GameRendering.h:453:13: error: 'GFX_WEAPONS_N_SOCOM_2' was not declared in this scope
  453 |             GFX_WEAPONS_N_SOCOM_2,   GFX_WEAPONS_BOW,
      |             ^~~~~~~~~~~~~~~~~~~~~
/home/sblo/Dev/soldat-cpp/include/GameRendering.h:453:38: error: 'GFX_WEAPONS_BOW' was not declared in this scope
  453 |             GFX_WEAPONS_N_SOCOM_2,   GFX_WEAPONS_BOW,
      |                                      ^~~~~~~~~~~~~~~
/home/sblo/Dev/soldat-cpp/include/GameRendering.h:454:13: error: 'GFX_WEAPONS_BOW_S' was not declared in this scope
  454 |             GFX_WEAPONS_BOW_S,       GFX_WEAPONS_FLAMER,
      |             ^~~~~~~~~~~~~~~~~
/home/sblo/Dev/soldat-cpp/include/GameRendering.h:454:38: error: 'GFX_WEAPONS_FLAMER' was not declared in this scope
  454 |             GFX_WEAPONS_BOW_S,       GFX_WEAPONS_FLAMER,
      |                                      ^~~~~~~~~~~~~~~~~~
/home/sblo/Dev/soldat-cpp/include/GameRendering.h:455:13: error: 'GFX_WEAPONS_FLAMER_2' was not declared in this scope
  455 |             GFX_WEAPONS_FLAMER_2,    GFX_WEAPONS_KNIFE,
      |             ^~~~~~~~~~~~~~~~~~~~
/home/sblo/Dev/soldat-cpp/include/GameRendering.h:455:38: error: 'GFX_WEAPONS_KNIFE' was not declared in this scope
  455 |             GFX_WEAPONS_FLAMER_2,    GFX_WEAPONS_KNIFE,
      |                                      ^~~~~~~~~~~~~~~~~
/home/sblo/Dev/soldat-cpp/include/GameRendering.h:456:13: error: 'GFX_WEAPONS_KNIFE2' was not declared in this scope
  456 |             GFX_WEAPONS_KNIFE2,      GFX_WEAPONS_CHAINSAW,
      |             ^~~~~~~~~~~~~~~~~~
/home/sblo/Dev/soldat-cpp/include/GameRendering.h:456:38: error: 'GFX_WEAPONS_CHAINSAW' was not declared in this scope
  456 |             GFX_WEAPONS_KNIFE2,      GFX_WEAPONS_CHAINSAW,
      |                                      ^~~~~~~~~~~~~~~~~~~~
/home/sblo/Dev/soldat-cpp/include/GameRendering.h:457:13: error: 'GFX_WEAPONS_CHAINSAW2' was not declared in this scope
  457 |             GFX_WEAPONS_CHAINSAW2
      |             ^~~~~~~~~~~~~~~~~~~~~
/home/sblo/Dev/soldat-cpp/include/GameRendering.h:458:9: error: could not convert '{<expression error>, <expression error>, <expression error>, <expression error>, <expression error>, <expression error>, <expression error>, <expression error>, <expression error>, <expression error>, <expression error>, <expression error>, <expression error>, <expression error>, <expression error>, <expression error>, <expression error>, <expression error>, <expression error>, <expression error>, <expression error>, <expression error>, <expression error>, <expression error>, <expression error>, <expression error>, <expression error>, <expression error>, <expression error>, <expression error>, <expression error>, <expression error>, <expression error>, <expression error>, <expression error>}' from '<brace-enclosed initializer list>' to 'const std::vector<int>'
  458 |         };
      |         ^
      |         |
      |         <brace-enclosed initializer list>
/home/sblo/Dev/soldat-cpp/include/GameRendering.h:460:20: error: 'GFX_GOSTEK_STOPA' was not declared in this scope
  460 |         if ((id >= GFX_GOSTEK_STOPA) && (id <= GFX_GOSTEK_TEAM2_LECISTOPA2)) {
      |                    ^~~~~~~~~~~~~~~~
/home/sblo/Dev/soldat-cpp/include/GameRendering.h:460:48: error: 'GFX_GOSTEK_TEAM2_LECISTOPA2' was not declared in this scope
  460 |         if ((id >= GFX_GOSTEK_STOPA) && (id <= GFX_GOSTEK_TEAM2_LECISTOPA2)) {
      |                                                ^~~~~~~~~~~~~~~~~~~~~~~~~~~
/home/sblo/Dev/soldat-cpp/include/GameRendering.h: In function 'bool GameRenderingImpl::DoTextureLoading(bool)':
/home/sblo/Dev/soldat-cpp/include/GameRendering.h:472:39: warning: unused parameter 'FinishLoading' [-Wunused-parameter]
  472 |     inline bool DoTextureLoading(bool FinishLoading = false) {
      |                                  ~~~~~^~~~~~~~~~~~~~~~~~~~~
/home/sblo/Dev/soldat-cpp/include/GameRendering.h: At global scope:
/home/sblo/Dev/soldat-cpp/include/GameRendering.h:480:26: error: 'TGameRenderingParams' has not been declared in 'GameRenderingImpl'
  480 | using GameRenderingImpl::TGameRenderingParams;
      |                          ^~~~~~~~~~~~~~~~~~~~
/home/sblo/Dev/soldat-cpp/include/GameRendering.h:481:26: error: 'GameRenderingParams' has not been declared in 'GameRenderingImpl'
  481 | using GameRenderingImpl::GameRenderingParams;
      |                          ^~~~~~~~~~~~~~~~~~~
/home/sblo/Dev/soldat-cpp/include/GameRendering.h:482:26: error: 'Textures' has not been declared in 'GameRenderingImpl'
  482 | using GameRenderingImpl::Textures;
      |                          ^~~~~~~~
/home/sblo/Dev/soldat-cpp/include/GameRendering.h:483:26: error: 'bool GameRenderingImpl::InitGameGraphics()' conflicts with a previous declaration
  483 | using GameRenderingImpl::InitGameGraphics;
      |                          ^~~~~~~~~~~~~~~~
/home/sblo/Dev/soldat-cpp/include/GameRendering.h:57:6: note: previous declaration 'bool InitGameGraphics()'
   57 | bool InitGameGraphics();
      |      ^~~~~~~~~~~~~~~~
/home/sblo/Dev/soldat-cpp/include/GameRendering.h:484:26: error: 'void GameRenderingImpl::ReloadGraphics()' conflicts with a previous declaration
  484 | using GameRenderingImpl::ReloadGraphics;
      |                          ^~~~~~~~~~~~~~
/home/sblo/Dev/soldat-cpp/include/GameRendering.h:58:6: note: previous declaration 'void ReloadGraphics()'
   58 | void ReloadGraphics();
      |      ^~~~~~~~~~~~~~
/home/sblo/Dev/soldat-cpp/include/GameRendering.h:485:26: error: 'void GameRenderingImpl::DestroyGameGraphics()' conflicts with a previous declaration
  485 | using GameRenderingImpl::DestroyGameGraphics;
      |                          ^~~~~~~~~~~~~~~~~~~
/home/sblo/Dev/soldat-cpp/include/GameRendering.h:59:6: note: previous declaration 'void DestroyGameGraphics()'
   59 | void DestroyGameGraphics();
      |      ^~~~~~~~~~~~~~~~~~~
/home/sblo/Dev/soldat-cpp/include/GameRendering.h:486:26: error: 'void GameRenderingImpl::RenderFrame(double, double, bool)' conflicts with a previous declaration
  486 | using GameRenderingImpl::RenderFrame;
      |                          ^~~~~~~~~~~
/home/sblo/Dev/soldat-cpp/include/GameRendering.h:60:6: note: previous declaration 'void RenderFrame(double, double, bool)'
   60 | void RenderFrame(double TimeElapsed, double FramePercent, bool Paused);
      |      ^~~~~~~~~~~
/home/sblo/Dev/soldat-cpp/include/GameRendering.h:487:26: error: 'void GameRenderingImpl::RenderGameInfo(const std::wstring&)' conflicts with a previous declaration
  487 | using GameRenderingImpl::RenderGameInfo;
      |                          ^~~~~~~~~~~~~~
/home/sblo/Dev/soldat-cpp/include/GameRendering.h:61:6: note: previous declaration 'void RenderGameInfo(const std::wstring&)'
   61 | void RenderGameInfo(const std::wstring& TextString);
      |      ^~~~~~~~~~~~~~
/home/sblo/Dev/soldat-cpp/include/GameRendering.h:488:26: error: 'bool GameRenderingImpl::DoTextureLoading(bool)' conflicts with a previous declaration
  488 | using GameRenderingImpl::DoTextureLoading;
      |                          ^~~~~~~~~~~~~~~~
/home/sblo/Dev/soldat-cpp/include/GameRendering.h:62:6: note: previous declaration 'bool DoTextureLoading(bool)'
   62 | bool DoTextureLoading(bool FinishLoading = false);
      |      ^~~~~~~~~~~~~~~~
/home/sblo/Dev/soldat-cpp/include/GameRendering.h:489:26: error: 'SetFontStyle' has not been declared in 'GameRenderingImpl'
  489 | using GameRenderingImpl::SetFontStyle;
      |                          ^~~~~~~~~~~~
/home/sblo/Dev/soldat-cpp/include/GameRendering.h:490:26: error: 'FontStyleSize' has not been declared in 'GameRenderingImpl'
  490 | using GameRenderingImpl::FontStyleSize;
      |                          ^~~~~~~~~~~~~
/home/sblo/Dev/soldat-cpp/include/GameRendering.h:491:26: error: 'void GameRenderingImpl::TakeScreenshot(const std::string&, bool)' conflicts with a previous declaration
  491 | using GameRenderingImpl::TakeScreenshot;
      |                          ^~~~~~~~~~~~~~
/home/sblo/Dev/soldat-cpp/include/GameRendering.h:66:6: note: previous declaration 'void TakeScreenshot(const std::string&, bool)'
   66 | void TakeScreenshot(const std::string& Filename, bool Async = true);
      |      ^~~~~~~~~~~~~~
/home/sblo/Dev/soldat-cpp/include/GameRendering.h:492:26: error: 'std::string GameRenderingImpl::PngOverride(const std::string&)' conflicts with a previous declaration
  492 | using GameRenderingImpl::PngOverride;
      |                          ^~~~~~~~~~~
/home/sblo/Dev/soldat-cpp/include/GameRendering.h:67:13: note: previous declaration 'std::string PngOverride(const std::string&)'
   67 | std::string PngOverride(const std::string& Filename);
      |             ^~~~~~~~~~~
In file included from /home/sblo/Dev/soldat-cpp/include/WeatherEffects.h:17,
                 from /home/sblo/Dev/soldat-cpp/include/UpdateFrame.h:29:
/home/sblo/Dev/soldat-cpp/include/Sparks.h:15:11: error: redefinition of 'const int MAX_SPARKS'
   15 | const int MAX_SPARKS = 1000;
      |           ^~~~~~~~~~
In file included from /home/sblo/Dev/soldat-cpp/include/Client.h:16:
/home/sblo/Dev/soldat-cpp/include/Constants.h:242:11: note: 'const int MAX_SPARKS' previously defined here
  242 | const int MAX_SPARKS = 500;
      |           ^~~~~~~~~~
/home/sblo/Dev/soldat-cpp/include/Sparks.h:26:19: error: 'void SparksImpl::CreateSpark(TVector2, TVector2, uint8_t, uint8_t, uint8_t)' conflicts with a previous declaration
   26 | using SparksImpl::CreateSpark;
      |                   ^~~~~~~~~~~
/home/sblo/Dev/soldat-cpp/include/Sparks.h:20:6: note: previous declaration 'void CreateSpark(TVector2, TVector2, uint8_t, uint8_t, uint8_t)'
   20 | void CreateSpark(TVector2 Pos, TVector2 Vel, uint8_t Type, uint8_t TTL, uint8_t Intensity);
      |      ^~~~~~~~~~~
/home/sblo/Dev/soldat-cpp/include/WeatherEffects.h: In function 'void WeatherEffectsImpl::MakeRain()':
/home/sblo/Dev/soldat-cpp/include/WeatherEffects.h:37:25: error: invalid use of member function 'T CvarImpl::TCvar<T>::Value() const [with T = int]' (did you forget the '()' ?)
   37 |         if (r_maxsparks.Value < (MAX_SPARKS - 10)) {
      |             ~~~~~~~~~~~~^~~~~
      |                              ()
/home/sblo/Dev/soldat-cpp/include/WeatherEffects.h: In function 'void WeatherEffectsImpl::MakeSandStorm()':
/home/sblo/Dev/soldat-cpp/include/WeatherEffects.h:66:25: error: invalid use of member function 'T CvarImpl::TCvar<T>::Value() const [with T = int]' (did you forget the '()' ?)
   66 |         if (r_maxsparks.Value < (MAX_SPARKS - 10)) {
      |             ~~~~~~~~~~~~^~~~~
      |                              ()
/home/sblo/Dev/soldat-cpp/include/WeatherEffects.h: In function 'void WeatherEffectsImpl::MakeSnow()':
/home/sblo/Dev/soldat-cpp/include/WeatherEffects.h:95:25: error: invalid use of member function 'T CvarImpl::TCvar<T>::Value() const [with T = int]' (did you forget the '()' ?)
   95 |         if (r_maxsparks.Value < (MAX_SPARKS - 10)) {
      |             ~~~~~~~~~~~~^~~~~
      |                              ()
/home/sblo/Dev/soldat-cpp/include/WeatherEffects.h: At global scope:
/home/sblo/Dev/soldat-cpp/include/WeatherEffects.h:120:27: error: 'void WeatherEffectsImpl::MakeRain()' conflicts with a previous declaration
  120 | using WeatherEffectsImpl::MakeRain;
      |                           ^~~~~~~~
/home/sblo/Dev/soldat-cpp/include/WeatherEffects.h:25:6: note: previous declaration 'void MakeRain()'
   25 | void MakeRain();
      |      ^~~~~~~~
/home/sblo/Dev/soldat-cpp/include/WeatherEffects.h:121:27: error: 'void WeatherEffectsImpl::MakeSandStorm()' conflicts with a previous declaration
  121 | using WeatherEffectsImpl::MakeSandStorm;
      |                           ^~~~~~~~~~~~~
/home/sblo/Dev/soldat-cpp/include/WeatherEffects.h:26:6: note: previous declaration 'void MakeSandStorm()'
   26 | void MakeSandStorm();
      |      ^~~~~~~~~~~~~
/home/sblo/Dev/soldat-cpp/include/WeatherEffects.h:122:27: error: 'void WeatherEffectsImpl::MakeSnow()' conflicts with a previous declaration
  122 | using WeatherEffectsImpl::MakeSnow;
      |                           ^~~~~~~~
/home/sblo/Dev/soldat-cpp/include/WeatherEffects.h:27:6: note: previous declaration 'void MakeSnow()'
   27 | void MakeSnow();
      |      ^~~~~~~~
In file included from /home/sblo/Dev/soldat-cpp/include/UpdateFrame.h:33:
/home/sblo/Dev/soldat-cpp/include/GameMenus.h: In function 'void GameMenusImpl::InitGameMenus()':
/home/sblo/Dev/soldat-cpp/include/GameMenus.h:95:44: error: 'RenderWidth' was not declared in this scope; did you mean 'r_renderwidth'?
   95 |             EscMenu->x = static_cast<int>((RenderWidth - EscMenu->w) / 2);
      |                                            ^~~~~~~~~~~
      |                                            r_renderwidth
/home/sblo/Dev/soldat-cpp/include/GameMenus.h:96:44: error: 'RenderHeight' was not declared in this scope; did you mean 'r_renderheight'?
   96 |             EscMenu->y = static_cast<int>((RenderHeight - EscMenu->h) / 2);
      |                                            ^~~~~~~~~~~~
      |                                            r_renderheight
/home/sblo/Dev/soldat-cpp/include/GameMenus.h: In function 'void GameMenusImpl::GameMenuShow(TGameMenu*, bool)':
/home/sblo/Dev/soldat-cpp/include/GameMenus.h:195:35: error: '__gnu_cxx::__alloc_traits<std::allocator<std::unique_ptr<TSprite> >, std::unique_ptr<TSprite> >::value_type' {aka 'class std::unique_ptr<TSprite>'} has no member named 'Active'
  195 |                     if (Sprite[i].Active) {
      |                                   ^~~~~~
/home/sblo/Dev/soldat-cpp/include/GameMenus.h:196:45: error: '__gnu_cxx::__alloc_traits<std::allocator<std::unique_ptr<TSprite> >, std::unique_ptr<TSprite> >::value_type' {aka 'class std::unique_ptr<TSprite>'} has no member named 'ReloadSoundChannel'
  196 |                         StopSound(Sprite[i].ReloadSoundChannel);
      |                                             ^~~~~~~~~~~~~~~~~~
/home/sblo/Dev/soldat-cpp/include/GameMenus.h:197:45: error: '__gnu_cxx::__alloc_traits<std::allocator<std::unique_ptr<TSprite> >, std::unique_ptr<TSprite> >::value_type' {aka 'class std::unique_ptr<TSprite>'} has no member named 'JetsSoundChannel'
  197 |                         StopSound(Sprite[i].JetsSoundChannel);
      |                                             ^~~~~~~~~~~~~~~~
/home/sblo/Dev/soldat-cpp/include/GameMenus.h:198:45: error: '__gnu_cxx::__alloc_traits<std::allocator<std::unique_ptr<TSprite> >, std::unique_ptr<TSprite> >::value_type' {aka 'class std::unique_ptr<TSprite>'} has no member named 'GattlingSoundChannel'
  198 |                         StopSound(Sprite[i].GattlingSoundChannel);
      |                                             ^~~~~~~~~~~~~~~~~~~~
/home/sblo/Dev/soldat-cpp/include/GameMenus.h:199:45: error: '__gnu_cxx::__alloc_traits<std::allocator<std::unique_ptr<TSprite> >, std::unique_ptr<TSprite> >::value_type' {aka 'class std::unique_ptr<TSprite>'} has no member named 'GattlingSoundChannel2'
  199 |                         StopSound(Sprite[i].GattlingSoundChannel2);
      |                                             ^~~~~~~~~~~~~~~~~~~~~
/home/sblo/Dev/soldat-cpp/include/GameMenus.h: In function 'bool GameMenusImpl::GameMenuAction(TGameMenu*, int)':
/home/sblo/Dev/soldat-cpp/include/GameMenus.h:286:37: error: call of overloaded 'GameMenuShow(TGameMenu*&, bool)' is ambiguous
  286 |                         GameMenuShow(MapMenu, !MapMenu->Active);
      |                         ~~~~~~~~~~~~^~~~~~~~~~~~~~~~~~~~~~~~~~~
/home/sblo/Dev/soldat-cpp/include/GameMenus.h:286:37: note: there are 2 candidates
/home/sblo/Dev/soldat-cpp/include/GameMenus.h:180:17: note: candidate 1: 'void GameMenusImpl::GameMenuShow(TGameMenu*, bool)'
  180 |     inline void GameMenuShow(TGameMenu* Menu, bool Show) {
      |                 ^~~~~~~~~~~~
/home/sblo/Dev/soldat-cpp/include/GameMenus.h:57:6: note: candidate 2: 'void GameMenuShow(TGameMenu*, bool)'
   57 | void GameMenuShow(TGameMenu* Menu, bool Show = true);
      |      ^~~~~~~~~~~~
/home/sblo/Dev/soldat-cpp/include/GameMenus.h:289:37: error: call of overloaded 'GameMenuShow(TGameMenu*&, bool)' is ambiguous
  289 |                         GameMenuShow(KickMenu, !KickMenu->Active);
      |                         ~~~~~~~~~~~~^~~~~~~~~~~~~~~~~~~~~~~~~~~~~
/home/sblo/Dev/soldat-cpp/include/GameMenus.h:289:37: note: there are 2 candidates
/home/sblo/Dev/soldat-cpp/include/GameMenus.h:180:17: note: candidate 1: 'void GameMenusImpl::GameMenuShow(TGameMenu*, bool)'
  180 |     inline void GameMenuShow(TGameMenu* Menu, bool Show) {
      |                 ^~~~~~~~~~~~
/home/sblo/Dev/soldat-cpp/include/GameMenus.h:57:6: note: candidate 2: 'void GameMenuShow(TGameMenu*, bool)'
   57 | void GameMenuShow(TGameMenu* Menu, bool Show = true);
      |      ^~~~~~~~~~~~
/home/sblo/Dev/soldat-cpp/include/GameMenus.h:295:41: error: call of overloaded 'GameMenuShow(TGameMenu*&, bool)' is ambiguous
  295 |                             GameMenuShow(TeamMenu, true);
      |                             ~~~~~~~~~~~~^~~~~~~~~~~~~~~~
/home/sblo/Dev/soldat-cpp/include/GameMenus.h:295:41: note: there are 2 candidates
/home/sblo/Dev/soldat-cpp/include/GameMenus.h:180:17: note: candidate 1: 'void GameMenusImpl::GameMenuShow(TGameMenu*, bool)'
  180 |     inline void GameMenuShow(TGameMenu* Menu, bool Show) {
      |                 ^~~~~~~~~~~~
/home/sblo/Dev/soldat-cpp/include/GameMenus.h:57:6: note: candidate 2: 'void GameMenuShow(TGameMenu*, bool)'
   57 | void GameMenuShow(TGameMenu* Menu, bool Show = true);
      |      ^~~~~~~~~~~~
/home/sblo/Dev/soldat-cpp/include/GameMenus.h:300:41: error: call of overloaded 'GameMenuShow(TGameMenu*&, bool)' is ambiguous
  300 |                             GameMenuShow(TeamMenu, true);
      |                             ~~~~~~~~~~~~^~~~~~~~~~~~~~~~
/home/sblo/Dev/soldat-cpp/include/GameMenus.h:300:41: note: there are 2 candidates
/home/sblo/Dev/soldat-cpp/include/GameMenus.h:180:17: note: candidate 1: 'void GameMenusImpl::GameMenuShow(TGameMenu*, bool)'
  180 |     inline void GameMenuShow(TGameMenu* Menu, bool Show) {
      |                 ^~~~~~~~~~~~
/home/sblo/Dev/soldat-cpp/include/GameMenus.h:57:6: note: candidate 2: 'void GameMenuShow(TGameMenu*, bool)'
   57 | void GameMenuShow(TGameMenu* Menu, bool Show = true);
      |      ^~~~~~~~~~~~
/home/sblo/Dev/soldat-cpp/include/GameMenus.h:313:29: error: call of overloaded 'GameMenuShow(TGameMenu*&, bool)' is ambiguous
  313 |                 GameMenuShow(TeamMenu, false);
      |                 ~~~~~~~~~~~~^~~~~~~~~~~~~~~~~
/home/sblo/Dev/soldat-cpp/include/GameMenus.h:313:29: note: there are 2 candidates
/home/sblo/Dev/soldat-cpp/include/GameMenus.h:180:17: note: candidate 1: 'void GameMenusImpl::GameMenuShow(TGameMenu*, bool)'
  180 |     inline void GameMenuShow(TGameMenu* Menu, bool Show) {
      |                 ^~~~~~~~~~~~
/home/sblo/Dev/soldat-cpp/include/GameMenus.h:57:6: note: candidate 2: 'void GameMenuShow(TGameMenu*, bool)'
   57 | void GameMenuShow(TGameMenu* Menu, bool Show = true);
      |      ^~~~~~~~~~~~
/home/sblo/Dev/soldat-cpp/include/GameMenus.h:316:73: error: '__gnu_cxx::__alloc_traits<std::allocator<std::unique_ptr<TSprite> >, std::unique_ptr<TSprite> >::value_type' {aka 'class std::unique_ptr<TSprite>'} has no member named 'Player'
  316 |                 if ((MySprite == 0) || (ButtonIndex != Sprite[MySprite].Player.Team)) {
      |                                                                         ^~~~~~
/home/sblo/Dev/soldat-cpp/include/GameMenus.h:325:33: error: call of overloaded 'GameMenuShow(TGameMenu*&, bool)' is ambiguous
  325 |                     GameMenuShow(KickMenu, false);
      |                     ~~~~~~~~~~~~^~~~~~~~~~~~~~~~~
/home/sblo/Dev/soldat-cpp/include/GameMenus.h:325:33: note: there are 2 candidates
/home/sblo/Dev/soldat-cpp/include/GameMenus.h:180:17: note: candidate 1: 'void GameMenusImpl::GameMenuShow(TGameMenu*, bool)'
  180 |     inline void GameMenuShow(TGameMenu* Menu, bool Show) {
      |                 ^~~~~~~~~~~~
/home/sblo/Dev/soldat-cpp/include/GameMenus.h:57:6: note: candidate 2: 'void GameMenuShow(TGameMenu*, bool)'
   57 | void GameMenuShow(TGameMenu* Menu, bool Show = true);
      |      ^~~~~~~~~~~~
/home/sblo/Dev/soldat-cpp/include/GameMenus.h:331:62: error: '__gnu_cxx::__alloc_traits<std::allocator<std::unique_ptr<TSprite> >, std::unique_ptr<TSprite> >::value_type' {aka 'class std::unique_ptr<TSprite>'} has no member named 'Active'
  331 |                             } while (!(Sprite[KickMenuIndex].Active || Sprite[KickMenuIndex].Player.DemoPlayer));
      |                                                              ^~~~~~
/home/sblo/Dev/soldat-cpp/include/GameMenus.h:331:94: error: '__gnu_cxx::__alloc_traits<std::allocator<std::unique_ptr<TSprite> >, std::unique_ptr<TSprite> >::value_type' {aka 'class std::unique_ptr<TSprite>'} has no member named 'Player'
  331 |                             } while (!(Sprite[KickMenuIndex].Active || Sprite[KickMenuIndex].Player.DemoPlayer));
      |                                                                                              ^~~~~~
/home/sblo/Dev/soldat-cpp/include/GameMenus.h:339:62: error: '__gnu_cxx::__alloc_traits<std::allocator<std::unique_ptr<TSprite> >, std::unique_ptr<TSprite> >::value_type' {aka 'class std::unique_ptr<TSprite>'} has no member named 'Active'
  339 |                             } while (!(Sprite[KickMenuIndex].Active || Sprite[KickMenuIndex].Player.DemoPlayer));
      |                                                              ^~~~~~
/home/sblo/Dev/soldat-cpp/include/GameMenus.h:339:94: error: '__gnu_cxx::__alloc_traits<std::allocator<std::unique_ptr<TSprite> >, std::unique_ptr<TSprite> >::value_type' {aka 'class std::unique_ptr<TSprite>'} has no member named 'Player'
  339 |                             } while (!(Sprite[KickMenuIndex].Active || Sprite[KickMenuIndex].Player.DemoPlayer));
      |                                                                                              ^~~~~~
/home/sblo/Dev/soldat-cpp/include/GameMenus.h:348:45: error: call of overloaded 'GameMenuShow(TGameMenu*&, bool)' is ambiguous
  348 |                                 GameMenuShow(EscMenu, false);
      |                                 ~~~~~~~~~~~~^~~~~~~~~~~~~~~~
/home/sblo/Dev/soldat-cpp/include/GameMenus.h:348:45: note: there are 2 candidates
/home/sblo/Dev/soldat-cpp/include/GameMenus.h:180:17: note: candidate 1: 'void GameMenusImpl::GameMenuShow(TGameMenu*, bool)'
  180 |     inline void GameMenuShow(TGameMenu* Menu, bool Show) {
      |                 ^~~~~~~~~~~~
/home/sblo/Dev/soldat-cpp/include/GameMenus.h:57:6: note: candidate 2: 'void GameMenuShow(TGameMenu*, bool)'
   57 | void GameMenuShow(TGameMenu* Menu, bool Show = true);
      |      ^~~~~~~~~~~~
/home/sblo/Dev/soldat-cpp/include/GameMenus.h:349:33: error: 'ChatText' was not declared in this scope; did you mean 'ChatTeam'?
  349 |                                 ChatText = L" ";
      |                                 ^~~~~~~~
      |                                 ChatTeam
/home/sblo/Dev/soldat-cpp/include/GameMenus.h:350:33: error: 'ChatChanged' was not declared in this scope; did you mean 'MapChange'?
  350 |                                 ChatChanged = true;
      |                                 ^~~~~~~~~~~
      |                                 MapChange
/home/sblo/Dev/soldat-cpp/include/GameMenus.h:360:33: error: call of overloaded 'GameMenuShow(TGameMenu*&, bool)' is ambiguous
  360 |                     GameMenuShow(KickMenu, false);
      |                     ~~~~~~~~~~~~^~~~~~~~~~~~~~~~~
/home/sblo/Dev/soldat-cpp/include/GameMenus.h:360:33: note: there are 2 candidates
/home/sblo/Dev/soldat-cpp/include/GameMenus.h:180:17: note: candidate 1: 'void GameMenusImpl::GameMenuShow(TGameMenu*, bool)'
  180 |     inline void GameMenuShow(TGameMenu* Menu, bool Show) {
      |                 ^~~~~~~~~~~~
/home/sblo/Dev/soldat-cpp/include/GameMenus.h:57:6: note: candidate 2: 'void GameMenuShow(TGameMenu*, bool)'
   57 | void GameMenuShow(TGameMenu* Menu, bool Show = true);
      |      ^~~~~~~~~~~~
/home/sblo/Dev/soldat-cpp/include/GameMenus.h:382:41: error: call of overloaded 'GameMenuShow(TGameMenu*&, bool)' is ambiguous
  382 |                             GameMenuShow(EscMenu, false);
      |                             ~~~~~~~~~~~~^~~~~~~~~~~~~~~~
/home/sblo/Dev/soldat-cpp/include/GameMenus.h:382:41: note: there are 2 candidates
/home/sblo/Dev/soldat-cpp/include/GameMenus.h:180:17: note: candidate 1: 'void GameMenusImpl::GameMenuShow(TGameMenu*, bool)'
  180 |     inline void GameMenuShow(TGameMenu* Menu, bool Show) {
      |                 ^~~~~~~~~~~~
/home/sblo/Dev/soldat-cpp/include/GameMenus.h:57:6: note: candidate 2: 'void GameMenuShow(TGameMenu*, bool)'
   57 | void GameMenuShow(TGameMenu* Menu, bool Show = true);
      |      ^~~~~~~~~~~~
/home/sblo/Dev/soldat-cpp/include/GameMenus.h:395:46: error: '__gnu_cxx::__alloc_traits<std::allocator<std::unique_ptr<TSprite> >, std::unique_ptr<TSprite> >::value_type' {aka 'class std::unique_ptr<TSprite>'} has no member named 'SelWeapon'
  395 |                             Sprite[MySprite].SelWeapon = Guns[i].Num;
      |                                              ^~~~~~~~~
/home/sblo/Dev/soldat-cpp/include/GameMenus.h:398:46: error: '__gnu_cxx::__alloc_traits<std::allocator<std::unique_ptr<TSprite> >, std::unique_ptr<TSprite> >::value_type' {aka 'class std::unique_ptr<TSprite>'} has no member named 'SelWeapon'
  398 |                         if (Sprite[MySprite].SelWeapon > 0) {
      |                                              ^~~~~~~~~
/home/sblo/Dev/soldat-cpp/include/GameMenus.h:399:41: error: call of overloaded 'GameMenuShow(TGameMenu*&, bool)' is ambiguous
  399 |                             GameMenuShow(LimboMenu, false);
      |                             ~~~~~~~~~~~~^~~~~~~~~~~~~~~~~~
/home/sblo/Dev/soldat-cpp/include/GameMenus.h:399:41: note: there are 2 candidates
/home/sblo/Dev/soldat-cpp/include/GameMenus.h:180:17: note: candidate 1: 'void GameMenusImpl::GameMenuShow(TGameMenu*, bool)'
  180 |     inline void GameMenuShow(TGameMenu* Menu, bool Show) {
      |                 ^~~~~~~~~~~~
/home/sblo/Dev/soldat-cpp/include/GameMenus.h:57:6: note: candidate 2: 'void GameMenuShow(TGameMenu*, bool)'
   57 | void GameMenuShow(TGameMenu* Menu, bool Show = true);
      |      ^~~~~~~~~~~~
/home/sblo/Dev/soldat-cpp/include/GameMenus.h:401:51: error: '__gnu_cxx::__alloc_traits<std::allocator<std::unique_ptr<TSprite> >, std::unique_ptr<TSprite> >::value_type' {aka 'class std::unique_ptr<TSprite>'} has no member named 'DeadMeat'
  401 |                             if (!Sprite[MySprite].DeadMeat &&
      |                                                   ^~~~~~~~
/home/sblo/Dev/soldat-cpp/include/GameMenus.h:402:52: error: '__gnu_cxx::__alloc_traits<std::allocator<std::unique_ptr<TSprite> >, std::unique_ptr<TSprite> >::value_type' {aka 'class std::unique_ptr<TSprite>'} has no member named 'Weapon'
  402 |                                 !(Sprite[MySprite].Weapon.Num == Guns[BOW].Num ||
      |                                                    ^~~~~~
/home/sblo/Dev/soldat-cpp/include/GameMenus.h:403:52: error: '__gnu_cxx::__alloc_traits<std::allocator<std::unique_ptr<TSprite> >, std::unique_ptr<TSprite> >::value_type' {aka 'class std::unique_ptr<TSprite>'} has no member named 'Weapon'
  403 |                                   Sprite[MySprite].Weapon.Num == Guns[BOW2].Num)) {
      |                                                    ^~~~~~
/home/sblo/Dev/soldat-cpp/include/GameMenus.h:410:42: error: '__gnu_cxx::__alloc_traits<std::allocator<std::unique_ptr<TSprite> >, std::unique_ptr<TSprite> >::value_type' {aka 'class std::unique_ptr<TSprite>'} has no member named 'Player'
  410 |                         Sprite[MySprite].Player.SecWep = i - 11;
      |                                          ^~~~~~
/home/sblo/Dev/soldat-cpp/include/GameMenus.h:419:41: error: call of overloaded 'GameMenuShow(TGameMenu*&, bool)' is ambiguous
  419 |                             GameMenuShow(LimboMenu, false);
      |                             ~~~~~~~~~~~~^~~~~~~~~~~~~~~~~~
/home/sblo/Dev/soldat-cpp/include/GameMenus.h:419:41: note: there are 2 candidates
/home/sblo/Dev/soldat-cpp/include/GameMenus.h:180:17: note: candidate 1: 'void GameMenusImpl::GameMenuShow(TGameMenu*, bool)'
  180 |     inline void GameMenuShow(TGameMenu* Menu, bool Show) {
      |                 ^~~~~~~~~~~~
/home/sblo/Dev/soldat-cpp/include/GameMenus.h:57:6: note: candidate 2: 'void GameMenuShow(TGameMenu*, bool)'
   57 | void GameMenuShow(TGameMenu* Menu, bool Show = true);
      |      ^~~~~~~~~~~~
/home/sblo/Dev/soldat-cpp/include/GameMenus.h:420:46: error: '__gnu_cxx::__alloc_traits<std::allocator<std::unique_ptr<TSprite> >, std::unique_ptr<TSprite> >::value_type' {aka 'class std::unique_ptr<TSprite>'} has no member named 'Weapon'
  420 |                             Sprite[MySprite].Weapon = Sprite[MySprite].SecondaryWeapon;
      |                                              ^~~~~~
/home/sblo/Dev/soldat-cpp/include/GameMenus.h:420:72: error: '__gnu_cxx::__alloc_traits<std::allocator<std::unique_ptr<TSprite> >, std::unique_ptr<TSprite> >::value_type' {aka 'class std::unique_ptr<TSprite>'} has no member named 'SecondaryWeapon'
  420 |                             Sprite[MySprite].Weapon = Sprite[MySprite].SecondaryWeapon;
      |                                                                        ^~~~~~~~~~~~~~~
/home/sblo/Dev/soldat-cpp/include/GameMenus.h:421:46: error: '__gnu_cxx::__alloc_traits<std::allocator<std::unique_ptr<TSprite> >, std::unique_ptr<TSprite> >::value_type' {aka 'class std::unique_ptr<TSprite>'} has no member named 'SecondaryWeapon'
  421 |                             Sprite[MySprite].SecondaryWeapon = Guns[NOWEAPON];
      |                                              ^~~~~~~~~~~~~~~
/home/sblo/Dev/soldat-cpp/include/GameMenus.h:424:47: error: '__gnu_cxx::__alloc_traits<std::allocator<std::unique_ptr<TSprite> >, std::unique_ptr<TSprite> >::value_type' {aka 'class std::unique_ptr<TSprite>'} has no member named 'DeadMeat'
  424 |                         if (!Sprite[MySprite].DeadMeat) {
      |                                               ^~~~~~~~
/home/sblo/Dev/soldat-cpp/include/GameMenus.h: In function 'void GameMenusImpl::GameMenuMouseMove()':
/home/sblo/Dev/soldat-cpp/include/GameMenus.h:444:19: error: 'mx' was not declared in this scope; did you mean 'x'?
  444 |         float x = mx * _rscala.x;
      |                   ^~
      |                   x
/home/sblo/Dev/soldat-cpp/include/GameMenus.h:444:24: error: '_rscala' was not declared in this scope; did you mean '_RScala'?
  444 |         float x = mx * _rscala.x;
      |                        ^~~~~~~
      |                        _RScala
/home/sblo/Dev/soldat-cpp/include/GameMenus.h:445:19: error: 'my' was not declared in this scope; did you mean 'y'?
  445 |         float y = my * _rscala.y;
      |                   ^~
      |                   y
/home/sblo/Dev/soldat-cpp/include/GameMenus.h: In function 'bool GameMenusImpl::GameMenuClick()':
/home/sblo/Dev/soldat-cpp/include/GameMenus.h:466:34: error: call of overloaded 'GameMenuAction(TGameMenu*&, int&)' is ambiguous
  466 |             return GameMenuAction(HoveredMenu, HoveredButtonIndex);
      |                    ~~~~~~~~~~~~~~^~~~~~~~~~~~~~~~~~~~~~~~~~~~~~~~~
/home/sblo/Dev/soldat-cpp/include/GameMenus.h:466:34: note: there are 2 candidates
/home/sblo/Dev/soldat-cpp/include/GameMenus.h:270:17: note: candidate 1: 'bool GameMenusImpl::GameMenuAction(TGameMenu*, int)'
  270 |     inline bool GameMenuAction(TGameMenu* Menu, int ButtonIndex) {
      |                 ^~~~~~~~~~~~~~
/home/sblo/Dev/soldat-cpp/include/GameMenus.h:58:6: note: candidate 2: 'bool GameMenuAction(TGameMenu*, int)'
   58 | bool GameMenuAction(TGameMenu* Menu, int ButtonIndex);
      |      ^~~~~~~~~~~~~~
/home/sblo/Dev/soldat-cpp/include/GameMenus.h: At global scope:
/home/sblo/Dev/soldat-cpp/include/GameMenus.h:473:22: error: 'TGameButton' has not been declared in 'GameMenusImpl'
  473 | using GameMenusImpl::TGameButton;
      |                      ^~~~~~~~~~~
/home/sblo/Dev/soldat-cpp/include/GameMenus.h:474:22: error: 'TGameMenu' has not been declared in 'GameMenusImpl'
  474 | using GameMenusImpl::TGameMenu;
      |                      ^~~~~~~~~
/home/sblo/Dev/soldat-cpp/include/GameMenus.h:475:22: error: 'GameMenu' has not been declared in 'GameMenusImpl'
  475 | using GameMenusImpl::GameMenu;
      |                      ^~~~~~~~
/home/sblo/Dev/soldat-cpp/include/GameMenus.h:476:22: error: 'HoveredMenu' has not been declared in 'GameMenusImpl'
  476 | using GameMenusImpl::HoveredMenu;
      |                      ^~~~~~~~~~~
/home/sblo/Dev/soldat-cpp/include/GameMenus.h:477:22: error: 'HoveredButton' has not been declared in 'GameMenusImpl'
  477 | using GameMenusImpl::HoveredButton;
      |                      ^~~~~~~~~~~~~
/home/sblo/Dev/soldat-cpp/include/GameMenus.h:478:22: error: 'HoveredButtonIndex' has not been declared in 'GameMenusImpl'
  478 | using GameMenusImpl::HoveredButtonIndex;
      |                      ^~~~~~~~~~~~~~~~~~
/home/sblo/Dev/soldat-cpp/include/GameMenus.h:479:22: error: 'EscMenu' has not been declared in 'GameMenusImpl'
  479 | using GameMenusImpl::EscMenu;
      |                      ^~~~~~~
/home/sblo/Dev/soldat-cpp/include/GameMenus.h:480:22: error: 'TeamMenu' has not been declared in 'GameMenusImpl'
  480 | using GameMenusImpl::TeamMenu;
      |                      ^~~~~~~~
/home/sblo/Dev/soldat-cpp/include/GameMenus.h:481:22: error: 'LimboMenu' has not been declared in 'GameMenusImpl'
  481 | using GameMenusImpl::LimboMenu;
      |                      ^~~~~~~~~
/home/sblo/Dev/soldat-cpp/include/GameMenus.h:482:22: error: 'KickMenu' has not been declared in 'GameMenusImpl'
  482 | using GameMenusImpl::KickMenu;
      |                      ^~~~~~~~
/home/sblo/Dev/soldat-cpp/include/GameMenus.h:483:22: error: 'MapMenu' has not been declared in 'GameMenusImpl'
  483 | using GameMenusImpl::MapMenu;
      |                      ^~~~~~~
/home/sblo/Dev/soldat-cpp/include/GameMenus.h:484:22: error: 'KickMenuIndex' has not been declared in 'GameMenusImpl'
  484 | using GameMenusImpl::KickMenuIndex;
      |                      ^~~~~~~~~~~~~
/home/sblo/Dev/soldat-cpp/include/GameMenus.h:485:22: error: 'MapMenuIndex' has not been declared in 'GameMenusImpl'
  485 | using GameMenusImpl::MapMenuIndex;
      |                      ^~~~~~~~~~~~
/home/sblo/Dev/soldat-cpp/include/GameMenus.h:486:22: error: 'void GameMenusImpl::InitGameMenus()' conflicts with a previous declaration
  486 | using GameMenusImpl::InitGameMenus;
      |                      ^~~~~~~~~~~~~
/home/sblo/Dev/soldat-cpp/include/GameMenus.h:56:6: note: previous declaration 'void InitGameMenus()'
   56 | void InitGameMenus();
      |      ^~~~~~~~~~~~~
/home/sblo/Dev/soldat-cpp/include/GameMenus.h:487:22: error: 'void GameMenusImpl::GameMenuShow(TGameMenu*, bool)' conflicts with a previous declaration
  487 | using GameMenusImpl::GameMenuShow;
      |                      ^~~~~~~~~~~~
/home/sblo/Dev/soldat-cpp/include/GameMenus.h:57:6: note: previous declaration 'void GameMenuShow(TGameMenu*, bool)'
   57 | void GameMenuShow(TGameMenu* Menu, bool Show = true);
      |      ^~~~~~~~~~~~
/home/sblo/Dev/soldat-cpp/include/GameMenus.h:488:22: error: 'bool GameMenusImpl::GameMenuAction(TGameMenu*, int)' conflicts with a previous declaration
  488 | using GameMenusImpl::GameMenuAction;
      |                      ^~~~~~~~~~~~~~
/home/sblo/Dev/soldat-cpp/include/GameMenus.h:58:6: note: previous declaration 'bool GameMenuAction(TGameMenu*, int)'
   58 | bool GameMenuAction(TGameMenu* Menu, int ButtonIndex);
      |      ^~~~~~~~~~~~~~
/home/sblo/Dev/soldat-cpp/include/GameMenus.h:489:22: error: 'void GameMenusImpl::GameMenuMouseMove()' conflicts with a previous declaration
  489 | using GameMenusImpl::GameMenuMouseMove;
      |                      ^~~~~~~~~~~~~~~~~
/home/sblo/Dev/soldat-cpp/include/GameMenus.h:59:6: note: previous declaration 'void GameMenuMouseMove()'
   59 | void GameMenuMouseMove();
      |      ^~~~~~~~~~~~~~~~~
/home/sblo/Dev/soldat-cpp/include/GameMenus.h:490:22: error: 'bool GameMenusImpl::GameMenuClick()' conflicts with a previous declaration
  490 | using GameMenusImpl::GameMenuClick;
      |                      ^~~~~~~~~~~~~
/home/sblo/Dev/soldat-cpp/include/GameMenus.h:60:6: note: previous declaration 'bool GameMenuClick()'
   60 | bool GameMenuClick();
      |      ^~~~~~~~~~~~~
/home/sblo/Dev/soldat-cpp/include/GameMenus.h:494:19: warning: 'HoveredMenu' initialized and declared 'extern'
  494 | extern TGameMenu* HoveredMenu = nullptr;
      |                   ^~~~~~~~~~~
/home/sblo/Dev/soldat-cpp/include/GameMenus.h:495:21: warning: 'HoveredButton' initialized and declared 'extern'
  495 | extern TGameButton* HoveredButton = nullptr;
      |                     ^~~~~~~~~~~~~
/home/sblo/Dev/soldat-cpp/include/GameMenus.h:496:12: warning: 'HoveredButtonIndex' initialized and declared 'extern'
  496 | extern int HoveredButtonIndex = 0;
      |            ^~~~~~~~~~~~~~~~~~
/home/sblo/Dev/soldat-cpp/include/GameMenus.h:497:19: warning: 'EscMenu' initialized and declared 'extern'
  497 | extern TGameMenu* EscMenu = nullptr;
      |                   ^~~~~~~
/home/sblo/Dev/soldat-cpp/include/GameMenus.h:498:19: warning: 'TeamMenu' initialized and declared 'extern'
  498 | extern TGameMenu* TeamMenu = nullptr;
      |                   ^~~~~~~~
/home/sblo/Dev/soldat-cpp/include/GameMenus.h:499:19: warning: 'LimboMenu' initialized and declared 'extern'
  499 | extern TGameMenu* LimboMenu = nullptr;
      |                   ^~~~~~~~~
/home/sblo/Dev/soldat-cpp/include/GameMenus.h:500:19: warning: 'KickMenu' initialized and declared 'extern'
  500 | extern TGameMenu* KickMenu = nullptr;
      |                   ^~~~~~~~
/home/sblo/Dev/soldat-cpp/include/GameMenus.h:501:19: warning: 'MapMenu' initialized and declared 'extern'
  501 | extern TGameMenu* MapMenu = nullptr;
      |                   ^~~~~~~
/home/sblo/Dev/soldat-cpp/include/GameMenus.h:502:12: warning: 'KickMenuIndex' initialized and declared 'extern'
  502 | extern int KickMenuIndex = 0;
      |            ^~~~~~~~~~~~~
/home/sblo/Dev/soldat-cpp/include/GameMenus.h:503:12: warning: 'MapMenuIndex' initialized and declared 'extern'
  503 | extern int MapMenuIndex = 0;
      |            ^~~~~~~~~~~~
/home/sblo/Dev/soldat-cpp/include/UpdateFrame.h: In function 'void UpdateFrameImpl::Update_Frame()':
/home/sblo/Dev/soldat-cpp/include/UpdateFrame.h:47:9: error: 'CheckSynchronize' was not declared in this scope
   47 |         CheckSynchronize();
      |         ^~~~~~~~~~~~~~~~
/home/sblo/Dev/soldat-cpp/include/UpdateFrame.h:51:9: error: 'MousePrev' was not declared in this scope
   51 |         MousePrev.x = mx;
      |         ^~~~~~~~~
/home/sblo/Dev/soldat-cpp/include/UpdateFrame.h:51:23: error: 'mx' was not declared in this scope
   51 |         MousePrev.x = mx;
      |                       ^~
/home/sblo/Dev/soldat-cpp/include/UpdateFrame.h:52:23: error: 'my' was not declared in this scope
   52 |         MousePrev.y = my;
      |                       ^~
/home/sblo/Dev/soldat-cpp/include/UpdateFrame.h:55:28: error: 'class std::unique_ptr<TDemoPlayer>' has no member named 'Active'
   55 |             if (DemoPlayer.Active && EscMenu.Active) {
      |                            ^~~~~~
/home/sblo/Dev/soldat-cpp/include/UpdateFrame.h:55:46: error: request for member 'Active' in 'EscMenu', which is of pointer type 'TGameMenu*' (maybe you meant to use '->' ?)
   55 |             if (DemoPlayer.Active && EscMenu.Active) {
      |                                              ^~~~~~
/home/sblo/Dev/soldat-cpp/include/UpdateFrame.h:60:31: error: '__gnu_cxx::__alloc_traits<std::allocator<std::unique_ptr<TSprite> >, std::unique_ptr<TSprite> >::value_type' {aka 'class std::unique_ptr<TSprite>'} has no member named 'Active'
   60 |                 if (Sprite[j].Active) {
      |                               ^~~~~~
/home/sblo/Dev/soldat-cpp/include/UpdateFrame.h:61:35: error: '__gnu_cxx::__alloc_traits<std::allocator<std::unique_ptr<TSprite> >, std::unique_ptr<TSprite> >::value_type' {aka 'class std::unique_ptr<TSprite>'} has no member named 'IsNotSpectator'
   61 |                     if (Sprite[j].IsNotSpectator()) {
      |                                   ^~~~~~~~~~~~~~
/home/sblo/Dev/soldat-cpp/include/UpdateFrame.h:62:29: error: 'ClientStopMovingCounter' was not declared in this scope
   62 |                         if (ClientStopMovingCounter > 0) {
      |                             ^~~~~~~~~~~~~~~~~~~~~~~
/home/sblo/Dev/soldat-cpp/include/UpdateFrame.h:70:31: error: '__gnu_cxx::__alloc_traits<std::allocator<std::unique_ptr<TSprite> >, std::unique_ptr<TSprite> >::value_type' {aka 'class std::unique_ptr<TSprite>'} has no member named 'Active'
   70 |                 if (Sprite[j].Active) {
      |                               ^~~~~~
/home/sblo/Dev/soldat-cpp/include/UpdateFrame.h:71:31: error: '__gnu_cxx::__alloc_traits<std::allocator<std::unique_ptr<TSprite> >, std::unique_ptr<TSprite> >::value_type' {aka 'class std::unique_ptr<TSprite>'} has no member named 'Update'
   71 |                     Sprite[j].Update();  // update sprite
      |                               ^~~~~~
/home/sblo/Dev/soldat-cpp/include/UpdateFrame.h:77:31: error: '__gnu_cxx::__alloc_traits<std::allocator<std::unique_ptr<TBullet> >, std::unique_ptr<TBullet> >::value_type' {aka 'class std::unique_ptr<TBullet>'} has no member named 'Active'
   77 |                 if (Bullet[j].Active) {
      |                               ^~~~~~
/home/sblo/Dev/soldat-cpp/include/UpdateFrame.h:78:31: error: '__gnu_cxx::__alloc_traits<std::allocator<std::unique_ptr<TBullet> >, std::unique_ptr<TBullet> >::value_type' {aka 'class std::unique_ptr<TBullet>'} has no member named 'Update'
   78 |                     Bullet[j].Update();
      |                               ^~~~~~
/home/sblo/Dev/soldat-cpp/include/UpdateFrame.h:81:31: error: '__gnu_cxx::__alloc_traits<std::allocator<std::unique_ptr<TBullet> >, std::unique_ptr<TBullet> >::value_type' {aka 'class std::unique_ptr<TBullet>'} has no member named 'PingAdd'
   81 |                 if (Bullet[j].PingAdd > 0) {
      |                               ^~~~~~~
/home/sblo/Dev/soldat-cpp/include/UpdateFrame.h:82:31: error: '__gnu_cxx::__alloc_traits<std::allocator<std::unique_ptr<TBullet> >, std::unique_ptr<TBullet> >::value_type' {aka 'class std::unique_ptr<TBullet>'} has no member named 'PingAdd'
   82 |                     Bullet[j].PingAdd -= 4;
      |                               ^~~~~~~
/home/sblo/Dev/soldat-cpp/include/UpdateFrame.h:88:13: error: 'SparksCount' was not declared in this scope
   88 |             SparksCount = 0;
      |             ^~~~~~~~~~~
/home/sblo/Dev/soldat-cpp/include/UpdateFrame.h:90:21: error: 'Spark' was not declared in this scope
   90 |                 if (Spark[j].Active) {
      |                     ^~~~~
/home/sblo/Dev/soldat-cpp/include/UpdateFrame.h:98:30: error: '__gnu_cxx::__alloc_traits<std::allocator<std::unique_ptr<TThing> >, std::unique_ptr<TThing> >::value_type' {aka 'class std::unique_ptr<TThing>'} has no member named 'Active'
   98 |                 if (Thing[j].Active) {
      |                              ^~~~~~
/home/sblo/Dev/soldat-cpp/include/UpdateFrame.h:99:30: error: '__gnu_cxx::__alloc_traits<std::allocator<std::unique_ptr<TThing> >, std::unique_ptr<TThing> >::value_type' {aka 'class std::unique_ptr<TThing>'} has no member named 'Update'
   99 |                     Thing[j].Update();
      |                              ^~~~~~
/home/sblo/Dev/soldat-cpp/include/UpdateFrame.h:104:21: error: 'ScreenCounter' was not declared in this scope; did you mean 'IdleCounter'?
  104 |                 if (ScreenCounter != 255) {
      |                     ^~~~~~~~~~~~~
      |                     IdleCounter
/home/sblo/Dev/soldat-cpp/include/UpdateFrame.h:112:76: error: '__gnu_cxx::__alloc_traits<std::allocator<std::unique_ptr<TSprite> >, std::unique_ptr<TSprite> >::value_type' {aka 'class std::unique_ptr<TSprite>'} has no member named 'DeadMeat'
  112 |                 if ((CameraFollowSprite > 0) && Sprite[CameraFollowSprite].DeadMeat &&
      |                                                                            ^~~~~~~~
/home/sblo/Dev/soldat-cpp/include/UpdateFrame.h:114:42: error: 'GetCameraTarget' was not declared in this scope
  114 |                     CameraFollowSprite = GetCameraTarget();
      |                                          ^~~~~~~~~~~~~~~
/home/sblo/Dev/soldat-cpp/include/UpdateFrame.h:119:39: error: cannot convert 'CvarImpl::TCvar<bool>::Value' from type 'bool (CvarImpl::TCvar<bool>::)() const' to type 'bool'
  119 |             if (r_weathereffects.Value) {
      |                                       ^
/home/sblo/Dev/soldat-cpp/include/UpdateFrame.h:140:44: error: 'class std::unique_ptr<TDemoPlayer>' has no member named 'Active'
  140 |         if ((MySprite > 0) && (!DemoPlayer.Active)) {
      |                                            ^~~~~~
/home/sblo/Dev/soldat-cpp/include/UpdateFrame.h:142:31: error: '__gnu_cxx::__alloc_traits<std::allocator<std::unique_ptr<TSprite> >, std::unique_ptr<TSprite> >::value_type' {aka 'class std::unique_ptr<TSprite>'} has no member named 'Active'
  142 |                 if (Sprite[j].Active && Sprite[j].IsNotSpectator() &&
      |                               ^~~~~~
/home/sblo/Dev/soldat-cpp/include/UpdateFrame.h:142:51: error: '__gnu_cxx::__alloc_traits<std::allocator<std::unique_ptr<TSprite> >, std::unique_ptr<TSprite> >::value_type' {aka 'class std::unique_ptr<TSprite>'} has no member named 'IsNotSpectator'
  142 |                 if (Sprite[j].Active && Sprite[j].IsNotSpectator() &&
      |                                                   ^~~~~~~~~~~~~~
/home/sblo/Dev/soldat-cpp/include/UpdateFrame.h:143:51: error: '__gnu_cxx::__alloc_traits<std::allocator<std::unique_ptr<TSprite> >, std::unique_ptr<TSprite> >::value_type' {aka 'class std::unique_ptr<TSprite>'} has no member named 'BonusStyle'
  143 |                     (j != MySprite) && (Sprite[j].BonusStyle != BONUS_PREDATOR) &&
      |                                                   ^~~~~~~~~~
/home/sblo/Dev/soldat-cpp/include/UpdateFrame.h:144:33: error: '__gnu_cxx::__alloc_traits<std::allocator<std::unique_ptr<TSprite> >, std::unique_ptr<TSprite> >::value_type' {aka 'class std::unique_ptr<TSprite>'} has no member named 'Position'
  144 |                     ((Sprite[j].Position == POS_STAND) ||
      |                                 ^~~~~~~~
/home/sblo/Dev/soldat-cpp/include/UpdateFrame.h:144:45: error: 'POS_STAND' was not declared in this scope
  144 |                     ((Sprite[j].Position == POS_STAND) ||
      |                                             ^~~~~~~~~
/home/sblo/Dev/soldat-cpp/include/UpdateFrame.h:145:32: error: '__gnu_cxx::__alloc_traits<std::allocator<std::unique_ptr<TSprite> >, std::unique_ptr<TSprite> >::value_type' {aka 'class std::unique_ptr<TSprite>'} has no member named 'IsNotSolo'
  145 |                     (Sprite[j].IsNotSolo() && Sprite[j].IsInSameTeam(Sprite[MySprite])) ||
      |                                ^~~~~~~~~
/home/sblo/Dev/soldat-cpp/include/UpdateFrame.h:145:57: error: '__gnu_cxx::__alloc_traits<std::allocator<std::unique_ptr<TSprite> >, std::unique_ptr<TSprite> >::value_type' {aka 'class std::unique_ptr<TSprite>'} has no member named 'IsInSameTeam'
  145 |                     (Sprite[j].IsNotSolo() && Sprite[j].IsInSameTeam(Sprite[MySprite])) ||
      |                                                         ^~~~~~~~~~~~
/home/sblo/Dev/soldat-cpp/include/UpdateFrame.h:146:38: error: '__gnu_cxx::__alloc_traits<std::allocator<std::unique_ptr<TSprite> >, std::unique_ptr<TSprite> >::value_type' {aka 'class std::unique_ptr<TSprite>'} has no member named 'DeadMeat'
  146 |                     Sprite[MySprite].DeadMeat || Sprite[j].DeadMeat) &&
      |                                      ^~~~~~~~
/home/sblo/Dev/soldat-cpp/include/UpdateFrame.h:146:60: error: '__gnu_cxx::__alloc_traits<std::allocator<std::unique_ptr<TSprite> >, std::unique_ptr<TSprite> >::value_type' {aka 'class std::unique_ptr<TSprite>'} has no member named 'DeadMeat'
  146 |                     Sprite[MySprite].DeadMeat || Sprite[j].DeadMeat) &&
      |                                                            ^~~~~~~~
/home/sblo/Dev/soldat-cpp/include/UpdateFrame.h:147:33: error: '__gnu_cxx::__alloc_traits<std::allocator<std::unique_ptr<TSprite> >, std::unique_ptr<TSprite> >::value_type' {aka 'class std::unique_ptr<TSprite>'} has no member named 'Visible'
  147 |                     ((Sprite[j].Visible > 40) || (!sv_realisticmode.Value))) {
      |                                 ^~~~~~~
/home/sblo/Dev/soldat-cpp/include/UpdateFrame.h:147:69: error: cannot convert 'CvarImpl::TCvar<bool>::Value' from type 'bool (CvarImpl::TCvar<bool>::)() const' to type 'bool'
  147 |                     ((Sprite[j].Visible > 40) || (!sv_realisticmode.Value))) {
      |                                                                     ^~~~~
/home/sblo/Dev/soldat-cpp/include/UpdateFrame.h:147:69: error: in argument to unary !
  147 |                     ((Sprite[j].Visible > 40) || (!sv_realisticmode.Value))) {
      |                                                    ~~~~~~~~~~~~~~~~~^~~~~
/home/sblo/Dev/soldat-cpp/include/UpdateFrame.h:149:51: error: 'camerax' was not declared in this scope; did you mean 'CameraX'?
  149 |                     if (Distance(-GameWidthHalf + camerax + mx, -GameHeightHalf + cameray + my,
      |                                                   ^~~~~~~
      |                                                   CameraX
/home/sblo/Dev/soldat-cpp/include/UpdateFrame.h:149:83: error: 'cameray' was not declared in this scope; did you mean 'CameraY'?
  149 |                     if (Distance(-GameWidthHalf + camerax + mx, -GameHeightHalf + cameray + my,
      |                                                                                   ^~~~~~~
      |                                                                                   CameraY
/home/sblo/Dev/soldat-cpp/include/UpdateFrame.h:150:44: error: '__gnu_cxx::__alloc_traits<std::allocator<TVector2>, TVector2>::value_type' {aka 'struct TVector2'} has no member named 'X'
  150 |                         SpriteParts.Pos[j].X, SpriteParts.Pos[j].Y) <
      |                                            ^
/home/sblo/Dev/soldat-cpp/include/UpdateFrame.h:150:66: error: '__gnu_cxx::__alloc_traits<std::allocator<TVector2>, TVector2>::value_type' {aka 'struct TVector2'} has no member named 'Y'
  150 |                         SpriteParts.Pos[j].X, SpriteParts.Pos[j].Y) <
      |                                                                  ^
/home/sblo/Dev/soldat-cpp/include/UpdateFrame.h:153:48: error: '__gnu_cxx::__alloc_traits<std::allocator<std::unique_ptr<TSprite> >, std::unique_ptr<TSprite> >::value_type' {aka 'class std::unique_ptr<TSprite>'} has no member named 'Player'
  153 |                         CursorText = Sprite[j].Player.Name;
      |                                                ^~~~~~
/home/sblo/Dev/soldat-cpp/include/UpdateFrame.h:155:43: error: '__gnu_cxx::__alloc_traits<std::allocator<std::unique_ptr<TSprite> >, std::unique_ptr<TSprite> >::value_type' {aka 'class std::unique_ptr<TSprite>'} has no member named 'IsInSameTeam'
  155 |                             if (Sprite[j].IsInSameTeam(Sprite[MySprite])) {
      |                                           ^~~~~~~~~~~~
/home/sblo/Dev/soldat-cpp/include/UpdateFrame.h:157:86: error: '__gnu_cxx::__alloc_traits<std::allocator<std::unique_ptr<TSprite> >, std::unique_ptr<TSprite> >::value_type' {aka 'class std::unique_ptr<TSprite>'} has no member named 'Health'
  157 |                                     std::to_string(static_cast<int>(round((Sprite[j].Health / STARTHEALTH) * 100))) + "%";
      |                                                                                      ^~~~~~
/home/sblo/Dev/soldat-cpp/include/UpdateFrame.h:157:95: error: 'STARTHEALTH' was not declared in this scope
  157 |                                     std::to_string(static_cast<int>(round((Sprite[j].Health / STARTHEALTH) * 100))) + "%";
      |                                                                                               ^~~~~~~~~~~
/home/sblo/Dev/soldat-cpp/include/UpdateFrame.h:186:21: error: 'ResetWeaponStats' was not declared in this scope; did you mean 'TWeaponStat'?
  186 |                     ResetWeaponStats();
      |                     ^~~~~~~~~~~~~~~~
      |                     TWeaponStat
/home/sblo/Dev/soldat-cpp/include/UpdateFrame.h:191:51: error: invalid use of member function 'T CvarImpl::TCvar<T>::Value() const [with T = int]' (did you forget the '()' ?)
  191 |             if (MainTickCounter % log_filesupdate.Value == 0) {
      |                                   ~~~~~~~~~~~~~~~~^~~~~
      |                                                        ()
/home/sblo/Dev/soldat-cpp/include/UpdateFrame.h:192:37: error: cannot convert 'CvarImpl::TCvar<bool>::Value' from type 'bool (CvarImpl::TCvar<bool>::)() const' to type 'bool'
  192 |                 if (log_enable.Value) {
      |                                     ^
/home/sblo/Dev/soldat-cpp/include/UpdateFrame.h:223:42: error: '__gnu_cxx::__alloc_traits<std::allocator<std::unique_ptr<TSprite> >, std::unique_ptr<TSprite> >::value_type' {aka 'class std::unique_ptr<TSprite>'} has no member named 'IsNotSpectator'
  223 |                     if (Sprite[MySprite].IsNotSpectator() &&
      |                                          ^~~~~~~~~~~~~~
/home/sblo/Dev/soldat-cpp/include/UpdateFrame.h:224:48: error: '__gnu_cxx::__alloc_traits<std::allocator<std::unique_ptr<TSprite> >, std::unique_ptr<TSprite> >::value_type' {aka 'class std::unique_ptr<TSprite>'} has no member named 'Player'
  224 |                             (!Sprite[MySprite].Player.DemoPlayer)) {
      |                                                ^~~~~~
/home/sblo/Dev/soldat-cpp/include/UpdateFrame.h:255:65: error: invalid operands of types 'const char [11]' and 'const char [2]' to binary 'operator+'
  255 |                             MainConsole.Console(_("Time Left:") + " " +
      |                                                                 ^ ~~~
      |                                                                   |
      |                                                                   const char [2]
/home/sblo/Dev/soldat-cpp/include/UpdateFrame.h:256:81: error: no matching function for call to 'std::__cxx11::basic_string<wchar_t>::basic_string(std::string)'
  256 |                                 WideString(std::to_string(TimeLimitCounter / 60)) + " " + _("seconds"),
      |                                                                                 ^
/home/sblo/Dev/soldat-cpp/include/UpdateFrame.h:256:81: note: there are 17 candidates
In file included from /usr/include/c++/15/string:56:
/usr/include/c++/15/bits/basic_string.h:887:9: note: candidate 1: 'template<class _Tp, class> std::__cxx11::basic_string<_CharT, _Traits, _Alloc>::basic_string(const _Tp&, const _Alloc&) [with <template-parameter-2-2> = _Tp; _CharT = wchar_t; _Traits = std::char_traits<wchar_t>; _Alloc = std::allocator<wchar_t>]'
  887 |         basic_string(const _Tp& __t, const _Alloc& __a = _Alloc())
      |         ^~~~~~~~~~~~
/usr/include/c++/15/bits/basic_string.h:887:9: note: template argument deduction/substitution failed:
In file included from /usr/include/c++/15/bits/char_traits.h:52,
                 from /usr/include/c++/15/string:44:
/usr/include/c++/15/type_traits: In substitution of 'template<bool _Cond, class _Tp> using std::enable_if_t = typename std::enable_if::type [with bool _Cond = false; _Tp = void]':
/usr/include/c++/15/bits/basic_string.h:160:8:   required by substitution of 'template<class _CharT, class _Traits, class _Alloc> template<class _Tp, class _Res> using std::__cxx11::basic_string<_CharT, _Traits, _Alloc>::_If_sv = std::enable_if_t<((bool)std::__and_<std::is_convertible<const _Tp&, std::basic_string_view<_CharT, _Traits> >, std::__not_<std::is_convertible<const _Tp*, const std::__cxx11::basic_string<_CharT, _Traits, _Alloc>*> >, std::__not_<std::is_convertible<const _Tp&, const _CharT*> > >::value), _Res> [with _Tp = std::__cxx11::basic_string<char>; _Res = void; _CharT = wchar_t; _Traits = std::char_traits<wchar_t>; _Alloc = std::allocator<wchar_t>]'
  160 |         using _If_sv = enable_if_t<
      |               ^~~~~~
/usr/include/c++/15/bits/basic_string.h:884:30:   required from here
  884 |       template<typename _Tp, typename = _If_sv<_Tp, void>>
      |                              ^~~~~~~~
/usr/include/c++/15/type_traits:2837:11: error: no type named 'type' in 'struct std::enable_if<false, void>'
 2837 |     using enable_if_t = typename enable_if<_Cond, _Tp>::type;
      |           ^~~~~~~~~~~
/usr/include/c++/15/bits/basic_string.h:875:9: note: candidate 2: 'template<class _Tp, class> std::__cxx11::basic_string<_CharT, _Traits, _Alloc>::basic_string(const _Tp&, size_type, size_type, const _Alloc&) [with <template-parameter-2-2> = _Tp; _CharT = wchar_t; _Traits = std::char_traits<wchar_t>; _Alloc = std::allocator<wchar_t>]'
  875 |         basic_string(const _Tp& __t, size_type __pos, size_type __n,
      |         ^~~~~~~~~~~~
/usr/include/c++/15/bits/basic_string.h:875:9: note: candidate expects 3 arguments, 1 provided
/usr/include/c++/15/bits/basic_string.h:852:9: note: candidate 3: 'template<class _InputIterator, class> std::__cxx11::basic_string<_CharT, _Traits, _Alloc>::basic_string(_InputIterator, _InputIterator, const _Alloc&) [with <template-parameter-2-2> = _InputIterator; _CharT = wchar_t; _Traits = std::char_traits<wchar_t>; _Alloc = std::allocator<wchar_t>]'
  852 |         basic_string(_InputIterator __beg, _InputIterator __end,
      |         ^~~~~~~~~~~~
/usr/include/c++/15/bits/basic_string.h:852:9: note: candidate expects 2 arguments, 1 provided
/usr/include/c++/15/bits/basic_string.h:729:7: note: candidate 4: 'template<class> std::__cxx11::basic_string<_CharT, _Traits, _Alloc>::basic_string(size_type, _CharT, const _Alloc&) [with _CharT = wchar_t; _Traits = std::char_traits<wchar_t>; _Alloc = std::allocator<wchar_t>]'
  729 |       basic_string(size_type __n, _CharT __c, const _Alloc& __a = _Alloc())
      |       ^~~~~~~~~~~~
/usr/include/c++/15/bits/basic_string.h:729:7: note: candidate expects 2 arguments, 1 provided
/usr/include/c++/15/bits/basic_string.h:706:7: note: candidate 5: 'template<class> std::__cxx11::basic_string<_CharT, _Traits, _Alloc>::basic_string(const _CharT*, const _Alloc&) [with _CharT = wchar_t; _Traits = std::char_traits<wchar_t>; _Alloc = std::allocator<wchar_t>]'
  706 |       basic_string(const _CharT* __s, const _Alloc& __a = _Alloc())
      |       ^~~~~~~~~~~~
/usr/include/c++/15/bits/basic_string.h:706:7: note: template argument deduction/substitution failed:
/home/sblo/Dev/soldat-cpp/include/UpdateFrame.h:256:58: note:   cannot convert 'std::__cxx11::to_string((TimeLimitCounter / 60))' (type 'std::string' {aka 'std::__cxx11::basic_string<char>'}) to type 'const wchar_t*'
  256 |                                 WideString(std::to_string(TimeLimitCounter / 60)) + " " + _("seconds"),
      |                                            ~~~~~~~~~~~~~~^~~~~~~~~~~~~~~~~~~~~~~
/usr/include/c++/15/bits/basic_string.h:808:7: note: candidate 6: 'std::__cxx11::basic_string<_CharT, _Traits, _Alloc>::basic_string(std::__cxx11::basic_string<_CharT, _Traits, _Alloc>&&, const _Alloc&) [with _CharT = wchar_t; _Traits = std::char_traits<wchar_t>; _Alloc = std::allocator<wchar_t>]'
  808 |       basic_string(basic_string&& __str, const _Alloc& __a)
      |       ^~~~~~~~~~~~
/usr/include/c++/15/bits/basic_string.h:808:7: note: candidate expects 2 arguments, 1 provided
/usr/include/c++/15/bits/basic_string.h:803:7: note: candidate 7: 'std::__cxx11::basic_string<_CharT, _Traits, _Alloc>::basic_string(const std::__cxx11::basic_string<_CharT, _Traits, _Alloc>&, const _Alloc&) [with _CharT = wchar_t; _Traits = std::char_traits<wchar_t>; _Alloc = std::allocator<wchar_t>]'
  803 |       basic_string(const basic_string& __str, const _Alloc& __a)
      |       ^~~~~~~~~~~~
/usr/include/c++/15/bits/basic_string.h:803:7: note: candidate expects 2 arguments, 1 provided
/usr/include/c++/15/bits/basic_string.h:798:7: note: candidate 8: 'std::__cxx11::basic_string<_CharT, _Traits, _Alloc>::basic_string(std::initializer_list<_Tp>, const _Alloc&) [with _CharT = wchar_t; _Traits = std::char_traits<wchar_t>; _Alloc = std::allocator<wchar_t>]'
  798 |       basic_string(initializer_list<_CharT> __l, const _Alloc& __a = _Alloc())
      |       ^~~~~~~~~~~~
/usr/include/c++/15/bits/basic_string.h:798:45: note: no known conversion for argument 1 from 'std::string' {aka 'std::__cxx11::basic_string<char>'} to 'std::initializer_list<wchar_t>'
  798 |       basic_string(initializer_list<_CharT> __l, const _Alloc& __a = _Alloc())
      |                    ~~~~~~~~~~~~~~~~~~~~~~~~~^~~
/usr/include/c++/15/bits/basic_string.h:742:7: note: candidate 9: 'std::__cxx11::basic_string<_CharT, _Traits, _Alloc>::basic_string(std::__cxx11::basic_string<_CharT, _Traits, _Alloc>&&) [with _CharT = wchar_t; _Traits = std::char_traits<wchar_t>; _Alloc = std::allocator<wchar_t>]'
  742 |       basic_string(basic_string&& __str) noexcept
      |       ^~~~~~~~~~~~
/usr/include/c++/15/bits/basic_string.h:742:35: note: no known conversion for argument 1 from 'std::string' {aka 'std::__cxx11::basic_string<char>'} to 'std::__cxx11::basic_string<wchar_t>&&'
  742 |       basic_string(basic_string&& __str) noexcept
      |                    ~~~~~~~~~~~~~~~^~~~~
/usr/include/c++/15/bits/basic_string.h:684:7: note: candidate 10: 'std::__cxx11::basic_string<_CharT, _Traits, _Alloc>::basic_string(const _CharT*, size_type, const _Alloc&) [with _CharT = wchar_t; _Traits = std::char_traits<wchar_t>; _Alloc = std::allocator<wchar_t>; size_type = unsigned int]'
  684 |       basic_string(const _CharT* __s, size_type __n,
      |       ^~~~~~~~~~~~
/usr/include/c++/15/bits/basic_string.h:684:7: note: candidate expects 3 arguments, 1 provided
/usr/include/c++/15/bits/basic_string.h:664:7: note: candidate 11: 'std::__cxx11::basic_string<_CharT, _Traits, _Alloc>::basic_string(const std::__cxx11::basic_string<_CharT, _Traits, _Alloc>&, size_type, size_type, const _Alloc&) [with _CharT = wchar_t; _Traits = std::char_traits<wchar_t>; _Alloc = std::allocator<wchar_t>; size_type = unsigned int]'
  664 |       basic_string(const basic_string& __str, size_type __pos,
      |       ^~~~~~~~~~~~
/usr/include/c++/15/bits/basic_string.h:664:7: note: candidate expects 4 arguments, 1 provided
/usr/include/c++/15/bits/basic_string.h:646:7: note: candidate 12: 'std::__cxx11::basic_string<_CharT, _Traits, _Alloc>::basic_string(const std::__cxx11::basic_string<_CharT, _Traits, _Alloc>&, size_type, size_type) [with _CharT = wchar_t; _Traits = std::char_traits<wchar_t>; _Alloc = std::allocator<wchar_t>; size_type = unsigned int]'
  646 |       basic_string(const basic_string& __str, size_type __pos,
      |       ^~~~~~~~~~~~
/usr/include/c++/15/bits/basic_string.h:646:7: note: candidate expects 3 arguments, 1 provided
/usr/include/c++/15/bits/basic_string.h:629:7: note: candidate 13: 'std::__cxx11::basic_string<_CharT, _Traits, _Alloc>::basic_string(const std::__cxx11::basic_string<_CharT, _Traits, _Alloc>&, size_type, const _Alloc&) [with _CharT = wchar_t; _Traits = std::char_traits<wchar_t>; _Alloc = std::allocator<wchar_t>; size_type = unsigned int]'
  629 |       basic_string(const basic_string& __str, size_type __pos,
      |       ^~~~~~~~~~~~
/usr/include/c++/15/bits/basic_string.h:629:7: note: candidate expects 3 arguments, 1 provided
/usr/include/c++/15/bits/basic_string.h:613:7: note: candidate 14: 'std::__cxx11::basic_string<_CharT, _Traits, _Alloc>::basic_string(const std::__cxx11::basic_string<_CharT, _Traits, _Alloc>&) [with _CharT = wchar_t; _Traits = std::char_traits<wchar_t>; _Alloc = std::allocator<wchar_t>]'
  613 |       basic_string(const basic_string& __str)
      |       ^~~~~~~~~~~~
/usr/include/c++/15/bits/basic_string.h:613:40: note: no known conversion for argument 1 from 'std::string' {aka 'std::__cxx11::basic_string<char>'} to 'const std::__cxx11::basic_string<wchar_t>&'
  613 |       basic_string(const basic_string& __str)
      |                    ~~~~~~~~~~~~~~~~~~~~^~~~~
/usr/include/c++/15/bits/basic_string.h:601:7: note: candidate 15: 'std::__cxx11::basic_string<_CharT, _Traits, _Alloc>::basic_string(const _Alloc&) [with _CharT = wchar_t; _Traits = std::char_traits<wchar_t>; _Alloc = std::allocator<wchar_t>]'
  601 |       basic_string(const _Alloc& __a) _GLIBCXX_NOEXCEPT
      |       ^~~~~~~~~~~~
/usr/include/c++/15/bits/basic_string.h:601:34: note: no known conversion for argument 1 from 'std::string' {aka 'std::__cxx11::basic_string<char>'} to 'const std::allocator<wchar_t>&'
  601 |       basic_string(const _Alloc& __a) _GLIBCXX_NOEXCEPT
      |                    ~~~~~~~~~~~~~~^~~
/usr/include/c++/15/bits/basic_string.h:585:7: note: candidate 16: 'std::__cxx11::basic_string<_CharT, _Traits, _Alloc>::basic_string() [with _CharT = wchar_t; _Traits = std::char_traits<wchar_t>; _Alloc = std::allocator<wchar_t>]'
  585 |       basic_string()
      |       ^~~~~~~~~~~~
/usr/include/c++/15/bits/basic_string.h:585:7: note: candidate expects 0 arguments, 1 provided
/usr/include/c++/15/bits/basic_string.h:192:7: note: candidate 17: 'std::__cxx11::basic_string<_CharT, _Traits, _Alloc>::basic_string(__sv_wrapper, const _Alloc&) [with _CharT = wchar_t; _Traits = std::char_traits<wchar_t>; _Alloc = std::allocator<wchar_t>]'
  192 |       basic_string(__sv_wrapper __svw, const _Alloc& __a)
      |       ^~~~~~~~~~~~
/usr/include/c++/15/bits/basic_string.h:192:7: note: candidate expects 2 arguments, 1 provided
/home/sblo/Dev/soldat-cpp/include/UpdateFrame.h:264:61: error: invalid operands of types 'const char [11]' and 'const char [2]' to binary 'operator+'
  264 |                         MainConsole.Console(_("Time Left:") + " " +
      |                                                             ^ ~~~
      |                                                               |
      |                                                               const char [2]
/home/sblo/Dev/soldat-cpp/include/UpdateFrame.h:265:77: error: no matching function for call to 'std::__cxx11::basic_string<wchar_t>::basic_string(std::string)'
  265 |                             WideString(std::to_string(TimeLimitCounter / 60)) + " " + _("seconds"),
      |                                                                             ^
/home/sblo/Dev/soldat-cpp/include/UpdateFrame.h:265:77: note: there are 17 candidates
/usr/include/c++/15/bits/basic_string.h:887:9: note: candidate 1: 'template<class _Tp, class> std::__cxx11::basic_string<_CharT, _Traits, _Alloc>::basic_string(const _Tp&, const _Alloc&) [with <template-parameter-2-2> = _Tp; _CharT = wchar_t; _Traits = std::char_traits<wchar_t>; _Alloc = std::allocator<wchar_t>]'
  887 |         basic_string(const _Tp& __t, const _Alloc& __a = _Alloc())
      |         ^~~~~~~~~~~~
/usr/include/c++/15/bits/basic_string.h:887:9: note: template argument deduction/substitution failed:
/usr/include/c++/15/bits/basic_string.h:875:9: note: candidate 2: 'template<class _Tp, class> std::__cxx11::basic_string<_CharT, _Traits, _Alloc>::basic_string(const _Tp&, size_type, size_type, const _Alloc&) [with <template-parameter-2-2> = _Tp; _CharT = wchar_t; _Traits = std::char_traits<wchar_t>; _Alloc = std::allocator<wchar_t>]'
  875 |         basic_string(const _Tp& __t, size_type __pos, size_type __n,
      |         ^~~~~~~~~~~~
/usr/include/c++/15/bits/basic_string.h:875:9: note: candidate expects 3 arguments, 1 provided
/usr/include/c++/15/bits/basic_string.h:852:9: note: candidate 3: 'template<class _InputIterator, class> std::__cxx11::basic_string<_CharT, _Traits, _Alloc>::basic_string(_InputIterator, _InputIterator, const _Alloc&) [with <template-parameter-2-2> = _InputIterator; _CharT = wchar_t; _Traits = std::char_traits<wchar_t>; _Alloc = std::allocator<wchar_t>]'
  852 |         basic_string(_InputIterator __beg, _InputIterator __end,
      |         ^~~~~~~~~~~~
/usr/include/c++/15/bits/basic_string.h:852:9: note: candidate expects 2 arguments, 1 provided
/usr/include/c++/15/bits/basic_string.h:729:7: note: candidate 4: 'template<class> std::__cxx11::basic_string<_CharT, _Traits, _Alloc>::basic_string(size_type, _CharT, const _Alloc&) [with _CharT = wchar_t; _Traits = std::char_traits<wchar_t>; _Alloc = std::allocator<wchar_t>]'
  729 |       basic_string(size_type __n, _CharT __c, const _Alloc& __a = _Alloc())
      |       ^~~~~~~~~~~~
/usr/include/c++/15/bits/basic_string.h:729:7: note: candidate expects 2 arguments, 1 provided
/usr/include/c++/15/bits/basic_string.h:706:7: note: candidate 5: 'template<class> std::__cxx11::basic_string<_CharT, _Traits, _Alloc>::basic_string(const _CharT*, const _Alloc&) [with _CharT = wchar_t; _Traits = std::char_traits<wchar_t>; _Alloc = std::allocator<wchar_t>]'
  706 |       basic_string(const _CharT* __s, const _Alloc& __a = _Alloc())
      |       ^~~~~~~~~~~~
/usr/include/c++/15/bits/basic_string.h:706:7: note: template argument deduction/substitution failed:
/home/sblo/Dev/soldat-cpp/include/UpdateFrame.h:265:54: note:   cannot convert 'std::__cxx11::to_string((TimeLimitCounter / 60))' (type 'std::string' {aka 'std::__cxx11::basic_string<char>'}) to type 'const wchar_t*'
  265 |                             WideString(std::to_string(TimeLimitCounter / 60)) + " " + _("seconds"),
      |                                        ~~~~~~~~~~~~~~^~~~~~~~~~~~~~~~~~~~~~~
/usr/include/c++/15/bits/basic_string.h:808:7: note: candidate 6: 'std::__cxx11::basic_string<_CharT, _Traits, _Alloc>::basic_string(std::__cxx11::basic_string<_CharT, _Traits, _Alloc>&&, const _Alloc&) [with _CharT = wchar_t; _Traits = std::char_traits<wchar_t>; _Alloc = std::allocator<wchar_t>]'
  808 |       basic_string(basic_string&& __str, const _Alloc& __a)
      |       ^~~~~~~~~~~~
/usr/include/c++/15/bits/basic_string.h:808:7: note: candidate expects 2 arguments, 1 provided
/usr/include/c++/15/bits/basic_string.h:803:7: note: candidate 7: 'std::__cxx11::basic_string<_CharT, _Traits, _Alloc>::basic_string(const std::__cxx11::basic_string<_CharT, _Traits, _Alloc>&, const _Alloc&) [with _CharT = wchar_t; _Traits = std::char_traits<wchar_t>; _Alloc = std::allocator<wchar_t>]'
  803 |       basic_string(const basic_string& __str, const _Alloc& __a)
      |       ^~~~~~~~~~~~
/usr/include/c++/15/bits/basic_string.h:803:7: note: candidate expects 2 arguments, 1 provided
/usr/include/c++/15/bits/basic_string.h:798:7: note: candidate 8: 'std::__cxx11::basic_string<_CharT, _Traits, _Alloc>::basic_string(std::initializer_list<_Tp>, const _Alloc&) [with _CharT = wchar_t; _Traits = std::char_traits<wchar_t>; _Alloc = std::allocator<wchar_t>]'
  798 |       basic_string(initializer_list<_CharT> __l, const _Alloc& __a = _Alloc())
      |       ^~~~~~~~~~~~
/usr/include/c++/15/bits/basic_string.h:798:45: note: no known conversion for argument 1 from 'std::string' {aka 'std::__cxx11::basic_string<char>'} to 'std::initializer_list<wchar_t>'
  798 |       basic_string(initializer_list<_CharT> __l, const _Alloc& __a = _Alloc())
      |                    ~~~~~~~~~~~~~~~~~~~~~~~~~^~~
/usr/include/c++/15/bits/basic_string.h:742:7: note: candidate 9: 'std::__cxx11::basic_string<_CharT, _Traits, _Alloc>::basic_string(std::__cxx11::basic_string<_CharT, _Traits, _Alloc>&&) [with _CharT = wchar_t; _Traits = std::char_traits<wchar_t>; _Alloc = std::allocator<wchar_t>]'
  742 |       basic_string(basic_string&& __str) noexcept
      |       ^~~~~~~~~~~~
/usr/include/c++/15/bits/basic_string.h:742:35: note: no known conversion for argument 1 from 'std::string' {aka 'std::__cxx11::basic_string<char>'} to 'std::__cxx11::basic_string<wchar_t>&&'
  742 |       basic_string(basic_string&& __str) noexcept
      |                    ~~~~~~~~~~~~~~~^~~~~
/usr/include/c++/15/bits/basic_string.h:684:7: note: candidate 10: 'std::__cxx11::basic_string<_CharT, _Traits, _Alloc>::basic_string(const _CharT*, size_type, const _Alloc&) [with _CharT = wchar_t; _Traits = std::char_traits<wchar_t>; _Alloc = std::allocator<wchar_t>; size_type = unsigned int]'
  684 |       basic_string(const _CharT* __s, size_type __n,
      |       ^~~~~~~~~~~~
/usr/include/c++/15/bits/basic_string.h:684:7: note: candidate expects 3 arguments, 1 provided
/usr/include/c++/15/bits/basic_string.h:664:7: note: candidate 11: 'std::__cxx11::basic_string<_CharT, _Traits, _Alloc>::basic_string(const std::__cxx11::basic_string<_CharT, _Traits, _Alloc>&, size_type, size_type, const _Alloc&) [with _CharT = wchar_t; _Traits = std::char_traits<wchar_t>; _Alloc = std::allocator<wchar_t>; size_type = unsigned int]'
  664 |       basic_string(const basic_string& __str, size_type __pos,
      |       ^~~~~~~~~~~~
/usr/include/c++/15/bits/basic_string.h:664:7: note: candidate expects 4 arguments, 1 provided
/usr/include/c++/15/bits/basic_string.h:646:7: note: candidate 12: 'std::__cxx11::basic_string<_CharT, _Traits, _Alloc>::basic_string(const std::__cxx11::basic_string<_CharT, _Traits, _Alloc>&, size_type, size_type) [with _CharT = wchar_t; _Traits = std::char_traits<wchar_t>; _Alloc = std::allocator<wchar_t>; size_type = unsigned int]'
  646 |       basic_string(const basic_string& __str, size_type __pos,
      |       ^~~~~~~~~~~~
/usr/include/c++/15/bits/basic_string.h:646:7: note: candidate expects 3 arguments, 1 provided
/usr/include/c++/15/bits/basic_string.h:629:7: note: candidate 13: 'std::__cxx11::basic_string<_CharT, _Traits, _Alloc>::basic_string(const std::__cxx11::basic_string<_CharT, _Traits, _Alloc>&, size_type, const _Alloc&) [with _CharT = wchar_t; _Traits = std::char_traits<wchar_t>; _Alloc = std::allocator<wchar_t>; size_type = unsigned int]'
  629 |       basic_string(const basic_string& __str, size_type __pos,
      |       ^~~~~~~~~~~~
/usr/include/c++/15/bits/basic_string.h:629:7: note: candidate expects 3 arguments, 1 provided
/usr/include/c++/15/bits/basic_string.h:613:7: note: candidate 14: 'std::__cxx11::basic_string<_CharT, _Traits, _Alloc>::basic_string(const std::__cxx11::basic_string<_CharT, _Traits, _Alloc>&) [with _CharT = wchar_t; _Traits = std::char_traits<wchar_t>; _Alloc = std::allocator<wchar_t>]'
  613 |       basic_string(const basic_string& __str)
      |       ^~~~~~~~~~~~
/usr/include/c++/15/bits/basic_string.h:613:40: note: no known conversion for argument 1 from 'std::string' {aka 'std::__cxx11::basic_string<char>'} to 'const std::__cxx11::basic_string<wchar_t>&'
  613 |       basic_string(const basic_string& __str)
      |                    ~~~~~~~~~~~~~~~~~~~~^~~~~
/usr/include/c++/15/bits/basic_string.h:601:7: note: candidate 15: 'std::__cxx11::basic_string<_CharT, _Traits, _Alloc>::basic_string(const _Alloc&) [with _CharT = wchar_t; _Traits = std::char_traits<wchar_t>; _Alloc = std::allocator<wchar_t>]'
  601 |       basic_string(const _Alloc& __a) _GLIBCXX_NOEXCEPT
      |       ^~~~~~~~~~~~
/usr/include/c++/15/bits/basic_string.h:601:34: note: no known conversion for argument 1 from 'std::string' {aka 'std::__cxx11::basic_string<char>'} to 'const std::allocator<wchar_t>&'
  601 |       basic_string(const _Alloc& __a) _GLIBCXX_NOEXCEPT
      |                    ~~~~~~~~~~~~~~^~~
/usr/include/c++/15/bits/basic_string.h:585:7: note: candidate 16: 'std::__cxx11::basic_string<_CharT, _Traits, _Alloc>::basic_string() [with _CharT = wchar_t; _Traits = std::char_traits<wchar_t>; _Alloc = std::allocator<wchar_t>]'
  585 |       basic_string()
      |       ^~~~~~~~~~~~
/usr/include/c++/15/bits/basic_string.h:585:7: note: candidate expects 0 arguments, 1 provided
/usr/include/c++/15/bits/basic_string.h:192:7: note: candidate 17: 'std::__cxx11::basic_string<_CharT, _Traits, _Alloc>::basic_string(__sv_wrapper, const _Alloc&) [with _CharT = wchar_t; _Traits = std::char_traits<wchar_t>; _Alloc = std::allocator<wchar_t>]'
  192 |       basic_string(__sv_wrapper __svw, const _Alloc& __a)
      |       ^~~~~~~~~~~~
/usr/include/c++/15/bits/basic_string.h:192:7: note: candidate expects 2 arguments, 1 provided
/home/sblo/Dev/soldat-cpp/include/UpdateFrame.h:272:61: error: invalid operands of types 'const char [11]' and 'const char [2]' to binary 'operator+'
  272 |                         MainConsole.Console(_("Time Left:") + " " +
      |                                                             ^ ~~~
      |                                                               |
      |                                                               const char [2]
/home/sblo/Dev/soldat-cpp/include/UpdateFrame.h:273:79: error: no matching function for call to 'std::__cxx11::basic_string<wchar_t>::basic_string(std::string)'
  273 |                             WideString(std::to_string(TimeLimitCounter / 3600)) + " " + _("minutes"),
      |                                                                               ^
/home/sblo/Dev/soldat-cpp/include/UpdateFrame.h:273:79: note: there are 17 candidates
/usr/include/c++/15/bits/basic_string.h:887:9: note: candidate 1: 'template<class _Tp, class> std::__cxx11::basic_string<_CharT, _Traits, _Alloc>::basic_string(const _Tp&, const _Alloc&) [with <template-parameter-2-2> = _Tp; _CharT = wchar_t; _Traits = std::char_traits<wchar_t>; _Alloc = std::allocator<wchar_t>]'
  887 |         basic_string(const _Tp& __t, const _Alloc& __a = _Alloc())
      |         ^~~~~~~~~~~~
/usr/include/c++/15/bits/basic_string.h:887:9: note: template argument deduction/substitution failed:
/usr/include/c++/15/bits/basic_string.h:875:9: note: candidate 2: 'template<class _Tp, class> std::__cxx11::basic_string<_CharT, _Traits, _Alloc>::basic_string(const _Tp&, size_type, size_type, const _Alloc&) [with <template-parameter-2-2> = _Tp; _CharT = wchar_t; _Traits = std::char_traits<wchar_t>; _Alloc = std::allocator<wchar_t>]'
  875 |         basic_string(const _Tp& __t, size_type __pos, size_type __n,
      |         ^~~~~~~~~~~~
/usr/include/c++/15/bits/basic_string.h:875:9: note: candidate expects 3 arguments, 1 provided
/usr/include/c++/15/bits/basic_string.h:852:9: note: candidate 3: 'template<class _InputIterator, class> std::__cxx11::basic_string<_CharT, _Traits, _Alloc>::basic_string(_InputIterator, _InputIterator, const _Alloc&) [with <template-parameter-2-2> = _InputIterator; _CharT = wchar_t; _Traits = std::char_traits<wchar_t>; _Alloc = std::allocator<wchar_t>]'
  852 |         basic_string(_InputIterator __beg, _InputIterator __end,
      |         ^~~~~~~~~~~~
/usr/include/c++/15/bits/basic_string.h:852:9: note: candidate expects 2 arguments, 1 provided
/usr/include/c++/15/bits/basic_string.h:729:7: note: candidate 4: 'template<class> std::__cxx11::basic_string<_CharT, _Traits, _Alloc>::basic_string(size_type, _CharT, const _Alloc&) [with _CharT = wchar_t; _Traits = std::char_traits<wchar_t>; _Alloc = std::allocator<wchar_t>]'
  729 |       basic_string(size_type __n, _CharT __c, const _Alloc& __a = _Alloc())
      |       ^~~~~~~~~~~~
/usr/include/c++/15/bits/basic_string.h:729:7: note: candidate expects 2 arguments, 1 provided
/usr/include/c++/15/bits/basic_string.h:706:7: note: candidate 5: 'template<class> std::__cxx11::basic_string<_CharT, _Traits, _Alloc>::basic_string(const _CharT*, const _Alloc&) [with _CharT = wchar_t; _Traits = std::char_traits<wchar_t>; _Alloc = std::allocator<wchar_t>]'
  706 |       basic_string(const _CharT* __s, const _Alloc& __a = _Alloc())
      |       ^~~~~~~~~~~~
/usr/include/c++/15/bits/basic_string.h:706:7: note: template argument deduction/substitution failed:
/home/sblo/Dev/soldat-cpp/include/UpdateFrame.h:273:54: note:   cannot convert 'std::__cxx11::to_string((TimeLimitCounter / 3600))' (type 'std::string' {aka 'std::__cxx11::basic_string<char>'}) to type 'const wchar_t*'
  273 |                             WideString(std::to_string(TimeLimitCounter / 3600)) + " " + _("minutes"),
      |                                        ~~~~~~~~~~~~~~^~~~~~~~~~~~~~~~~~~~~~~~~
/usr/include/c++/15/bits/basic_string.h:808:7: note: candidate 6: 'std::__cxx11::basic_string<_CharT, _Traits, _Alloc>::basic_string(std::__cxx11::basic_string<_CharT, _Traits, _Alloc>&&, const _Alloc&) [with _CharT = wchar_t; _Traits = std::char_traits<wchar_t>; _Alloc = std::allocator<wchar_t>]'
  808 |       basic_string(basic_string&& __str, const _Alloc& __a)
      |       ^~~~~~~~~~~~
/usr/include/c++/15/bits/basic_string.h:808:7: note: candidate expects 2 arguments, 1 provided
/usr/include/c++/15/bits/basic_string.h:803:7: note: candidate 7: 'std::__cxx11::basic_string<_CharT, _Traits, _Alloc>::basic_string(const std::__cxx11::basic_string<_CharT, _Traits, _Alloc>&, const _Alloc&) [with _CharT = wchar_t; _Traits = std::char_traits<wchar_t>; _Alloc = std::allocator<wchar_t>]'
  803 |       basic_string(const basic_string& __str, const _Alloc& __a)
      |       ^~~~~~~~~~~~
/usr/include/c++/15/bits/basic_string.h:803:7: note: candidate expects 2 arguments, 1 provided
/usr/include/c++/15/bits/basic_string.h:798:7: note: candidate 8: 'std::__cxx11::basic_string<_CharT, _Traits, _Alloc>::basic_string(std::initializer_list<_Tp>, const _Alloc&) [with _CharT = wchar_t; _Traits = std::char_traits<wchar_t>; _Alloc = std::allocator<wchar_t>]'
  798 |       basic_string(initializer_list<_CharT> __l, const _Alloc& __a = _Alloc())
      |       ^~~~~~~~~~~~
/usr/include/c++/15/bits/basic_string.h:798:45: note: no known conversion for argument 1 from 'std::string' {aka 'std::__cxx11::basic_string<char>'} to 'std::initializer_list<wchar_t>'
  798 |       basic_string(initializer_list<_CharT> __l, const _Alloc& __a = _Alloc())
      |                    ~~~~~~~~~~~~~~~~~~~~~~~~~^~~
/usr/include/c++/15/bits/basic_string.h:742:7: note: candidate 9: 'std::__cxx11::basic_string<_CharT, _Traits, _Alloc>::basic_string(std::__cxx11::basic_string<_CharT, _Traits, _Alloc>&&) [with _CharT = wchar_t; _Traits = std::char_traits<wchar_t>; _Alloc = std::allocator<wchar_t>]'
  742 |       basic_string(basic_string&& __str) noexcept
      |       ^~~~~~~~~~~~
/usr/include/c++/15/bits/basic_string.h:742:35: note: no known conversion for argument 1 from 'std::string' {aka 'std::__cxx11::basic_string<char>'} to 'std::__cxx11::basic_string<wchar_t>&&'
  742 |       basic_string(basic_string&& __str) noexcept
      |                    ~~~~~~~~~~~~~~~^~~~~
/usr/include/c++/15/bits/basic_string.h:684:7: note: candidate 10: 'std::__cxx11::basic_string<_CharT, _Traits, _Alloc>::basic_string(const _CharT*, size_type, const _Alloc&) [with _CharT = wchar_t; _Traits = std::char_traits<wchar_t>; _Alloc = std::allocator<wchar_t>; size_type = unsigned int]'
  684 |       basic_string(const _CharT* __s, size_type __n,
      |       ^~~~~~~~~~~~
/usr/include/c++/15/bits/basic_string.h:684:7: note: candidate expects 3 arguments, 1 provided
/usr/include/c++/15/bits/basic_string.h:664:7: note: candidate 11: 'std::__cxx11::basic_string<_CharT, _Traits, _Alloc>::basic_string(const std::__cxx11::basic_string<_CharT, _Traits, _Alloc>&, size_type, size_type, const _Alloc&) [with _CharT = wchar_t; _Traits = std::char_traits<wchar_t>; _Alloc = std::allocator<wchar_t>; size_type = unsigned int]'
  664 |       basic_string(const basic_string& __str, size_type __pos,
      |       ^~~~~~~~~~~~
/usr/include/c++/15/bits/basic_string.h:664:7: note: candidate expects 4 arguments, 1 provided
/usr/include/c++/15/bits/basic_string.h:646:7: note: candidate 12: 'std::__cxx11::basic_string<_CharT, _Traits, _Alloc>::basic_string(const std::__cxx11::basic_string<_CharT, _Traits, _Alloc>&, size_type, size_type) [with _CharT = wchar_t; _Traits = std::char_traits<wchar_t>; _Alloc = std::allocator<wchar_t>; size_type = unsigned int]'
  646 |       basic_string(const basic_string& __str, size_type __pos,
      |       ^~~~~~~~~~~~
/usr/include/c++/15/bits/basic_string.h:646:7: note: candidate expects 3 arguments, 1 provided
/usr/include/c++/15/bits/basic_string.h:629:7: note: candidate 13: 'std::__cxx11::basic_string<_CharT, _Traits, _Alloc>::basic_string(const std::__cxx11::basic_string<_CharT, _Traits, _Alloc>&, size_type, const _Alloc&) [with _CharT = wchar_t; _Traits = std::char_traits<wchar_t>; _Alloc = std::allocator<wchar_t>; size_type = unsigned int]'
  629 |       basic_string(const basic_string& __str, size_type __pos,
      |       ^~~~~~~~~~~~
/usr/include/c++/15/bits/basic_string.h:629:7: note: candidate expects 3 arguments, 1 provided
/usr/include/c++/15/bits/basic_string.h:613:7: note: candidate 14: 'std::__cxx11::basic_string<_CharT, _Traits, _Alloc>::basic_string(const std::__cxx11::basic_string<_CharT, _Traits, _Alloc>&) [with _CharT = wchar_t; _Traits = std::char_traits<wchar_t>; _Alloc = std::allocator<wchar_t>]'
  613 |       basic_string(const basic_string& __str)
      |       ^~~~~~~~~~~~
/usr/include/c++/15/bits/basic_string.h:613:40: note: no known conversion for argument 1 from 'std::string' {aka 'std::__cxx11::basic_string<char>'} to 'const std::__cxx11::basic_string<wchar_t>&'
  613 |       basic_string(const basic_string& __str)
      |                    ~~~~~~~~~~~~~~~~~~~~^~~~~
/usr/include/c++/15/bits/basic_string.h:601:7: note: candidate 15: 'std::__cxx11::basic_string<_CharT, _Traits, _Alloc>::basic_string(const _Alloc&) [with _CharT = wchar_t; _Traits = std::char_traits<wchar_t>; _Alloc = std::allocator<wchar_t>]'
  601 |       basic_string(const _Alloc& __a) _GLIBCXX_NOEXCEPT
      |       ^~~~~~~~~~~~
/usr/include/c++/15/bits/basic_string.h:601:34: note: no known conversion for argument 1 from 'std::string' {aka 'std::__cxx11::basic_string<char>'} to 'const std::allocator<wchar_t>&'
  601 |       basic_string(const _Alloc& __a) _GLIBCXX_NOEXCEPT
      |                    ~~~~~~~~~~~~~~^~~
/usr/include/c++/15/bits/basic_string.h:585:7: note: candidate 16: 'std::__cxx11::basic_string<_CharT, _Traits, _Alloc>::basic_string() [with _CharT = wchar_t; _Traits = std::char_traits<wchar_t>; _Alloc = std::allocator<wchar_t>]'
  585 |       basic_string()
      |       ^~~~~~~~~~~~
/usr/include/c++/15/bits/basic_string.h:585:7: note: candidate expects 0 arguments, 1 provided
/usr/include/c++/15/bits/basic_string.h:192:7: note: candidate 17: 'std::__cxx11::basic_string<_CharT, _Traits, _Alloc>::basic_string(__sv_wrapper, const _Alloc&) [with _CharT = wchar_t; _Traits = std::char_traits<wchar_t>; _Alloc = std::allocator<wchar_t>]'
  192 |       basic_string(__sv_wrapper __svw, const _Alloc& __a)
      |       ^~~~~~~~~~~~
/usr/include/c++/15/bits/basic_string.h:192:7: note: candidate expects 2 arguments, 1 provided
/home/sblo/Dev/soldat-cpp/include/UpdateFrame.h:279:57: error: invalid operands of types 'const char [11]' and 'const char [2]' to binary 'operator+'
  279 |                     MainConsole.Console(_("Time Left:") + " " +
      |                                                         ^ ~~~
      |                                                           |
      |                                                           const char [2]
/home/sblo/Dev/soldat-cpp/include/UpdateFrame.h:280:75: error: no matching function for call to 'std::__cxx11::basic_string<wchar_t>::basic_string(std::string)'
  280 |                         WideString(std::to_string(TimeLimitCounter / 3600)) + " " + _("minutes"),
      |                                                                           ^
/home/sblo/Dev/soldat-cpp/include/UpdateFrame.h:280:75: note: there are 17 candidates
/usr/include/c++/15/bits/basic_string.h:887:9: note: candidate 1: 'template<class _Tp, class> std::__cxx11::basic_string<_CharT, _Traits, _Alloc>::basic_string(const _Tp&, const _Alloc&) [with <template-parameter-2-2> = _Tp; _CharT = wchar_t; _Traits = std::char_traits<wchar_t>; _Alloc = std::allocator<wchar_t>]'
  887 |         basic_string(const _Tp& __t, const _Alloc& __a = _Alloc())
      |         ^~~~~~~~~~~~
/usr/include/c++/15/bits/basic_string.h:887:9: note: template argument deduction/substitution failed:
/usr/include/c++/15/bits/basic_string.h:875:9: note: candidate 2: 'template<class _Tp, class> std::__cxx11::basic_string<_CharT, _Traits, _Alloc>::basic_string(const _Tp&, size_type, size_type, const _Alloc&) [with <template-parameter-2-2> = _Tp; _CharT = wchar_t; _Traits = std::char_traits<wchar_t>; _Alloc = std::allocator<wchar_t>]'
  875 |         basic_string(const _Tp& __t, size_type __pos, size_type __n,
      |         ^~~~~~~~~~~~
/usr/include/c++/15/bits/basic_string.h:875:9: note: candidate expects 3 arguments, 1 provided
/usr/include/c++/15/bits/basic_string.h:852:9: note: candidate 3: 'template<class _InputIterator, class> std::__cxx11::basic_string<_CharT, _Traits, _Alloc>::basic_string(_InputIterator, _InputIterator, const _Alloc&) [with <template-parameter-2-2> = _InputIterator; _CharT = wchar_t; _Traits = std::char_traits<wchar_t>; _Alloc = std::allocator<wchar_t>]'
  852 |         basic_string(_InputIterator __beg, _InputIterator __end,
      |         ^~~~~~~~~~~~
/usr/include/c++/15/bits/basic_string.h:852:9: note: candidate expects 2 arguments, 1 provided
/usr/include/c++/15/bits/basic_string.h:729:7: note: candidate 4: 'template<class> std::__cxx11::basic_string<_CharT, _Traits, _Alloc>::basic_string(size_type, _CharT, const _Alloc&) [with _CharT = wchar_t; _Traits = std::char_traits<wchar_t>; _Alloc = std::allocator<wchar_t>]'
  729 |       basic_string(size_type __n, _CharT __c, const _Alloc& __a = _Alloc())
      |       ^~~~~~~~~~~~
/usr/include/c++/15/bits/basic_string.h:729:7: note: candidate expects 2 arguments, 1 provided
/usr/include/c++/15/bits/basic_string.h:706:7: note: candidate 5: 'template<class> std::__cxx11::basic_string<_CharT, _Traits, _Alloc>::basic_string(const _CharT*, const _Alloc&) [with _CharT = wchar_t; _Traits = std::char_traits<wchar_t>; _Alloc = std::allocator<wchar_t>]'
  706 |       basic_string(const _CharT* __s, const _Alloc& __a = _Alloc())
      |       ^~~~~~~~~~~~
/usr/include/c++/15/bits/basic_string.h:706:7: note: template argument deduction/substitution failed:
/home/sblo/Dev/soldat-cpp/include/UpdateFrame.h:280:50: note:   cannot convert 'std::__cxx11::to_string((TimeLimitCounter / 3600))' (type 'std::string' {aka 'std::__cxx11::basic_string<char>'}) to type 'const wchar_t*'
  280 |                         WideString(std::to_string(TimeLimitCounter / 3600)) + " " + _("minutes"),
      |                                    ~~~~~~~~~~~~~~^~~~~~~~~~~~~~~~~~~~~~~~~
/usr/include/c++/15/bits/basic_string.h:808:7: note: candidate 6: 'std::__cxx11::basic_string<_CharT, _Traits, _Alloc>::basic_string(std::__cxx11::basic_string<_CharT, _Traits, _Alloc>&&, const _Alloc&) [with _CharT = wchar_t; _Traits = std::char_traits<wchar_t>; _Alloc = std::allocator<wchar_t>]'
  808 |       basic_string(basic_string&& __str, const _Alloc& __a)
      |       ^~~~~~~~~~~~
/usr/include/c++/15/bits/basic_string.h:808:7: note: candidate expects 2 arguments, 1 provided
/usr/include/c++/15/bits/basic_string.h:803:7: note: candidate 7: 'std::__cxx11::basic_string<_CharT, _Traits, _Alloc>::basic_string(const std::__cxx11::basic_string<_CharT, _Traits, _Alloc>&, const _Alloc&) [with _CharT = wchar_t; _Traits = std::char_traits<wchar_t>; _Alloc = std::allocator<wchar_t>]'
  803 |       basic_string(const basic_string& __str, const _Alloc& __a)
      |       ^~~~~~~~~~~~
/usr/include/c++/15/bits/basic_string.h:803:7: note: candidate expects 2 arguments, 1 provided
/usr/include/c++/15/bits/basic_string.h:798:7: note: candidate 8: 'std::__cxx11::basic_string<_CharT, _Traits, _Alloc>::basic_string(std::initializer_list<_Tp>, const _Alloc&) [with _CharT = wchar_t; _Traits = std::char_traits<wchar_t>; _Alloc = std::allocator<wchar_t>]'
  798 |       basic_string(initializer_list<_CharT> __l, const _Alloc& __a = _Alloc())
      |       ^~~~~~~~~~~~
/usr/include/c++/15/bits/basic_string.h:798:45: note: no known conversion for argument 1 from 'std::string' {aka 'std::__cxx11::basic_string<char>'} to 'std::initializer_list<wchar_t>'
  798 |       basic_string(initializer_list<_CharT> __l, const _Alloc& __a = _Alloc())
      |                    ~~~~~~~~~~~~~~~~~~~~~~~~~^~~
/usr/include/c++/15/bits/basic_string.h:742:7: note: candidate 9: 'std::__cxx11::basic_string<_CharT, _Traits, _Alloc>::basic_string(std::__cxx11::basic_string<_CharT, _Traits, _Alloc>&&) [with _CharT = wchar_t; _Traits = std::char_traits<wchar_t>; _Alloc = std::allocator<wchar_t>]'
  742 |       basic_string(basic_string&& __str) noexcept
      |       ^~~~~~~~~~~~
/usr/include/c++/15/bits/basic_string.h:742:35: note: no known conversion for argument 1 from 'std::string' {aka 'std::__cxx11::basic_string<char>'} to 'std::__cxx11::basic_string<wchar_t>&&'
  742 |       basic_string(basic_string&& __str) noexcept
      |                    ~~~~~~~~~~~~~~~^~~~~
/usr/include/c++/15/bits/basic_string.h:684:7: note: candidate 10: 'std::__cxx11::basic_string<_CharT, _Traits, _Alloc>::basic_string(const _CharT*, size_type, const _Alloc&) [with _CharT = wchar_t; _Traits = std::char_traits<wchar_t>; _Alloc = std::allocator<wchar_t>; size_type = unsigned int]'
  684 |       basic_string(const _CharT* __s, size_type __n,
      |       ^~~~~~~~~~~~
/usr/include/c++/15/bits/basic_string.h:684:7: note: candidate expects 3 arguments, 1 provided
/usr/include/c++/15/bits/basic_string.h:664:7: note: candidate 11: 'std::__cxx11::basic_string<_CharT, _Traits, _Alloc>::basic_string(const std::__cxx11::basic_string<_CharT, _Traits, _Alloc>&, size_type, size_type, const _Alloc&) [with _CharT = wchar_t; _Traits = std::char_traits<wchar_t>; _Alloc = std::allocator<wchar_t>; size_type = unsigned int]'
  664 |       basic_string(const basic_string& __str, size_type __pos,
      |       ^~~~~~~~~~~~
/usr/include/c++/15/bits/basic_string.h:664:7: note: candidate expects 4 arguments, 1 provided
/usr/include/c++/15/bits/basic_string.h:646:7: note: candidate 12: 'std::__cxx11::basic_string<_CharT, _Traits, _Alloc>::basic_string(const std::__cxx11::basic_string<_CharT, _Traits, _Alloc>&, size_type, size_type) [with _CharT = wchar_t; _Traits = std::char_traits<wchar_t>; _Alloc = std::allocator<wchar_t>; size_type = unsigned int]'
  646 |       basic_string(const basic_string& __str, size_type __pos,
      |       ^~~~~~~~~~~~
/usr/include/c++/15/bits/basic_string.h:646:7: note: candidate expects 3 arguments, 1 provided
/usr/include/c++/15/bits/basic_string.h:629:7: note: candidate 13: 'std::__cxx11::basic_string<_CharT, _Traits, _Alloc>::basic_string(const std::__cxx11::basic_string<_CharT, _Traits, _Alloc>&, size_type, const _Alloc&) [with _CharT = wchar_t; _Traits = std::char_traits<wchar_t>; _Alloc = std::allocator<wchar_t>; size_type = unsigned int]'
  629 |       basic_string(const basic_string& __str, size_type __pos,
      |       ^~~~~~~~~~~~
/usr/include/c++/15/bits/basic_string.h:629:7: note: candidate expects 3 arguments, 1 provided
/usr/include/c++/15/bits/basic_string.h:613:7: note: candidate 14: 'std::__cxx11::basic_string<_CharT, _Traits, _Alloc>::basic_string(const std::__cxx11::basic_string<_CharT, _Traits, _Alloc>&) [with _CharT = wchar_t; _Traits = std::char_traits<wchar_t>; _Alloc = std::allocator<wchar_t>]'
  613 |       basic_string(const basic_string& __str)
      |       ^~~~~~~~~~~~
/usr/include/c++/15/bits/basic_string.h:613:40: note: no known conversion for argument 1 from 'std::string' {aka 'std::__cxx11::basic_string<char>'} to 'const std::__cxx11::basic_string<wchar_t>&'
  613 |       basic_string(const basic_string& __str)
      |                    ~~~~~~~~~~~~~~~~~~~~^~~~~
/usr/include/c++/15/bits/basic_string.h:601:7: note: candidate 15: 'std::__cxx11::basic_string<_CharT, _Traits, _Alloc>::basic_string(const _Alloc&) [with _CharT = wchar_t; _Traits = std::char_traits<wchar_t>; _Alloc = std::allocator<wchar_t>]'
  601 |       basic_string(const _Alloc& __a) _GLIBCXX_NOEXCEPT
      |       ^~~~~~~~~~~~
/usr/include/c++/15/bits/basic_string.h:601:34: note: no known conversion for argument 1 from 'std::string' {aka 'std::__cxx11::basic_string<char>'} to 'const std::allocator<wchar_t>&'
  601 |       basic_string(const _Alloc& __a) _GLIBCXX_NOEXCEPT
      |                    ~~~~~~~~~~~~~~^~~
/usr/include/c++/15/bits/basic_string.h:585:7: note: candidate 16: 'std::__cxx11::basic_string<_CharT, _Traits, _Alloc>::basic_string() [with _CharT = wchar_t; _Traits = std::char_traits<wchar_t>; _Alloc = std::allocator<wchar_t>]'
  585 |       basic_string()
      |       ^~~~~~~~~~~~
/usr/include/c++/15/bits/basic_string.h:585:7: note: candidate expects 0 arguments, 1 provided
/usr/include/c++/15/bits/basic_string.h:192:7: note: candidate 17: 'std::__cxx11::basic_string<_CharT, _Traits, _Alloc>::basic_string(__sv_wrapper, const _Alloc&) [with _CharT = wchar_t; _Traits = std::char_traits<wchar_t>; _Alloc = std::allocator<wchar_t>]'
  192 |       basic_string(__sv_wrapper __svw, const _Alloc& __a)
      |       ^~~~~~~~~~~~
/usr/include/c++/15/bits/basic_string.h:192:7: note: candidate expects 2 arguments, 1 provided
/home/sblo/Dev/soldat-cpp/include/UpdateFrame.h:330:17: error: 'ChatTimeCounter' was not declared in this scope
  330 |             if (ChatTimeCounter > 0) {
      |                 ^~~~~~~~~~~~~~~
/home/sblo/Dev/soldat-cpp/include/UpdateFrame.h:337:44: error: '__gnu_cxx::__alloc_traits<std::allocator<std::unique_ptr<TSprite> >, std::unique_ptr<TSprite> >::value_type' {aka 'class std::unique_ptr<TSprite>'} has no member named 'Active'
  337 |             if (Sprite[CameraFollowSprite].Active && Sprite[CameraFollowSprite].IsNotSpectator()) {
      |                                            ^~~~~~
/home/sblo/Dev/soldat-cpp/include/UpdateFrame.h:337:81: error: '__gnu_cxx::__alloc_traits<std::allocator<std::unique_ptr<TSprite> >, std::unique_ptr<TSprite> >::value_type' {aka 'class std::unique_ptr<TSprite>'} has no member named 'IsNotSpectator'
  337 |             if (Sprite[CameraFollowSprite].Active && Sprite[CameraFollowSprite].IsNotSpectator()) {
      |                                                                                 ^~~~~~~~~~~~~~
/home/sblo/Dev/soldat-cpp/include/UpdateFrame.h:342:19: error: 'struct TVector2' has no member named 'X'
  342 |                 M.X = expf(r_zoom.Value) * ((mx - GameWidthHalf) / Sprite[CameraFollowSprite].AimDistCoef *
      |                   ^
/home/sblo/Dev/soldat-cpp/include/UpdateFrame.h:342:35: error: invalid use of non-static member function 'T CvarImpl::TCvar<T>::Value() const [with T = float]'
  342 |                 M.X = expf(r_zoom.Value) * ((mx - GameWidthHalf) / Sprite[CameraFollowSprite].AimDistCoef *
      |                            ~~~~~~~^~~~~
In file included from /home/sblo/Dev/soldat-cpp/include/Game.h:24:
/home/sblo/Dev/soldat-cpp/include/Cvar.h:165:11: note: declared here
  165 |         T Value() const { return FValue; }
      |           ^~~~~
/home/sblo/Dev/soldat-cpp/include/UpdateFrame.h:342:95: error: '__gnu_cxx::__alloc_traits<std::allocator<std::unique_ptr<TSprite> >, std::unique_ptr<TSprite> >::value_type' {aka 'class std::unique_ptr<TSprite>'} has no member named 'AimDistCoef'
  342 |                 M.X = expf(r_zoom.Value) * ((mx - GameWidthHalf) / Sprite[CameraFollowSprite].AimDistCoef *
      |                                                                                               ^~~~~~~~~~~
/home/sblo/Dev/soldat-cpp/include/UpdateFrame.h:344:98: error: '__gnu_cxx::__alloc_traits<std::allocator<std::unique_ptr<TSprite> >, std::unique_ptr<TSprite> >::value_type' {aka 'class std::unique_ptr<TSprite>'} has no member named 'AimDistCoef'
  344 |                     (GameWidth - 640) / GameWidth * (DEFAULTAIMDIST - Sprite[CameraFollowSprite].AimDistCoef) / 6.8f));
      |                                                                                                  ^~~~~~~~~~~
/home/sblo/Dev/soldat-cpp/include/UpdateFrame.h:346:19: error: 'struct TVector2' has no member named 'Y'
  346 |                 M.Y = expf(r_zoom.Value) * ((my - GameHeightHalf) / Sprite[CameraFollowSprite].AimDistCoef);
      |                   ^
/home/sblo/Dev/soldat-cpp/include/UpdateFrame.h:346:35: error: invalid use of non-static member function 'T CvarImpl::TCvar<T>::Value() const [with T = float]'
  346 |                 M.Y = expf(r_zoom.Value) * ((my - GameHeightHalf) / Sprite[CameraFollowSprite].AimDistCoef);
      |                            ~~~~~~~^~~~~
/home/sblo/Dev/soldat-cpp/include/Cvar.h:165:11: note: declared here
  165 |         T Value() const { return FValue; }
      |           ^~~~~
/home/sblo/Dev/soldat-cpp/include/UpdateFrame.h:346:96: error: '__gnu_cxx::__alloc_traits<std::allocator<std::unique_ptr<TSprite> >, std::unique_ptr<TSprite> >::value_type' {aka 'class std::unique_ptr<TSprite>'} has no member named 'AimDistCoef'
  346 |                 M.Y = expf(r_zoom.Value) * ((my - GameHeightHalf) / Sprite[CameraFollowSprite].AimDistCoef);
      |                                                                                                ^~~~~~~~~~~
/home/sblo/Dev/soldat-cpp/include/UpdateFrame.h:349:67: error: '__gnu_cxx::__alloc_traits<std::allocator<TVector2>, TVector2>::value_type' {aka 'struct TVector2'} has no member named 'X'
  349 |                 TVector2 P = {SpriteParts.Pos[CameraFollowSprite].X, SpriteParts.Pos[CameraFollowSprite].Y};
      |                                                                   ^
/home/sblo/Dev/soldat-cpp/include/UpdateFrame.h:349:106: error: '__gnu_cxx::__alloc_traits<std::allocator<TVector2>, TVector2>::value_type' {aka 'struct TVector2'} has no member named 'Y'
  349 |                 TVector2 P = {SpriteParts.Pos[CameraFollowSprite].X, SpriteParts.Pos[CameraFollowSprite].Y};
      |                                                                                                          ^
/home/sblo/Dev/soldat-cpp/include/UpdateFrame.h:355:32: error: 'struct TVector2' has no member named 'X'
  355 |                 CameraX = CamV.X;
      |                                ^
/home/sblo/Dev/soldat-cpp/include/UpdateFrame.h:356:32: error: 'struct TVector2' has no member named 'Y'
  356 |                 CameraY = CamV.Y;
      |                                ^
/home/sblo/Dev/soldat-cpp/include/UpdateFrame.h:368:19: error: 'struct TVector2' has no member named 'X'
  368 |                 M.X = 0;
      |                   ^
/home/sblo/Dev/soldat-cpp/include/UpdateFrame.h:369:19: error: 'struct TVector2' has no member named 'Y'
  369 |                 M.Y = 0;
      |                   ^
/home/sblo/Dev/soldat-cpp/include/UpdateFrame.h:372:19: error: 'struct TVector2' has no member named 'X'
  372 |                 M.X = (mx - GameWidthHalf) / SPECTATORAIMDIST;
      |                   ^
/home/sblo/Dev/soldat-cpp/include/UpdateFrame.h:373:19: error: 'struct TVector2' has no member named 'Y'
  373 |                 M.Y = (my - GameHeightHalf) / SPECTATORAIMDIST;
      |                   ^
/home/sblo/Dev/soldat-cpp/include/UpdateFrame.h:377:28: error: 'struct TVector2' has no member named 'X'
  377 |             CameraX = CamV.X;
      |                            ^
/home/sblo/Dev/soldat-cpp/include/UpdateFrame.h:378:28: error: 'struct TVector2' has no member named 'Y'
  378 |             CameraY = CamV.Y;
      |                            ^
/home/sblo/Dev/soldat-cpp/include/UpdateFrame.h:382:49: error: '__gnu_cxx::__alloc_traits<std::allocator<std::unique_ptr<TSprite> >, std::unique_ptr<TSprite> >::value_type' {aka 'class std::unique_ptr<TSprite>'} has no member named 'IsSpectator'
  382 |         if ((MySprite > 0) && (Sprite[MySprite].IsSpectator)) {
      |                                                 ^~~~~~~~~~~
/home/sblo/Dev/soldat-cpp/include/UpdateFrame.h:399:21: error: 'FormatDateTime' was not declared in this scope
  399 |                     FormatDateTime("yyyy-mm-dd_hh-nn-ss_", Now()) + Map.Name +
      |                     ^~~~~~~~~~~~~~
/home/sblo/Dev/soldat-cpp/include/UpdateFrame.h:401:17: error: 'TakeScreenShot' was not declared in this scope; did you mean 'TakeScreenshot'?
  401 |                 TakeScreenShot(ScreenFile);
      |                 ^~~~~~~~~~~~~~
      |                 TakeScreenshot
/home/sblo/Dev/soldat-cpp/include/UpdateFrame.h:405:54: error: 'class std::unique_ptr<TDemoRecorder>' has no member named 'Active'
  405 |         if ((demo_autorecord.Value) && (DemoRecorder.Active == false) && (Map.Name != "")) {
      |                                                      ^~~~~~
/home/sblo/Dev/soldat-cpp/include/UpdateFrame.h:406:26: error: 'class std::unique_ptr<TDemoRecorder>' has no member named 'StartRecord'
  406 |             DemoRecorder.StartRecord(UserDirectory + "demos/" +
      |                          ^~~~~~~~~~~
/home/sblo/Dev/soldat-cpp/include/UpdateFrame.h:407:17: error: 'FormatDateTime' was not declared in this scope
  407 |                 FormatDateTime("yyyy-mm-dd_hh-nn-ss_", Now()) + Map.Name + ".sdm");
      |                 ^~~~~~~~~~~~~~
/home/sblo/Dev/soldat-cpp/include/UpdateFrame.h: At global scope:
/home/sblo/Dev/soldat-cpp/include/UpdateFrame.h:413:24: error: 'void UpdateFrameImpl::Update_Frame()' conflicts with a previous declaration
  413 | using UpdateFrameImpl::Update_Frame;
      |                        ^~~~~~~~~~~~
/home/sblo/Dev/soldat-cpp/include/UpdateFrame.h:38:6: note: previous declaration 'void Update_Frame()'
   38 | void Update_Frame();
      |      ^~~~~~~~~~~~
/home/sblo/Dev/soldat-cpp/include/ClientGame.h: In function 'void ClientGameImpl::BigMessage(const std::wstring&, int, uint32_t)':
/home/sblo/Dev/soldat-cpp/include/ClientGame.h:117:48: warning: unused parameter 'Text' [-Wunused-parameter]
  117 |     inline void BigMessage(const std::wstring& Text, int Delay, uint32_t Col) {
      |                            ~~~~~~~~~~~~~~~~~~~~^~~~
/home/sblo/Dev/soldat-cpp/include/ClientGame.h:117:58: warning: unused parameter 'Delay' [-Wunused-parameter]
  117 |     inline void BigMessage(const std::wstring& Text, int Delay, uint32_t Col) {
      |                                                      ~~~~^~~~~
/home/sblo/Dev/soldat-cpp/include/ClientGame.h:117:74: warning: unused parameter 'Col' [-Wunused-parameter]
  117 |     inline void BigMessage(const std::wstring& Text, int Delay, uint32_t Col) {
      |                                                                 ~~~~~~~~~^~~
/home/sblo/Dev/soldat-cpp/include/ClientGame.h: In function 'void ClientGameImpl::TabComplete()':
/home/sblo/Dev/soldat-cpp/include/ClientGame.h:171:38: warning: comparison of integer expressions of different signedness: 'size_t' {aka 'unsigned int'} and 'int' [-Wsign-compare]
  171 |             } else if (LastSeparator < Offset) {
      |                        ~~~~~~~~~~~~~~^~~~~~~~
/home/sblo/Dev/soldat-cpp/include/ClientGame.h:175:17: warning: unused variable 'CompletionBaseLen' [-Wunused-variable]
  175 |             int CompletionBaseLen = ChatTextLen - LastSeparator;
      |                 ^~~~~~~~~~~~~~~~~
/home/sblo/Dev/soldat-cpp/include/ClientGame.h:192:54: warning: comparison of integer expressions of different signedness: 'std::__cxx11::basic_string<wchar_t>::size_type' {aka 'unsigned int'} and 'int' [-Wsign-compare]
  192 |                         if (SpaceFittedName.length() > AvailableChatSpace) {
      |                             ~~~~~~~~~~~~~~~~~~~~~~~~~^~~~~~~~~~~~~~~~~~~~
In file included from /home/sblo/Dev/soldat-cpp/include/ControlGame.h:24,
                 from /home/sblo/Dev/soldat-cpp/src/Client.cpp:20:
/home/sblo/Dev/soldat-cpp/include/Command.h: In function 'void CommandExec(const std::vector<std::__cxx11::basic_string<char> >&, uint8_t)':
/home/sblo/Dev/soldat-cpp/include/Command.h:65:71: warning: unused parameter 'Sender' [-Wunused-parameter]
   65 | inline void CommandExec(const std::vector<std::string>& Args, uint8_t Sender = 255) {
      |                                                               ~~~~~~~~^~~~~~~~~~~~
/home/sblo/Dev/soldat-cpp/include/Command.h: In function 'void CommandToggle(const std::vector<std::__cxx11::basic_string<char> >&, uint8_t)':
/home/sblo/Dev/soldat-cpp/include/Command.h:73:73: warning: unused parameter 'Sender' [-Wunused-parameter]
   73 | inline void CommandToggle(const std::vector<std::string>& Args, uint8_t Sender) {
      |                                                                 ~~~~~~~~^~~~~~
/home/sblo/Dev/soldat-cpp/include/Command.h: In function 'void CommandAlias(const std::vector<std::__cxx11::basic_string<char> >&, uint8_t)':
/home/sblo/Dev/soldat-cpp/include/Command.h:92:72: warning: unused parameter 'Sender' [-Wunused-parameter]
   92 | inline void CommandAlias(const std::vector<std::string>& Args, uint8_t Sender) {
      |                                                                ~~~~~~~~^~~~~~
/home/sblo/Dev/soldat-cpp/include/Command.h: In function 'void CommandExecuteAlias(const std::vector<std::__cxx11::basic_string<char> >&, uint8_t)':
/home/sblo/Dev/soldat-cpp/include/Command.h:109:79: warning: unused parameter 'Sender' [-Wunused-parameter]
  109 | inline void CommandExecuteAlias(const std::vector<std::string>& Args, uint8_t Sender) {
      |                                                                       ~~~~~~~~^~~~~~
/home/sblo/Dev/soldat-cpp/include/Command.h: In function 'void CommandEcho(const std::vector<std::__cxx11::basic_string<char> >&, uint8_t)':
/home/sblo/Dev/soldat-cpp/include/Command.h:137:71: warning: unused parameter 'Sender' [-Wunused-parameter]
  137 | inline void CommandEcho(const std::vector<std::string>& Args, uint8_t Sender) {
      |                                                               ~~~~~~~~^~~~~~
/home/sblo/Dev/soldat-cpp/include/Command.h: In function 'void CommandReset(const std::vector<std::__cxx11::basic_string<char> >&, uint8_t)':
/home/sblo/Dev/soldat-cpp/include/Command.h:146:72: warning: unused parameter 'Sender' [-Wunused-parameter]
  146 | inline void CommandReset(const std::vector<std::string>& Args, uint8_t Sender) {
      |                                                                ~~~~~~~~^~~~~~
/home/sblo/Dev/soldat-cpp/include/Command.h: In function 'void CommandCmdlist(const std::vector<std::__cxx11::basic_string<char> >&, uint8_t)':
/home/sblo/Dev/soldat-cpp/include/Command.h:164:22: warning: unused variable 'pair' [-Wunused-variable]
  164 |     for (const auto& pair : Commands) {
      |                      ^~~~
/home/sblo/Dev/soldat-cpp/include/Command.h:163:60: warning: unused parameter 'Args' [-Wunused-parameter]
  163 | inline void CommandCmdlist(const std::vector<std::string>& Args, uint8_t Sender) {
      |                            ~~~~~~~~~~~~~~~~~~~~~~~~~~~~~~~~^~~~
/home/sblo/Dev/soldat-cpp/include/Command.h:163:74: warning: unused parameter 'Sender' [-Wunused-parameter]
  163 | inline void CommandCmdlist(const std::vector<std::string>& Args, uint8_t Sender) {
      |                                                                  ~~~~~~~~^~~~~~
/home/sblo/Dev/soldat-cpp/include/Command.h: In function 'void CommandCvarlist(const std::vector<std::__cxx11::basic_string<char> >&, uint8_t)':
/home/sblo/Dev/soldat-cpp/include/Command.h:169:61: warning: unused parameter 'Args' [-Wunused-parameter]
  169 | inline void CommandCvarlist(const std::vector<std::string>& Args, uint8_t Sender) {
      |                             ~~~~~~~~~~~~~~~~~~~~~~~~~~~~~~~~^~~~
/home/sblo/Dev/soldat-cpp/include/Command.h:169:75: warning: unused parameter 'Sender' [-Wunused-parameter]
  169 | inline void CommandCvarlist(const std::vector<std::string>& Args, uint8_t Sender) {
      |                                                                   ~~~~~~~~^~~~~~
/home/sblo/Dev/soldat-cpp/include/Command.h: In function 'void CommandInc(const std::vector<std::__cxx11::basic_string<char> >&, uint8_t)':
/home/sblo/Dev/soldat-cpp/include/Command.h:174:70: warning: unused parameter 'Sender' [-Wunused-parameter]
  174 | inline void CommandInc(const std::vector<std::string>& Args, uint8_t Sender) {
      |                                                              ~~~~~~~~^~~~~~
/home/sblo/Dev/soldat-cpp/include/Command.h: In function 'bool LoadConfig(const std::string&)':
/home/sblo/Dev/soldat-cpp/include/Command.h:279:43: warning: unused parameter 'ConfigName' [-Wunused-parameter]
  279 | inline bool LoadConfig(const std::string& ConfigName) {
      |                        ~~~~~~~~~~~~~~~~~~~^~~~~~~~~~
/home/sblo/Dev/soldat-cpp/include/Command.h: In function 'TCommandTargets CommandTarget(const std::string&, uint8_t)':
/home/sblo/Dev/soldat-cpp/include/Command.h:291:57: warning: unused parameter 'Target' [-Wunused-parameter]
  291 | inline TCommandTargets CommandTarget(const std::string& Target, uint8_t Sender) {
      |                                      ~~~~~~~~~~~~~~~~~~~^~~~~~
/home/sblo/Dev/soldat-cpp/include/Command.h:291:73: warning: unused parameter 'Sender' [-Wunused-parameter]
  291 | inline TCommandTargets CommandTarget(const std::string& Target, uint8_t Sender) {
      |                                                                 ~~~~~~~~^~~~~~
In file included from /home/sblo/Dev/soldat-cpp/src/Client.cpp:23:
/usr/include/physfs.h: At global scope:
/usr/include/physfs.h:366:16: error: using typedef-name 'using PHYSFS_File = void' after 'struct'
  366 | typedef struct PHYSFS_File
      |                ^~~~~~~~~~~
/home/sblo/Dev/soldat-cpp/include/Sound.h:77:7: note: 'using PHYSFS_File = void' has a previous declaration here
   77 | using PHYSFS_File = void;
      |       ^~~~~~~~~~~
/usr/include/physfs.h:369:3: error: conflicting declaration 'typedef int PHYSFS_File'
  369 | } PHYSFS_File;
      |   ^~~~~~~~~~~
/home/sblo/Dev/soldat-cpp/include/Sound.h:77:7: note: previous declaration as 'using PHYSFS_File = void'
   77 | using PHYSFS_File = void;
      |       ^~~~~~~~~~~
/usr/include/physfs.h:1285:26: error: conflicting declaration of 'PHYSFS_File* PHYSFS_openRead(const char*)' with 'C' linkage
 1285 | PHYSFS_DECL PHYSFS_File *PHYSFS_openRead(const char *filename);
      |                          ^~~~~~~~~~~~~~~
/home/sblo/Dev/soldat-cpp/include/Sound.h:81:14: note: previous declaration with 'C++' linkage
   81 | PHYSFS_File* PHYSFS_openRead(const char* filename) { return nullptr; }
      |              ^~~~~~~~~~~~~~~
/usr/include/physfs.h:1306:17: error: conflicting declaration of 'int PHYSFS_close(PHYSFS_File*)' with 'C' linkage
 1306 | PHYSFS_DECL int PHYSFS_close(PHYSFS_File *handle);
      |                 ^~~~~~~~~~~~
/home/sblo/Dev/soldat-cpp/include/Sound.h:84:5: note: previous declaration with 'C++' linkage
   84 | int PHYSFS_close(PHYSFS_File* file) { return 0; }
      |     ^~~~~~~~~~~~
/usr/include/physfs.h:1430:27: error: ambiguating new declaration of 'PHYSFS_sint64 PHYSFS_fileLength(PHYSFS_File*)'
 1430 | PHYSFS_DECL PHYSFS_sint64 PHYSFS_fileLength(PHYSFS_File *handle);
      |                           ^~~~~~~~~~~~~~~~~
/home/sblo/Dev/soldat-cpp/include/Sound.h:82:15: note: old declaration 'PHYSFS_uint64 PHYSFS_fileLength(PHYSFS_File*)'
   82 | PHYSFS_uint64 PHYSFS_fileLength(PHYSFS_File* file) { return 0; }
      |               ^~~~~~~~~~~~~~~~~
/usr/include/physfs.h:2968:27: error: ambiguating new declaration of 'PHYSFS_sint64 PHYSFS_readBytes(PHYSFS_File*, void*, PHYSFS_uint64)'
 2968 | PHYSFS_DECL PHYSFS_sint64 PHYSFS_readBytes(PHYSFS_File *handle, void *buffer,
      |                           ^~~~~~~~~~~~~~~~
/home/sblo/Dev/soldat-cpp/include/Sound.h:83:5: note: old declaration 'int PHYSFS_readBytes(PHYSFS_File*, void*, PHYSFS_uint64)'
   83 | int PHYSFS_readBytes(PHYSFS_File* file, void* buffer, PHYSFS_uint64 len) { return 0; }
      |     ^~~~~~~~~~~~~~~~
/home/sblo/Dev/soldat-cpp/src/Client.cpp:126:17: error: redefinition of 'void ClientImpl::RestartGraph()'
  126 |     inline void RestartGraph() {
      |                 ^~~~~~~~~~~~
/home/sblo/Dev/soldat-cpp/include/Client.h:74:17: note: 'void ClientImpl::RestartGraph()' previously defined here
   74 |     inline void RestartGraph() {
      |                 ^~~~~~~~~~~~
/home/sblo/Dev/soldat-cpp/src/Client.cpp: In function 'void ClientImpl::ExitToMenu()':
/home/sblo/Dev/soldat-cpp/src/Client.cpp:236:32: error: no matching function for call to 'TSprite::Kill()'
  236 |                 Sprite[i]->Kill();
      |                 ~~~~~~~~~~~~~~~^~
/home/sblo/Dev/soldat-cpp/src/Client.cpp:236:32: note: there is 1 candidate
/home/sblo/Dev/soldat-cpp/include/Sprites.h:440:10: note: candidate 1: 'void TSprite::Kill(uint8_t, uint8_t, uint8_t)'
  440 |     void Kill(uint8_t Bullet, uint8_t Killer, uint8_t Where);
      |          ^~~~
/home/sblo/Dev/soldat-cpp/include/Sprites.h:440:10: note: candidate expects 3 arguments, 0 provided
/home/sblo/Dev/soldat-cpp/src/Client.cpp:241:28: error: 'struct TBullet' has no member named 'Kill'; did you mean 'Killer'?
  241 |                 Bullet[i]->Kill();
      |                            ^~~~
      |                            Killer
/home/sblo/Dev/soldat-cpp/src/Client.cpp:245:17: error: 'Spark' was not declared in this scope
  245 |             if (Spark[i]) {
      |                 ^~~~~
/home/sblo/Dev/soldat-cpp/src/Client.cpp:251:27: error: 'struct TThing' has no member named 'Kill'
  251 |                 Thing[i]->Kill();
      |                           ^~~~
/home/sblo/Dev/soldat-cpp/src/Client.cpp: In function 'void ClientImpl::StartGame()':
/home/sblo/Dev/soldat-cpp/src/Client.cpp:355:14: error: 'PHYSFS_Init' was not declared in this scope; did you mean 'PHYSFS_init'?
  355 |         if (!PHYSFS_Init(nullptr)) {
      |              ^~~~~~~~~~~
      |              PHYSFS_init
/home/sblo/Dev/soldat-cpp/src/Client.cpp:381:61: error: 'toLower' was not declared in this scope
  381 |             std::string modPath = UserDirectory + "mods/" + toLower(fs_mod.Value()) + ".smod";
      |                                                             ^~~~~~~
/home/sblo/Dev/soldat-cpp/src/Client.cpp:381:61: note: suggested alternatives:
/home/sblo/Dev/soldat-cpp/include/Util.h:211:24: note:   'UtilImpl::toLower'
  211 |     inline std::string toLower(const std::string& str) {
      |                        ^~~~~~~
/home/sblo/Dev/soldat-cpp/include/Util.h:249:24: note:   'Util::toLower'
  249 |     inline std::string toLower(const std::string& str) {
      |                        ^~~~~~~
/home/sblo/Dev/soldat-cpp/src/Client.cpp:473:13: error: '_iscala' was not declared in this scope; did you mean '_IScala'?
  473 |             _iscala.x = static_cast<float>(GameWidth) / DEFAULT_WIDTH;
      |             ^~~~~~~
      |             _IScala
/home/sblo/Dev/soldat-cpp/src/Client.cpp:481:13: error: '_iscala' was not declared in this scope; did you mean '_IScala'?
  481 |             _iscala.x = static_cast<float>(RenderWidth) / 640.0f;
      |             ^~~~~~~
      |             _IScala
/home/sblo/Dev/soldat-cpp/src/Client.cpp:532:83: error: '_rscala' was not declared in this scope; did you mean '_RScala'?
  532 |         MainConsole.CountMax = static_cast<int>(round(ui_console_length.Value() * _rscala.y));
      |                                                                                   ^~~~~~~
      |                                                                                   _RScala
/home/sblo/Dev/soldat-cpp/src/Client.cpp: At global scope:
/home/sblo/Dev/soldat-cpp/src/Client.cpp:781:6: error: 'bool GameLoopRun' conflicts with a previous declaration
  781 | bool GameLoopRun = false;
      |      ^~~~~~~~~~~
/home/sblo/Dev/soldat-cpp/include/Client.h:96:19: note: previous declaration 'using ClientImpl::GameLoopRun'
   96 | using ClientImpl::GameLoopRun;
      |                   ^~~~~~~~~~~
/home/sblo/Dev/soldat-cpp/src/Client.cpp:782:6: error: 'bool ProgReady' conflicts with a previous declaration
  782 | bool ProgReady = false;
      |      ^~~~~~~~~
/home/sblo/Dev/soldat-cpp/include/Client.h:97:19: note: previous declaration 'using ClientImpl::ProgReady'
   97 | using ClientImpl::ProgReady;
      |                   ^~~~~~~~~
/home/sblo/Dev/soldat-cpp/src/Client.cpp:784:13: error: 'std::string JoinPassword' conflicts with a previous declaration
  784 | std::string JoinPassword = "";
      |             ^~~~~~~~~~~~
/home/sblo/Dev/soldat-cpp/include/Client.h:98:19: note: previous declaration 'using ClientImpl::JoinPassword'
   98 | using ClientImpl::JoinPassword;
      |                   ^~~~~~~~~~~~
/home/sblo/Dev/soldat-cpp/src/Client.cpp:785:13: error: 'std::string JoinPort' conflicts with a previous declaration
  785 | std::string JoinPort = "23073";
      |             ^~~~~~~~
/home/sblo/Dev/soldat-cpp/include/Client.h:99:19: note: previous declaration 'using ClientImpl::JoinPort'
   99 | using ClientImpl::JoinPort;
      |                   ^~~~~~~~
/home/sblo/Dev/soldat-cpp/src/Client.cpp:786:13: error: 'std::string JoinIP' conflicts with a previous declaration
  786 | std::string JoinIP = "127.0.0.1";
      |             ^~~~~~
/home/sblo/Dev/soldat-cpp/include/Client.h:100:19: note: previous declaration 'using ClientImpl::JoinIP'
  100 | using ClientImpl::JoinIP;
      |                   ^~~~~~
/home/sblo/Dev/soldat-cpp/src/Client.cpp:788:6: error: 'bool WindowReady' conflicts with a previous declaration
  788 | bool WindowReady = false;
      |      ^~~~~~~~~~~
/home/sblo/Dev/soldat-cpp/include/Client.h:101:19: note: previous declaration 'using ClientImpl::WindowReady'
  101 | using ClientImpl::WindowReady;
      |                   ^~~~~~~~~~~
/home/sblo/Dev/soldat-cpp/src/Client.cpp:789:9: error: 'uint8_t Initing' conflicts with a previous declaration
  789 | uint8_t Initing = 0;
      |         ^~~~~~~
/home/sblo/Dev/soldat-cpp/include/Client.h:102:19: note: previous declaration 'using ClientImpl::Initing'
  102 | using ClientImpl::Initing;
      |                   ^~~~~~~
/home/sblo/Dev/soldat-cpp/src/Client.cpp:790:6: error: 'bool GraphicsInitialized' conflicts with a previous declaration
  790 | bool GraphicsInitialized = false;
      |      ^~~~~~~~~~~~~~~~~~~
/home/sblo/Dev/soldat-cpp/include/Client.h:103:19: note: previous declaration 'using ClientImpl::GraphicsInitialized'
  103 | using ClientImpl::GraphicsInitialized;
      |                   ^~~~~~~~~~~~~~~~~~~
/home/sblo/Dev/soldat-cpp/src/Client.cpp:792:13: error: 'std::string BaseDirectory' conflicts with a previous declaration
  792 | std::string BaseDirectory = "";
      |             ^~~~~~~~~~~~~
/home/sblo/Dev/soldat-cpp/include/Client.h:104:19: note: previous declaration 'using ClientImpl::BaseDirectory'
  104 | using ClientImpl::BaseDirectory;
      |                   ^~~~~~~~~~~~~
/home/sblo/Dev/soldat-cpp/src/Client.cpp:793:13: error: 'std::string UserDirectory' conflicts with a previous declaration
  793 | std::string UserDirectory = "";
      |             ^~~~~~~~~~~~~
/home/sblo/Dev/soldat-cpp/include/Client.h:105:19: note: previous declaration 'using ClientImpl::UserDirectory'
  105 | using ClientImpl::UserDirectory;
      |                   ^~~~~~~~~~~~~
/home/sblo/Dev/soldat-cpp/src/Client.cpp:795:13: error: 'std::string ModDir' conflicts with a previous declaration
  795 | std::string ModDir = "";
      |             ^~~~~~
/home/sblo/Dev/soldat-cpp/include/Client.h:106:19: note: previous declaration 'using ClientImpl::ModDir'
  106 | using ClientImpl::ModDir;
      |                   ^~~~~~
/home/sblo/Dev/soldat-cpp/src/Client.cpp:796:6: error: 'bool UsesServerMod' conflicts with a previous declaration
  796 | bool UsesServerMod = false;
      |      ^~~~~~~~~~~~~
/home/sblo/Dev/soldat-cpp/include/Client.h:107:19: note: previous declaration 'using ClientImpl::UsesServerMod'
  107 | using ClientImpl::UsesServerMod;
      |                   ^~~~~~~~~~~~~
make[2]: *** [CMakeFiles/soldat_server.dir/build.make:93: CMakeFiles/soldat_server.dir/src/Client.cpp.o] Error 1
make[1]: *** [CMakeFiles/Makefile2:188: CMakeFiles/soldat_server.dir/all] Error 2
make: *** [Makefile:136: all] Error 2
